Mono path[0] = 'F:/dev/picklebot/artifacts/hierarchy-v1/precontact-alignment-01/execution-precontact-alignment-build-01/Picklebot_Data/Managed'
Mono config path = 'F:/dev/picklebot/artifacts/hierarchy-v1/precontact-alignment-01/execution-precontact-alignment-build-01/MonoBleedingEdge/etc'
CodeReloadManager initialized
Input System module state changed to: Initialized.
[Physics::Module] Initialized fallback backend.
[Physics::Module] Id: 0xdecafbad
Initialize engine version: 6000.5.5f1 (d16e074b49fd)
[Subsystems] Discovering subsystems at path F:/dev/picklebot/artifacts/hierarchy-v1/precontact-alignment-01/execution-precontact-alignment-build-01/Picklebot_Data/UnitySubsystems
Forcing GfxDevice: Null
GfxDevice: creating device client; kGfxThreadingModeNonThreaded
NullGfxDevice:
    Version:  NULL 1.0 [1.0]
    Renderer: Null Device
    Vendor:   Unity Technologies
Begin MonoManager ReloadAssembly
- Finished resetting the current domain, in  0.023 seconds
[Physics::Module] Selected backend.
[Physics::Module] Name: PhysX
[Physics::Module] Id: 0xf2b8ea05
[Physics::Module] SDK Version: 4.1.2
[Physics::Module] Integration Version: 1.0.0
[Physics::Module] Threading Mode: Multi-Threaded
Microsoft Media Foundation video decoding to texture disabled: graphics device is Null, only Direct3D 11 and Direct3D 12 (only on desktop) are supported for hardware-accelerated video decoding.
UnloadTime: 0.527500 ms
ArgumentException: Execution v1 currently supports solo practice only.
  at Picklebot.PlayerLearning.PlayerWorkerPlanV3.Create (Picklebot.PlayerLearning.PlayerWorkerManifestV3 manifest, System.Int32 workerId) [0x0011d] in <ec1ad9ac1904440b902c070cf5c921c7>:0 
  at Picklebot.PlayerLearning.PlayerHeadlessBootstrapV3.Start () [0x00047] in <ec1ad9ac1904440b902c070cf5c921c7>:0 
UnityEngine.DebugLogHandler:Internal_LogException_Injected(Exception, IntPtr)
UnityEngine.DebugLogHandler:Internal_LogException(Exception, Object)
UnityEngine.DebugLogHandler:LogException(Exception, Object)
UnityEngine.Logger:LogException(Exception, Object)
UnityEngine.Debug:LogException(Exception)
Picklebot.PlayerLearning.PlayerHeadlessBootstrapV3:Fail(Exception)
Picklebot.PlayerLearning.PlayerHeadlessBootstrapV3:Start()

[Physics::Module] Cleanup current backend.
[Physics::Module] Id: 0xf2b8ea05
Input System module state changed to: ShutdownInProgress.
Input Polling Thread exited.
Input System module state changed to: Shutdown.
CodeReloadManager destroyed
