[Licensing::Module] Trying to connect to existing licensing client channel...
Built from '6000.5/staging' branch; Version is '6000.5.5f1 (d16e074b49fd) revision 13725191'; Using compiler version '194234433'; Build Type 'Release'
[Licensing::IpcConnector] Channel LicenseClient-Admin doesn't exist
OS: 'Windows 11  (10.0.26200) Professional' Language: 'en' Physical Memory: 31894 MB
BatchMode: 1, IsHumanControllingUs: 0, StartBugReporterOnCrash: 0, Is64bit: 1
System  architecture: x64
Process architecture: x64
Date: 2026-09-12T08:21:15Z
[Licensing::Module] Successfully launched the LicensingClient (PId: 3200)

COMMAND LINE ARGUMENTS:
C:\Program Files\Unity\Hub\Editor\6000.5.5f1\Editor\Unity.exe
-batchmode
-projectPath
[Licensing::IpcConnector] Successfully connected to: "LicenseClient-Admin" at "2026-09-12T08:21:15.8389565Z"
F:/dev/picklebot
-logFile
F:/dev/picklebot/artifacts/hierarchy-v1/movement-progress-trace-02/editor.log
Successfully changed project path to: F:/dev/picklebot
F:/dev/picklebot
[UnityMemory] Configuration Parameters - Can be set up in boot.config
    "memorysetup-temp-allocator-size-gi-baking-worker=262144"
    "memorysetup-temp-allocator-size-gi-baking-worker=262144"
    "memorysetup-temp-allocator-size-gi-baking-worker=262144"
    "memorysetup-temp-allocator-size-gi-baking-worker=262144"
    "memorysetup-temp-allocator-size-gi-baking-worker=262144"
    "memorysetup-temp-allocator-size-nav-mesh-worker=65536"
    "memorysetup-temp-allocator-size-audio-worker=65536"
    "memorysetup-temp-allocator-size-cloud-worker=32768"
    "memorysetup-temp-allocator-size-gfx=262144"
    "memorysetup-temp-allocator-size-preload-manager=33554432"
    "memorysetup-allocator-temp-initial-block-size-main=262144"
    "memorysetup-allocator-temp-initial-block-size-worker=262144"
    "memorysetup-temp-allocator-size-job-worker=262144"
    "memorysetup-temp-allocator-size-background-worker=32768"
    "memorysetup-bucket-allocator-granularity=16"
    "memorysetup-bucket-allocator-bucket-count=8"
    "memorysetup-bucket-allocator-block-size=33554432"
    "memorysetup-bucket-allocator-block-count=8"
    "memorysetup-main-allocator-block-size=16777216"
    "memorysetup-thread-allocator-block-size=16777216"
    "memorysetup-main-allocator-mimalloc-enabled=0"
    "memorysetup-gfx-main-allocator-block-size=16777216"
    "memorysetup-gfx-thread-allocator-block-size=16777216"
    "memorysetup-cache-allocator-block-size=4194304"
    "memorysetup-typetree-allocator-block-size=2097152"
    "memorysetup-profiler-bucket-allocator-granularity=16"
    "memorysetup-profiler-bucket-allocator-bucket-count=8"
    "memorysetup-profiler-bucket-allocator-block-size=33554432"
    "memorysetup-profiler-bucket-allocator-block-count=8"
    "memorysetup-profiler-allocator-block-size=16777216"
    "memorysetup-profiler-editor-allocator-block-size=1048576"
    "memorysetup-temp-allocator-size-main=16777216"
    "memorysetup-job-temp-allocator-block-size=2097152"
    "memorysetup-job-temp-allocator-block-size-background=1048576"
    "memorysetup-job-temp-allocator-reduction-small-platforms=262144"
Logging is directed to a specific file, skipping project log.Player connection [38256]  Target information:

Player connection [38256]  * "[IP] 192.168.1.47 [Port] 55504 [Flags] 2 [Guid] 3492101628 [EditorId] 3492101628 [Version] 1048832 [Id] WindowsEditor(7,Gem-PC) [Debug] 1 [PackageName] WindowsEditor [ProjectName] Editor" 

Player connection [38256]  * "[IP] 172.30.224.1 [Port] 55504 [Flags] 2 [Guid] 3492101628 [EditorId] 3492101628 [Version] 1048832 [Id] WindowsEditor(7,Gem-PC) [Debug] 1 [PackageName] WindowsEditor [ProjectName] Editor" 

Player connection [38256] Host joined multi-casting on [225.0.0.222:54997]...
Player connection [38256] Host joined alternative multi-casting on [225.0.0.222:34997]...
Input System module state changed to: Initialized.
[Physics::Module] Initialized fallback backend.
[Physics::Module] Id: 0xdecafbad
[Licensing::Client] Code 10 while verifying Licensing Client signature (process Id: 3200, path: "C:/Program Files/Unity/Hub/Editor/6000.5.5f1/Editor/Data/Resources/Licensing/Client/Unity.Licensing.Client.exe")
[Licensing::Module] LicensingClient has failed validation; ignoring
[Licensing::Client] Handshaking with LicensingClient:
  Version:                 1.18.1+9fbee8e
  Session Id:              54a52c8e3e4849fb80e094bf65c72fc6
  Correlation Id:          75dcce24926b2ec4a954b7d3ac0354f1
  External correlation Id: 153006284444379286
  Machine Id:              WRO0hqVMO2onSl3FySEKaGCOIwM=
[Licensing::Module] Successfully connected to LicensingClient on channel: "LicenseClient-Admin" (connect: 0.25s, validation: 0.09s, handshake: 0.04s)
[Licensing::IpcConnector] Successfully connected to: "LicenseClient-Admin-notifications" at "2026-09-12T08:21:15.9736531Z"
[Licensing::Module] Connected to LicensingClient (PId: 3200, launch time: 0.01, total connection time: 0.38s)
[Licensing::Module] Error: Access token is unavailable; failed to update
[Licensing::Client] Successfully resolved entitlement details
[Licensing::Module] License group:
  Id: 18966720664276-UnityPersXXXX
  Product: Unity Personal
  Type: Assigned
  Expiration: Unlimited
[Licensing::Client] Successfully updated license, isAsync: True, time: 0.01
[Licensing::Client] Successfully resolved entitlement details
[Licensing::Module] Licensing Background thread has ended after 0.42s
[Package Manager] Connected to IPC stream "Upm-30204" after 0.2 seconds.
[Licensing::Client] Successfully resolved entitlement details
Library Redirect Path: Library/
[Physics::Module] Selected backend.
[Physics::Module] Name: PhysX
[Physics::Module] Id: 0xf2b8ea05
[Physics::Module] SDK Version: 4.1.2
[Physics::Module] Integration Version: 1.0.0
[Physics::Module] Threading Mode: Multi-Threaded
Initialize engine version: 6000.5.5f1 (d16e074b49fd)
[Subsystems] Discovering subsystems at path C:/Program Files/Unity/Hub/Editor/6000.5.5f1/Editor/Data/Resources/UnitySubsystems
[Subsystems] Discovering subsystems at path F:/dev/picklebot/Assets
GfxDevice: creating device client; kGfxThreadingModeNonThreaded
d3d12: failed to query info queue interface (0x80004002).
Direct3D:
    Version:         Direct3D 12 [level 12.2]
    Renderer:        NVIDIA GeForce RTX 4070 (ID=0x2786)
    Vendor:          NVIDIA
    VRAM:            12010 MB
    App VRAM Budget: 11242 MB
    Driver:          32.0.16.1047
Initialize mono
Mono path[0] = 'C:/Program Files/Unity/Hub/Editor/6000.5.5f1/Editor/Data/Managed'
Mono path[1] = 'C:/Program Files/Unity/Hub/Editor/6000.5.5f1/Editor/Data/BCLExtensions/runtime/netstandard2.1'
Mono path[2] = 'C:/Program Files/Unity/Hub/Editor/6000.5.5f1/Editor/Data/MonoBleedingEdge/lib/mono/unityjit-win32'
Mono config path = 'C:/Program Files/Unity/Hub/Editor/6000.5.5f1/Editor/Data/MonoBleedingEdge/etc'
Using monoOptions --debugger-agent=transport=dt_socket,embedding=1,server=y,suspend=n,address=127.0.0.1:56204
CodeReloadManager initialized
ImportWorker Server TCP listen port: 0
AcceleratorClientConnectionCallback - disconnected - :0
Begin MonoManager ReloadAssembly
Registering precompiled unity dll's ...
Register platform support module: C:/Program Files/Unity/Hub/Editor/6000.5.5f1/Editor/Data/PlaybackEngines/WindowsStandaloneSupport/UnityEditor.WindowsStandalone.Extensions.dll
Registered in 0.001382 seconds.
Native extension for WindowsStandalone target not found
Package Manager log level set to [2]
ScheduleIndexationOnStartup MainProcess:False IndexOnStartup:True
Mono: successfully reloaded assembly
- Finished resetting the current domain, in  0.293 seconds
Domain Reload Profiling: 678ms
	BeginReloadAssembly (106ms)
		CreateAndSetChildDomain (9ms)
	RebuildCommonClasses (4ms)
	RebuildNativeTypeToScriptingClass (13ms)
	initialDomainReloadingComplete (48ms)
	LoadAllAssembliesAndSetupDomain (211ms)
		LoadAssemblies (94ms)
		AnalyzeDomain (154ms)
			TypeCache.Refresh (153ms)
				TypeCache.ScanAssembly (142ms)
	FinalizeReload (296ms)
		SetupLoadedEditorAssemblies (0ms)
			BeforeProcessingInitializeOnLoad (69ms)
			ProcessInitializeOnLoadAttributes (74ms)
			ProcessInitializeOnLoadMethodAttributes (93ms)
[Licensing::Client] Successfully resolved entitlement details
Application.AssetDatabase Initial Refresh Start
[Package Manager] Restoring resolved packages state from cache
[Licensing::Client] Successfully resolved entitlement details
[Package Manager] Registered 22 packages:
  Packages from [https://packages.unity.com]:
    com.unity.ml-agents@4.1.0 (location: F:\dev\picklebot\Library\PackageCache\com.unity.ml-agents@51fac9654958)
    com.unity.pipeline@0.6.0-exp.1 (location: F:\dev\picklebot\Library\PackageCache\com.unity.pipeline@9bb4172c603c)
    com.unity.nuget.mono-cecil@1.11.6 (location: F:\dev\picklebot\Library\PackageCache\com.unity.nuget.mono-cecil@ecb9724e46ff)
    com.unity.nuget.newtonsoft-json@3.2.2 (location: F:\dev\picklebot\Library\PackageCache\com.unity.nuget.newtonsoft-json@4dfd81071c64)
    com.unity.ai.inference@2.6.1 (location: F:\dev\picklebot\Library\PackageCache\com.unity.ai.inference@9a123aee5df7)
    com.unity.burst@1.8.29 (location: F:\dev\picklebot\Library\PackageCache\com.unity.burst@6bb9aca3ef38)
    com.unity.dt.app-ui@2.1.7 (location: F:\dev\picklebot\Library\PackageCache\com.unity.dt.app-ui@b097002a00c2)
    com.unity.test-framework.performance@3.5.0 (location: F:\dev\picklebot\Library\PackageCache\com.unity.test-framework.performance@8b56083ec0f0)
  Built-in packages:
    com.unity.test-framework@1.7.0 (location: F:\dev\picklebot\Library\PackageCache\com.unity.test-framework@1405238725ab)
    com.unity.modules.imgui@1.0.0 (location: F:\dev\picklebot\Library\PackageCache\com.unity.modules.imgui)
    com.unity.modules.jsonserialize@1.0.0 (location: F:\dev\picklebot\Library\PackageCache\com.unity.modules.jsonserialize)
    com.unity.modules.physics@1.0.0 (location: F:\dev\picklebot\Library\PackageCache\com.unity.modules.physics)
    com.unity.ext.nunit@2.1.0 (location: F:\dev\picklebot\Library\PackageCache\com.unity.ext.nunit@44f7d31723bd)
    com.unity.modules.uielements@1.0.0 (location: F:\dev\picklebot\Library\PackageCache\com.unity.modules.uielements)
    com.unity.modules.screencapture@1.0.0 (location: F:\dev\picklebot\Library\PackageCache\com.unity.modules.screencapture)
    com.unity.modules.imageconversion@1.0.0 (location: F:\dev\picklebot\Library\PackageCache\com.unity.modules.imageconversion)
    com.unity.modules.ui@1.0.0 (location: F:\dev\picklebot\Library\PackageCache\com.unity.modules.ui)
    com.unity.modules.hierarchycore@1.0.0 (location: F:\dev\picklebot\Library\PackageCache\com.unity.modules.hierarchycore)
    com.unity.modules.animation@1.0.0 (location: F:\dev\picklebot\Library\PackageCache\com.unity.modules.animation)
    com.unity.collections@6.5.0 (location: F:\dev\picklebot\Library\PackageCache\com.unity.collections@a43cabe808ca)
    com.unity.modules.androidjni@1.0.0 (location: F:\dev\picklebot\Library\PackageCache\com.unity.modules.androidjni)
    com.unity.mathematics@1.4.0 (location: F:\dev\picklebot\Library\PackageCache\com.unity.mathematics@981956d94fb6)
[Subsystems] No new subsystems found in resolved package list.
[Package Manager] Done registering packages in 0.01 seconds
Starting: C:\Program Files\Unity\Hub\Editor\6000.5.5f1\Editor\Data\Tools\BuildPipeline\bee_backend.exe --ipc --defer-dag-verification --dagfile="Library/Bee/1900b0aE.dag" --continue-on-failure --profile="Library/Bee/backend1.traceevents" ScriptAssemblies
WorkingDir: F:/dev/picklebot
DisplayProgressbar: Compiling Scripts
ExitCode: 0 Duration: 0s228ms
[ 794/1041  0s] ILPP-Configuration Library/ilpp-configuration.nevergeneratedoutput
*** Tundra build success (0.19 seconds), 1 items updated, 1041 evaluated
AssetDatabase: script compilation time: 0.571597s
Begin MonoManager ReloadAssembly
Total cache size 101747340
Total cache size after purge 101747340, took 00:00:00.0859337
Native extension for WindowsStandalone target not found
Start HTTP server: port:7800
ScheduleIndexationOnStartup MainProcess:True IndexOnStartup:True
Mono: successfully reloaded assembly
- Finished resetting the current domain, in  2.145 seconds
Domain Reload Profiling: 2744ms
	BeginReloadAssembly (184ms)
		DisableScriptedObjects (16ms)
		CreateAndSetChildDomain (42ms)
	RebuildCommonClasses (7ms)
	RebuildNativeTypeToScriptingClass (13ms)
	initialDomainReloadingComplete (41ms)
	LoadAllAssembliesAndSetupDomain (352ms)
		LoadAssemblies (218ms)
		AnalyzeDomain (144ms)
			TypeCache.Refresh (118ms)
				TypeCache.ScanAssembly (109ms)
			BuildScriptInfoCaches (24ms)
	FinalizeReload (2146ms)
		SetupLoadedEditorAssemblies (0ms)
			BeforeProcessingInitializeOnLoad (87ms)
			ProcessInitializeOnLoadAttributes (1730ms)
			ProcessInitializeOnLoadMethodAttributes (186ms)
			AfterProcessingInitializeOnLoad (7ms)
		AwakeInstancesAfterBackupRestoration (21ms)
Importing 'GUID: 9fdb74b3fe2e23442871dc162763140e - Path: Assets/ML-Agents/Timers/_timers.json' with importer (TextScriptImporter)
Imported 'GUID: 9fdb74b3fe2e23442871dc162763140e' -> (Import Result ID: '14e67356f9a7b35894951e39e1f2d4d1') in 0.007 seconds [static dependencies only]. Details - ImportResultOutputID=f0cba89cb846179b474e15d36c3aca94 DependenciesID=2c89dc2ea05797308ff9f2a6fded1b37 StaticDependenciesID=6744d0eac5d7009a3430b94c82e1ce91 
Starting new worker id: 0 with log in F:/dev/picklebot/Logs/AssetImportWorkerHW0.log

Asset Pipeline Refresh (id=6221d5ad0f506054e9dd664227cba8cc): Total: 3.664 seconds - Initiated by InitialRefreshV2(ForceSynchronousImport)
	(Values over 0.05ms)
	Summary:
		Imports: total=1 (actual=1, local cache=0, cache server=0)
		Asset DB Process Time: managed=1 ms, native=2356 ms
		Asset DB Callback time: managed=57 ms, native=12 ms
		Scripting: domain reloads=1, domain reload time=635 ms, compile time=573 ms, other=26 ms
		Project Asset Count: scripts=623, non-scripts=2651
		Asset File Changes: new=0, changed=1, moved=0, deleted=0
		Scan Filter Count: 0
	InvokePackagesCallback: 10.235ms
	ApplyChangesToAssetFolders: 0.231ms
	Scan: 33.203ms
	Collect global state as custom dependencies: 0.416ms
	OnSourceAssetsModified: 0.626ms
	CategorizeScriptCompilationAssets: 14.019ms
	ProcessAssetsWithTransientArtifactChanges: 25.137ms
	CategorizeAssets: 25.574ms
	CompileScripts: 573.395ms
	ImportOutOfDateAssets: 2194.671ms (2154.838ms without children)
		ImportManagerImport: 8.021ms (0.708ms without children)
		UnloadImportedAssets: 0.108ms
		EnsureUptoDateAssetsAreRegisteredWithGuidPM: 0.255ms
		ImportSchedulerStart: 31.441ms
	PostProcessAllAssets: 58.672ms
		VCAutoAddAssetPostprocess 0.925ms
		XRBuildSystem.XRAssetImported 0.331ms
		MonoPostProcessAllAssets: 57.103ms
			AssetPostprocessor.OnPostprocessAllAssets 24.343ms
			StyleCatalogPostProcessor.OnPostprocessAllAssets 11.245ms
			BuilderAssetPostprocessor.OnPostprocessAllAssets 5.319ms
			WindowAssetPostprocessingWatcher.OnPostprocessAllAssets 2.168ms
			AssetChangedListener.OnPostprocessAllAssets 1.223ms
			SyncVS.PostprocessSyncProject 1.148ms
			RetainedModeAssetPostprocessor.OnPostprocessAllAssets 0.927ms
			EditModeScopePostprocessor.OnPostprocessAllAssets 0.739ms
			SpeedTree9Postprocessor.OnPostprocessAllAssets 0.673ms
			ArtifactBrowserPostProcessor.OnPostprocessAllAssets 0.582ms
			TextAssetPostProcessor.OnPostprocessAllAssets 0.458ms
			AudioMixerPostprocessor.OnPostprocessAllAssets 0.311ms
			ModelAssetProcessor.OnPostprocessAllAssets 0.234ms
			ReferencedClipsPostProcessor.OnPostprocessAllAssets 0.213ms
			TerrainToolbarOverlayPostProcessor.OnPostprocessAllAssets 0.191ms
			AssetEvents.OnPostprocessAllAssets 0.169ms
			ConfigAssetsTracker.OnPostprocessAllAssets 0.159ms
			AssetDatabaseCallbacks.OnPostprocessAllAssets 0.134ms
			SpeedTreePostProcessor.OnPostprocessAllAssets 0.124ms
			ScenarioDriftAssetsTracker.OnPostprocessAllAssets 0.096ms
			AudioContainerPostProcessor.OnPostprocessAllAssets 0.086ms
			RenderPipelineGlobalSettingsPostprocessor.OnPostprocessAllAssets 0.073ms
	PostAssetChangesProfiler: 2.035ms
	UnloadStreamsBegin: 2.089ms
	PersistCurrentRevisions: 0.122ms
	GenerateScriptTypeHashes: 0.836ms
	GenerateScriptTypeSerializationHashes: 1.729ms
	Untracked: 721.285ms

Application.AssetDatabase Initial Refresh End
Launched and connected shader compiler UnityShaderCompiler.exe after 0.01 seconds
Scanning for USB devices : 23.844ms
Initializing Unity extensions:
[MODES] ModeService[none].Initialize
[MODES] ModeService[none].LoadModes
[MODES] Loading mode Default (0) for mode-current-id-picklebot
Unloading 45 Unused Serialized files (Serialized files now loaded: 0)
Unloading 3098 unused Assets / (17.7 MB). Loaded Objects now: 3741.
Memory consumption went from 336.8 MB to 319.1 MB.
Total: 10.455800 ms (FindLiveObjects: 0.212400 ms CreateObjectMapping: 0.522200 ms MarkObjects: 5.532100 ms  DeleteObjects: 4.187300 ms)

[Project] Loading completed in 5.818 seconds
	Project init time: 				5.594 seconds
		Template init time: 		0.000 seconds
		Package Manager init time: 		0.202 seconds
		Asset Database init time: 		0.182 seconds
		Global illumination init time: 	0.002 seconds
		Assemblies load time: 			0.714 seconds
		Unity extensions init time: 	0.007 seconds
		Asset Database refresh time: 	3.665 seconds
	Scene opening time: 			0.090 seconds
##utp:{"type":"ProjectInfo","version":2,"phase":"Immediate","time":1789201281398,"processId":30204,"projectLoad":5.8179318,"projectInit":5.5937929,"templateInit":0.0,"packageManagerInit":0.2019011,"assetDatabaseInit":0.1823528,"globalIlluminationInit":0.0017355,"assembliesLoad":0.7139087,"unityExtensionsInit":0.0073659,"assetDatabaseRefresh":3.6645518,"sceneOpening":0.0902528}
##utp:{"type":"EditorInfo","version":2,"phase":"Immediate","time":1789201281398,"processId":30204,"editorVersion":"6000.5.5f1 (d16e074b49fd)","branch":"6000.5/staging","buildType":"Release","platform":"Windows"}
[Licensing::Client] Successfully resolved entitlement details
Start Indexing on Editor startup
[Indexing] Starting Initial Indexing for Assets
[UnityConnectServicesConfig] config is NOT valid, switching to default
Created GICache directory at C:/Users/Admin/AppData/LocalLow/Unity/Caches/GiCache. Took: 0.005s, timestamps: [5.822 - 5.827]
Worker ready: AssetImportWorkerHW0 0
Unloading 2 Unused Serialized files (Serialized files now loaded: 0)
Unloading 0 unused Assets / (60.2 KB). Loaded Objects now: 3756.
Memory consumption went from 372.0 MB to 372.0 MB.
Total: 25.202500 ms (FindLiveObjects: 0.118600 ms CreateObjectMapping: 0.284500 ms MarkObjects: 24.790400 ms  DeleteObjects: 0.008500 ms)

Entering Playmode with Reload Domain disabled.
If you experience any issues, please disable "Enter Play Mode Options" in Editor Settings
Loaded scene 'Temp/__Backupscenes/0.backup'
	Deserialize:            0.223 ms
	Integration:            177.173 ms
	Integration of assets:  0.003 ms
	Thread Wait Time:       0.008 ms
	Total Operation Time:   177.407 ms
TrimDiskCacheJob: Current cache size 0mb
Registered Communicator in Academy.
UnityEngine.Debug:ExtractStackTraceNoAlloc (byte*,int,string)
UnityEngine.StackTraceUtility:ExtractStackTrace ()
UnityEngine.DebugLogHandler:Internal_Log (UnityEngine.LogType,UnityEngine.LogOption,string,UnityEngine.Object)
UnityEngine.DebugLogHandler:LogFormat (UnityEngine.LogType,UnityEngine.Object,string,object[])
UnityEngine.Logger:Log (UnityEngine.LogType,object)
UnityEngine.Debug:Log (object)
Unity.MLAgents.Academy:.ctor () (at ./Library/PackageCache/com.unity.ml-agents@51fac9654958/Runtime/Academy.cs:257)
Unity.MLAgents.Academy/<>c:<.cctor>b__86_0 () (at ./Library/PackageCache/com.unity.ml-agents@51fac9654958/Runtime/Academy.cs:117)
System.Lazy`1<Unity.MLAgents.Academy>:ViaFactory (System.Threading.LazyThreadSafetyMode)
System.Lazy`1<Unity.MLAgents.Academy>:ExecutionAndPublication (System.LazyHelper,bool)
System.Lazy`1<Unity.MLAgents.Academy>:CreateValue ()
System.Lazy`1<Unity.MLAgents.Academy>:get_Value ()
Unity.MLAgents.Academy:get_Instance () (at ./Library/PackageCache/com.unity.ml-agents@51fac9654958/Runtime/Academy.cs:132)
Picklebot.PlayerLearning.PlayerMlDrillsV3:InitializeRun () (at Assets/Picklebot/PlayerLearning/PlayerMlDrillsV3.cs:465)
PipelineEvaluation.PipelineEval_ed0ad019:Execute ()
System.Reflection.RuntimeMethodInfo:Invoke (object,System.Reflection.BindingFlags,System.Reflection.Binder,object[],System.Globalization.CultureInfo)
System.Reflection.MethodBase:Invoke (object,object[])
Unity.Pipeline.Compilation.EvalCodeCompiler:ExecuteCompiledAssembly (System.Reflection.Assembly) (at ./Library/PackageCache/com.unity.pipeline@9bb4172c603c/Runtime/Compilation/EvalCodeCompiler.cs:190)
Unity.Pipeline.Compilation.EvalCodeCompiler:CompileAndExecuteOnMainThread (string,int,System.Diagnostics.Stopwatch) (at ./Library/PackageCache/com.unity.pipeline@9bb4172c603c/Runtime/Compilation/EvalCodeCompiler.cs:54)
Unity.Pipeline.Runtime.Commands.CodeEvalCommand:EvaluateSource (string,int,string) (at ./Library/PackageCache/com.unity.pipeline@9bb4172c603c/Runtime/Commands/CodeEvalCommand.cs:112)
Unity.Pipeline.Runtime.Commands.CodeEvalCommand:EvaluateFile (string,int) (at ./Library/PackageCache/com.unity.pipeline@9bb4172c603c/Runtime/Commands/CodeEvalCommand.cs:54)
System.Reflection.RuntimeMethodInfo:Invoke (object,System.Reflection.BindingFlags,System.Reflection.Binder,object[],System.Globalization.CultureInfo)
System.Reflection.MethodBase:Invoke (object,object[])
Unity.Pipeline.BasePipelineServer:ExecuteCommandDirect (Unity.Pipeline.Commands.CommandInfo,object[]) (at ./Library/PackageCache/com.unity.pipeline@9bb4172c603c/Runtime/Common/BasePipelineServer.cs:2632)
Unity.Pipeline.BasePipelineServer/<>c__DisplayClass134_0:<ExecuteCommand>b__1 () (at ./Library/PackageCache/com.unity.pipeline@9bb4172c603c/Runtime/Common/BasePipelineServer.cs:2508)
Unity.Pipeline.Threading.Dispatcher/WorkItem`1<object>:ExecuteCore () (at ./Library/PackageCache/com.unity.pipeline@9bb4172c603c/Runtime/Common/Dispatcher.cs:284)
Unity.Pipeline.Threading.Dispatcher/WorkItem:Execute () (at ./Library/PackageCache/com.unity.pipeline@9bb4172c603c/Runtime/Common/Dispatcher.cs:229)
Unity.Pipeline.Threading.Dispatcher:ProcessWorkQueue (int) (at ./Library/PackageCache/com.unity.pipeline@9bb4172c603c/Runtime/Common/Dispatcher.cs:195)
Unity.Pipeline.Threading.Dispatcher:ProcessWorkQueue () (at ./Library/PackageCache/com.unity.pipeline@9bb4172c603c/Runtime/Common/Dispatcher.cs:210)
UnityEditor.EditorApplication:Internal_CallUpdateFunctions ()

(Filename: ./Library/PackageCache/com.unity.ml-agents@51fac9654958/Runtime/Academy.cs Line: 257)

Couldn't connect to trainer on port 5004 using API version 1.5.0. Will perform inference instead.
UnityEngine.Debug:ExtractStackTraceNoAlloc (byte*,int,string)
UnityEngine.StackTraceUtility:ExtractStackTrace ()
UnityEngine.DebugLogHandler:Internal_Log (UnityEngine.LogType,UnityEngine.LogOption,string,UnityEngine.Object)
UnityEngine.DebugLogHandler:LogFormat (UnityEngine.LogType,UnityEngine.Object,string,object[])
UnityEngine.Logger:Log (UnityEngine.LogType,object)
UnityEngine.Debug:Log (object)
Unity.MLAgents.Academy:InitializeEnvironment () (at ./Library/PackageCache/com.unity.ml-agents@51fac9654958/Runtime/Academy.cs:478)
Unity.MLAgents.Academy:LazyInitialize () (at ./Library/PackageCache/com.unity.ml-agents@51fac9654958/Runtime/Academy.cs:293)
Unity.MLAgents.Academy:.ctor () (at ./Library/PackageCache/com.unity.ml-agents@51fac9654958/Runtime/Academy.cs:261)
Unity.MLAgents.Academy/<>c:<.cctor>b__86_0 () (at ./Library/PackageCache/com.unity.ml-agents@51fac9654958/Runtime/Academy.cs:117)
System.Lazy`1<Unity.MLAgents.Academy>:ViaFactory (System.Threading.LazyThreadSafetyMode)
System.Lazy`1<Unity.MLAgents.Academy>:ExecutionAndPublication (System.LazyHelper,bool)
System.Lazy`1<Unity.MLAgents.Academy>:CreateValue ()
System.Lazy`1<Unity.MLAgents.Academy>:get_Value ()
Unity.MLAgents.Academy:get_Instance () (at ./Library/PackageCache/com.unity.ml-agents@51fac9654958/Runtime/Academy.cs:132)
Picklebot.PlayerLearning.PlayerMlDrillsV3:InitializeRun () (at Assets/Picklebot/PlayerLearning/PlayerMlDrillsV3.cs:465)
PipelineEvaluation.PipelineEval_ed0ad019:Execute ()
System.Reflection.RuntimeMethodInfo:Invoke (object,System.Reflection.BindingFlags,System.Reflection.Binder,object[],System.Globalization.CultureInfo)
System.Reflection.MethodBase:Invoke (object,object[])
Unity.Pipeline.Compilation.EvalCodeCompiler:ExecuteCompiledAssembly (System.Reflection.Assembly) (at ./Library/PackageCache/com.unity.pipeline@9bb4172c603c/Runtime/Compilation/EvalCodeCompiler.cs:190)
Unity.Pipeline.Compilation.EvalCodeCompiler:CompileAndExecuteOnMainThread (string,int,System.Diagnostics.Stopwatch) (at ./Library/PackageCache/com.unity.pipeline@9bb4172c603c/Runtime/Compilation/EvalCodeCompiler.cs:54)
Unity.Pipeline.Runtime.Commands.CodeEvalCommand:EvaluateSource (string,int,string) (at ./Library/PackageCache/com.unity.pipeline@9bb4172c603c/Runtime/Commands/CodeEvalCommand.cs:112)
Unity.Pipeline.Runtime.Commands.CodeEvalCommand:EvaluateFile (string,int) (at ./Library/PackageCache/com.unity.pipeline@9bb4172c603c/Runtime/Commands/CodeEvalCommand.cs:54)
System.Reflection.RuntimeMethodInfo:Invoke (object,System.Reflection.BindingFlags,System.Reflection.Binder,object[],System.Globalization.CultureInfo)
System.Reflection.MethodBase:Invoke (object,object[])
Unity.Pipeline.BasePipelineServer:ExecuteCommandDirect (Unity.Pipeline.Commands.CommandInfo,object[]) (at ./Library/PackageCache/com.unity.pipeline@9bb4172c603c/Runtime/Common/BasePipelineServer.cs:2632)
Unity.Pipeline.BasePipelineServer/<>c__DisplayClass134_0:<ExecuteCommand>b__1 () (at ./Library/PackageCache/com.unity.pipeline@9bb4172c603c/Runtime/Common/BasePipelineServer.cs:2508)
Unity.Pipeline.Threading.Dispatcher/WorkItem`1<object>:ExecuteCore () (at ./Library/PackageCache/com.unity.pipeline@9bb4172c603c/Runtime/Common/Dispatcher.cs:284)
Unity.Pipeline.Threading.Dispatcher/WorkItem:Execute () (at ./Library/PackageCache/com.unity.pipeline@9bb4172c603c/Runtime/Common/Dispatcher.cs:229)
Unity.Pipeline.Threading.Dispatcher:ProcessWorkQueue (int) (at ./Library/PackageCache/com.unity.pipeline@9bb4172c603c/Runtime/Common/Dispatcher.cs:195)
Unity.Pipeline.Threading.Dispatcher:ProcessWorkQueue () (at ./Library/PackageCache/com.unity.pipeline@9bb4172c603c/Runtime/Common/Dispatcher.cs:210)
UnityEditor.EditorApplication:Internal_CallUpdateFunctions ()

(Filename: ./Library/PackageCache/com.unity.ml-agents@51fac9654958/Runtime/Academy.cs Line: 478)

Unloading 3 Unused Serialized files (Serialized files now loaded: 0)
Loaded scene 'Temp/__Backupscenes/0.backup'
	Deserialize:            0.200 ms
	Integration:            172.442 ms
	Integration of assets:  0.001 ms
	Thread Wait Time:       0.012 ms
	Total Operation Time:   172.656 ms
Unloading 4 unused Assets / (103.1 KB). Loaded Objects now: 3760.
Memory consumption went from 1.00 GB to 1.00 GB.
Total: 27.121400 ms (FindLiveObjects: 0.189000 ms CreateObjectMapping: 0.231500 ms MarkObjects: 26.590600 ms  DeleteObjects: 0.109800 ms)

[Licensing::Client] Successfully resolved entitlement details
Unloading 0 Unused Serialized files (Serialized files now loaded: 0)
Unloading 0 unused Assets / (0 B). Loaded Objects now: 3761.
Memory consumption went from 1.00 GB to 1.00 GB.
Total: 26.245700 ms (FindLiveObjects: 0.117200 ms CreateObjectMapping: 0.220900 ms MarkObjects: 25.900600 ms  DeleteObjects: 0.006200 ms)

MonoPathRemapper: Attempts to remap: 43086; Successful remaps: 14140
Serialized file version minimum: 23, current 23
Pipeline Server stopped
Importing 'GUID: 0000000000000000b000000000000000 - Path: ProjectSettings/EditorBuildSettings.asset' with importer (LibraryAssetImporter)
Imported 'GUID: 0000000000000000b000000000000000' -> (Import Result ID: '5c006c7924a70f7f4cd4c93808ec2505') in 0.001 seconds [static dependencies only]. Details - ImportResultOutputID=4647dd083cfc32cebcd7526e8846440c DependenciesID=ebb3ab2f936a5acf9da66549982eae23 StaticDependenciesID=153b03eedb78800a229a3c43fe6e1cd9 
Asset Pipeline Refresh (id=0bd9009e1ecdac349b0f272390ccc346): Total: 0.040 seconds - Initiated by StopAssetImportingV2(NoUpdateAssetOptions)
[Physics::Module] Cleanup current backend.
[Physics::Module] Id: 0xf2b8ea05
Input System module state changed to: ShutdownInProgress.
Input Polling Thread exited.
Input System module state changed to: Shutdown.
[Licensing::IpcConnector] LicenseClient-Admin-notifications channel disconnected successfully.
[Licensing::IpcConnector] LicenseClient-Admin channel disconnected successfully.
AcceleratorClientConnectionCallback - disconnected - :0
Cleanup mono
CodeReloadManager destroyed
Checking for leaked weakptr:
  Found no leaked weakptrs.
[Package Manager] Server process was shutdown
##utp:{"type":"MemoryLeaks","version":2,"phase":"Immediate","time":1789201420185,"processId":30204,"allocatedMemory":17524633,"memoryLabels":[{"Default":203422},{"Permanent":15516},{"NewDelete":66835},{"Thread":4205176},{"Manager":823653},{"VertexData":8},{"Geometry":816},{"Texture":24},{"Shader":840862},{"Material":24},{"GfxDevice":57368},{"Animation":952},{"Audio":1544},{"FreeType":8},{"FontEngine":736},{"Physics":2146},{"Physics2D":16},{"Serialization":1080},{"Input":42840},{"JobScheduler":256},{"TextLib":280},{"Mono":48},{"ScriptingNativeRuntime":1728196},{"BaseObject":1621896},{"Resource":1208},{"Renderer":3080},{"Transform":4685},{"File":1032},{"WebCam":616},{"Culling":32},{"Terrain":11442},{"Wind":24},{"STL":40},{"String":14518},{"StaticString":3808},{"Utility":2673782},{"Curl":2478},{"PoolAlloc":2840},{"AI":80},{"TypeTree":14869},{"CodeReload":448},{"RuntimeInitializeOnLoadManager":64},{"Sprites":102},{"SpriteAtlas":120},{"GI":7816},{"Director":8296},{"CloudService":7240},{"WebRequest":5461},{"VR":47114},{"SceneManager":608},{"Video":208},{"LazyScriptCache":32},{"Camera":17},{"Secure":2377},{"SerializationCache":1576},{"APIUpdating":10320},{"Subsystems":336},{"VirtualTexturing":57888},{"StaticSafetyDebugInfo":278528},{"Analytics":552},{"Hierarchy":1176},{"UIElements":72},{"CoreStats":13688},{"Identifiers":6768},{"Gui":128},{"EditorUtility":170653},{"VersionControl":8},{"Undo":931},{"AssetDatabase":4497432},{"AssetImporter":40},{"EditorGi":328},{"UnityConnect":38929},{"Upm":1912},{"UpmDiagnostics":8},{"AssetCompliance":64},{"DrivenProperties":72},{"LocalIPC":211},{"ProfilerEditor":9746},{"CoreBusinessMetrics":3480},{"Windowing":456},{"Licensing":1232},{"AssetReference":32},{"IPCStream":32}]}
