[Licensing::Module] Trying to connect to existing licensing client channel...
Built from '6000.5/staging' branch; Version is '6000.5.5f1 (d16e074b49fd) revision 13725191'; Using compiler version '194234433'; Build Type 'Release'
[Licensing::IpcConnector] Channel LicenseClient-Admin doesn't exist
OS: 'Windows 11  (10.0.26200) Professional' Language: 'en' Physical Memory: 31894 MB
BatchMode: 1, IsHumanControllingUs: 0, StartBugReporterOnCrash: 0, Is64bit: 1
System  architecture: x64
Process architecture: x64
Date: 2026-09-12T08:03:44Z
[Licensing::Module] Successfully launched the LicensingClient (PId: 38688)

COMMAND LINE ARGUMENTS:
C:\Program Files\Unity\Hub\Editor\6000.5.5f1\Editor\Unity.exe
-batchmode
-projectPath
F:/dev/picklebot
-logFile
F:/dev/picklebot/artifacts/hierarchy-v1/movement-progress-01/candidate-editor.log
Successfully changed project path to: F:/dev/picklebot
F:/dev/picklebot
[Licensing::IpcConnector] Successfully connected to: "LicenseClient-Admin" at "2026-09-12T08:03:44.3698391Z"
[UnityMemory] Configuration Parameters - Can be set up in boot.config
    "memorysetup-temp-allocator-size-gi-baking-worker=262144"
    "memorysetup-temp-allocator-size-gi-baking-worker=262144"
    "memorysetup-temp-allocator-size-gi-baking-worker=262144"
    "memorysetup-temp-allocator-size-gi-baking-worker=262144"
    "memorysetup-temp-allocator-size-gi-baking-worker=262144"
    "memorysetup-temp-allocator-size-nav-mesh-worker=65536"
    "memorysetup-temp-allocator-size-audio-worker=65536"
    "memorysetup-temp-allocator-size-cloud-worker=32768"
    "memorysetup-temp-allocator-size-gfx=262144"
    "memorysetup-temp-allocator-size-preload-manager=33554432"
    "memorysetup-allocator-temp-initial-block-size-main=262144"
    "memorysetup-allocator-temp-initial-block-size-worker=262144"
    "memorysetup-temp-allocator-size-job-worker=262144"
    "memorysetup-temp-allocator-size-background-worker=32768"
    "memorysetup-bucket-allocator-granularity=16"
    "memorysetup-bucket-allocator-bucket-count=8"
    "memorysetup-bucket-allocator-block-size=33554432"
    "memorysetup-bucket-allocator-block-count=8"
    "memorysetup-main-allocator-block-size=16777216"
    "memorysetup-thread-allocator-block-size=16777216"
    "memorysetup-main-allocator-mimalloc-enabled=0"
    "memorysetup-gfx-main-allocator-block-size=16777216"
    "memorysetup-gfx-thread-allocator-block-size=16777216"
    "memorysetup-cache-allocator-block-size=4194304"
    "memorysetup-typetree-allocator-block-size=2097152"
    "memorysetup-profiler-bucket-allocator-granularity=16"
    "memorysetup-profiler-bucket-allocator-bucket-count=8"
    "memorysetup-profiler-bucket-allocator-block-size=33554432"
    "memorysetup-profiler-bucket-allocator-block-count=8"
    "memorysetup-profiler-allocator-block-size=16777216"
    "memorysetup-profiler-editor-allocator-block-size=1048576"
    "memorysetup-temp-allocator-size-main=16777216"
    "memorysetup-job-temp-allocator-block-size=2097152"
    "memorysetup-job-temp-allocator-block-size-background=1048576"
    "memorysetup-job-temp-allocator-reduction-small-platforms=262144"
Logging is directed to a specific file, skipping project log.Player connection [38292]  Target information:

Player connection [38292]  * "[IP] 192.168.1.47 [Port] 55504 [Flags] 2 [Guid] 4183594626 [EditorId] 4183594626 [Version] 1048832 [Id] WindowsEditor(7,Gem-PC) [Debug] 1 [PackageName] WindowsEditor [ProjectName] Editor" 

Player connection [38292]  * "[IP] 172.30.224.1 [Port] 55504 [Flags] 2 [Guid] 4183594626 [EditorId] 4183594626 [Version] 1048832 [Id] WindowsEditor(7,Gem-PC) [Debug] 1 [PackageName] WindowsEditor [ProjectName] Editor" 

Player connection [38292] Host joined multi-casting on [225.0.0.222:54997]...
Player connection [38292] Host joined alternative multi-casting on [225.0.0.222:34997]...
Input System module state changed to: Initialized.
[Physics::Module] Initialized fallback backend.
[Physics::Module] Id: 0xdecafbad
[Licensing::Client] Code 10 while verifying Licensing Client signature (process Id: 38688, path: "C:/Program Files/Unity/Hub/Editor/6000.5.5f1/Editor/Data/Resources/Licensing/Client/Unity.Licensing.Client.exe")
[Licensing::Module] LicensingClient has failed validation; ignoring
[Licensing::Client] Handshaking with LicensingClient:
  Version:                 1.18.1+9fbee8e
  Session Id:              f305ee35880b417f99ab0c5d26aecede
  Correlation Id:          80ad4d0785bc821eb86d2a4cdbd4ec38
  External correlation Id: 8019366088529733190
  Machine Id:              WRO0hqVMO2onSl3FySEKaGCOIwM=
[Licensing::Module] Successfully connected to LicensingClient on channel: "LicenseClient-Admin" (connect: 0.24s, validation: 0.13s, handshake: 0.04s)
[Licensing::IpcConnector] Successfully connected to: "LicenseClient-Admin-notifications" at "2026-09-12T08:03:44.5410961Z"
[Licensing::Module] Connected to LicensingClient (PId: 38688, launch time: 0.01, total connection time: 0.42s)
[Licensing::Module] Error: Access token is unavailable; failed to update
[Licensing::Client] Successfully resolved entitlement details
[Licensing::Module] License group:
  Id: 18966720664276-UnityPersXXXX
  Product: Unity Personal
  Type: Assigned
  Expiration: Unlimited
[Licensing::Client] Successfully updated license, isAsync: True, time: 0.01
[Licensing::Client] Successfully resolved entitlement details
[Licensing::Module] Licensing Background thread has ended after 0.45s
[Package Manager] Connected to IPC stream "Upm-39580" after 0.2 seconds.
[Licensing::Client] Successfully resolved entitlement details
Library Redirect Path: Library/
[Physics::Module] Selected backend.
[Physics::Module] Name: PhysX
[Physics::Module] Id: 0xf2b8ea05
[Physics::Module] SDK Version: 4.1.2
[Physics::Module] Integration Version: 1.0.0
[Physics::Module] Threading Mode: Multi-Threaded
Artifact Garbage Collection - Removed 3 unused hashed content files
Initialize engine version: 6000.5.5f1 (d16e074b49fd)
[Subsystems] Discovering subsystems at path C:/Program Files/Unity/Hub/Editor/6000.5.5f1/Editor/Data/Resources/UnitySubsystems
[Subsystems] Discovering subsystems at path F:/dev/picklebot/Assets
GfxDevice: creating device client; kGfxThreadingModeNonThreaded
d3d12: failed to query info queue interface (0x80004002).
Direct3D:
    Version:         Direct3D 12 [level 12.2]
    Renderer:        NVIDIA GeForce RTX 4070 (ID=0x2786)
    Vendor:          NVIDIA
    VRAM:            12010 MB
    App VRAM Budget: 11242 MB
    Driver:          32.0.16.1047
Initialize mono
Mono path[0] = 'C:/Program Files/Unity/Hub/Editor/6000.5.5f1/Editor/Data/Managed'
Mono path[1] = 'C:/Program Files/Unity/Hub/Editor/6000.5.5f1/Editor/Data/BCLExtensions/runtime/netstandard2.1'
Mono path[2] = 'C:/Program Files/Unity/Hub/Editor/6000.5.5f1/Editor/Data/MonoBleedingEdge/lib/mono/unityjit-win32'
Mono config path = 'C:/Program Files/Unity/Hub/Editor/6000.5.5f1/Editor/Data/MonoBleedingEdge/etc'
Using monoOptions --debugger-agent=transport=dt_socket,embedding=1,server=y,suspend=n,address=127.0.0.1:56580
CodeReloadManager initialized
ImportWorker Server TCP listen port: 0
AcceleratorClientConnectionCallback - disconnected - :0
Begin MonoManager ReloadAssembly
Registering precompiled unity dll's ...
Register platform support module: C:/Program Files/Unity/Hub/Editor/6000.5.5f1/Editor/Data/PlaybackEngines/WindowsStandaloneSupport/UnityEditor.WindowsStandalone.Extensions.dll
Registered in 0.001492 seconds.
Native extension for WindowsStandalone target not found
Package Manager log level set to [2]
ScheduleIndexationOnStartup MainProcess:False IndexOnStartup:True
Mono: successfully reloaded assembly
- Finished resetting the current domain, in  0.280 seconds
Domain Reload Profiling: 654ms
	BeginReloadAssembly (108ms)
		CreateAndSetChildDomain (17ms)
	RebuildCommonClasses (4ms)
	RebuildNativeTypeToScriptingClass (13ms)
	initialDomainReloadingComplete (47ms)
	LoadAllAssembliesAndSetupDomain (201ms)
		LoadAssemblies (88ms)
		AnalyzeDomain (146ms)
			TypeCache.Refresh (146ms)
				TypeCache.ScanAssembly (135ms)
	FinalizeReload (282ms)
		SetupLoadedEditorAssemblies (0ms)
			BeforeProcessingInitializeOnLoad (66ms)
			ProcessInitializeOnLoadAttributes (71ms)
			ProcessInitializeOnLoadMethodAttributes (86ms)
[Licensing::Client] Successfully resolved entitlement details
Application.AssetDatabase Initial Refresh Start
[Package Manager] Restoring resolved packages state from cache
[Licensing::Client] Successfully resolved entitlement details
[Package Manager] Registered 22 packages:
  Packages from [https://packages.unity.com]:
    com.unity.ml-agents@4.1.0 (location: F:\dev\picklebot\Library\PackageCache\com.unity.ml-agents@51fac9654958)
    com.unity.pipeline@0.6.0-exp.1 (location: F:\dev\picklebot\Library\PackageCache\com.unity.pipeline@9bb4172c603c)
    com.unity.nuget.mono-cecil@1.11.6 (location: F:\dev\picklebot\Library\PackageCache\com.unity.nuget.mono-cecil@ecb9724e46ff)
    com.unity.nuget.newtonsoft-json@3.2.2 (location: F:\dev\picklebot\Library\PackageCache\com.unity.nuget.newtonsoft-json@4dfd81071c64)
    com.unity.ai.inference@2.6.1 (location: F:\dev\picklebot\Library\PackageCache\com.unity.ai.inference@9a123aee5df7)
    com.unity.burst@1.8.29 (location: F:\dev\picklebot\Library\PackageCache\com.unity.burst@6bb9aca3ef38)
    com.unity.dt.app-ui@2.1.7 (location: F:\dev\picklebot\Library\PackageCache\com.unity.dt.app-ui@b097002a00c2)
    com.unity.test-framework.performance@3.5.0 (location: F:\dev\picklebot\Library\PackageCache\com.unity.test-framework.performance@8b56083ec0f0)
  Built-in packages:
    com.unity.test-framework@1.7.0 (location: F:\dev\picklebot\Library\PackageCache\com.unity.test-framework@1405238725ab)
    com.unity.modules.imgui@1.0.0 (location: F:\dev\picklebot\Library\PackageCache\com.unity.modules.imgui)
    com.unity.modules.jsonserialize@1.0.0 (location: F:\dev\picklebot\Library\PackageCache\com.unity.modules.jsonserialize)
    com.unity.modules.physics@1.0.0 (location: F:\dev\picklebot\Library\PackageCache\com.unity.modules.physics)
    com.unity.ext.nunit@2.1.0 (location: F:\dev\picklebot\Library\PackageCache\com.unity.ext.nunit@44f7d31723bd)
    com.unity.modules.uielements@1.0.0 (location: F:\dev\picklebot\Library\PackageCache\com.unity.modules.uielements)
    com.unity.modules.screencapture@1.0.0 (location: F:\dev\picklebot\Library\PackageCache\com.unity.modules.screencapture)
    com.unity.modules.imageconversion@1.0.0 (location: F:\dev\picklebot\Library\PackageCache\com.unity.modules.imageconversion)
    com.unity.modules.ui@1.0.0 (location: F:\dev\picklebot\Library\PackageCache\com.unity.modules.ui)
    com.unity.modules.hierarchycore@1.0.0 (location: F:\dev\picklebot\Library\PackageCache\com.unity.modules.hierarchycore)
    com.unity.modules.animation@1.0.0 (location: F:\dev\picklebot\Library\PackageCache\com.unity.modules.animation)
    com.unity.collections@6.5.0 (location: F:\dev\picklebot\Library\PackageCache\com.unity.collections@a43cabe808ca)
    com.unity.modules.androidjni@1.0.0 (location: F:\dev\picklebot\Library\PackageCache\com.unity.modules.androidjni)
    com.unity.mathematics@1.4.0 (location: F:\dev\picklebot\Library\PackageCache\com.unity.mathematics@981956d94fb6)
[Subsystems] No new subsystems found in resolved package list.
[Package Manager] Done registering packages in 0.01 seconds
Starting: C:\Program Files\Unity\Hub\Editor\6000.5.5f1\Editor\Data\Tools\BuildPipeline\bee_backend.exe --ipc --defer-dag-verification --dagfile="Library/Bee/1900b0aE.dag" --continue-on-failure --profile="Library/Bee/backend1.traceevents" ScriptAssemblies
WorkingDir: F:/dev/picklebot
DisplayProgressbar: Compiling Scripts
ExitCode: 0 Duration: 0s226ms
[ 361/1041  0s] WriteResponseFile Library/Bee/artifacts/rsp/4747638433968585886.rsp
[ 794/1041  0s] ILPP-Configuration Library/ilpp-configuration.nevergeneratedoutput
*** Tundra build success (0.19 seconds), 2 items updated, 1041 evaluated
AssetDatabase: script compilation time: 0.565640s
Begin MonoManager ReloadAssembly
Total cache size 101747340
Total cache size after purge 101747340, took 00:00:00.0856919
Native extension for WindowsStandalone target not found
Start HTTP server: port:7800
ScheduleIndexationOnStartup MainProcess:True IndexOnStartup:True
Mono: successfully reloaded assembly
- Finished resetting the current domain, in  2.041 seconds
Domain Reload Profiling: 2628ms
	BeginReloadAssembly (181ms)
		DisableScriptedObjects (17ms)
		CreateAndSetChildDomain (41ms)
	RebuildCommonClasses (7ms)
	RebuildNativeTypeToScriptingClass (13ms)
	initialDomainReloadingComplete (39ms)
	LoadAllAssembliesAndSetupDomain (346ms)
		LoadAssemblies (210ms)
		AnalyzeDomain (145ms)
			TypeCache.Refresh (120ms)
				TypeCache.ScanAssembly (110ms)
			BuildScriptInfoCaches (23ms)
	FinalizeReload (2041ms)
		SetupLoadedEditorAssemblies (0ms)
			BeforeProcessingInitializeOnLoad (87ms)
			ProcessInitializeOnLoadAttributes (1653ms)
			ProcessInitializeOnLoadMethodAttributes (159ms)
			AfterProcessingInitializeOnLoad (8ms)
		AwakeInstancesAfterBackupRestoration (24ms)
Importing 'GUID: 6d04f639cd5dfeb47aaacf94047f78db - Path: Assets/Picklebot/PlayerLearning/Models/ExecutionV1MovementProgressFinal01.onnx' with importer (ScriptedImporter : Unity.InferenceEngine.Editor:Unity.InferenceEngine.Editor.Onnx:ONNXModelImporter)
Imported 'GUID: 6d04f639cd5dfeb47aaacf94047f78db' -> (Import Result ID: '7d5c43dec013ba5cc7aec7f541b82e07') in 1.293 seconds [static and dynamic dependencies]. Details - ImportResultOutputID=858a9994925a1bee25d3c1fa876096e7 DependenciesID=50efae9d0c545e5672aa69ab361ea3c1 StaticDependenciesID=45c4bab0aa1f6f38ce5cae3642372f7f 
Starting new worker id: 0 with log in F:/dev/picklebot/Logs/AssetImportWorkerHW0.log

Asset Pipeline Refresh (id=5b55ebc45acb9a74fb077d42b68ed913): Total: 4.826 seconds - Initiated by InitialRefreshV2(ForceSynchronousImport)
	(Values over 0.05ms)
	Summary:
		Imports: total=1 (actual=1, local cache=0, cache server=0)
		Asset DB Process Time: managed=1 ms, native=3534 ms
		Asset DB Callback time: managed=61 ms, native=12 ms
		Scripting: domain reloads=1, domain reload time=623 ms, compile time=568 ms, other=25 ms
		Project Asset Count: scripts=623, non-scripts=2651
		Asset File Changes: new=1, changed=1, moved=0, deleted=0
		Scan Filter Count: 0
	InvokePackagesCallback: 10.193ms
	ApplyChangesToAssetFolders: 0.223ms
	Scan: 34.281ms
	Collect global state as custom dependencies: 0.413ms
	OnSourceAssetsModified: 0.482ms
	CategorizeScriptCompilationAssets: 15.034ms
	ProcessAssetsWithTransientArtifactChanges: 23.434ms
	CategorizeAssets: 23.754ms
	CompileScripts: 567.510ms
	ImportOutOfDateAssets: 3376.199ms (2049.885ms without children)
		ImportManagerImport: 1294.208ms (0.921ms without children)
		UnloadImportedAssets: 0.100ms
		EnsureUptoDateAssetsAreRegisteredWithGuidPM: 0.235ms
		ImportSchedulerStart: 31.762ms
	PostProcessAllAssets: 60.831ms
		XRBuildSystem.XRAssetImported 0.262ms
		MonoPostProcessAllAssets: 60.173ms
			AssetPostprocessor.OnPostprocessAllAssets 25.099ms
			StyleCatalogPostProcessor.OnPostprocessAllAssets 10.830ms
			BuilderAssetPostprocessor.OnPostprocessAllAssets 8.462ms
			WindowAssetPostprocessingWatcher.OnPostprocessAllAssets 2.080ms
			SyncVS.PostprocessSyncProject 1.490ms
			AssetChangedListener.OnPostprocessAllAssets 0.986ms
			RetainedModeAssetPostprocessor.OnPostprocessAllAssets 0.946ms
			EditModeScopePostprocessor.OnPostprocessAllAssets 0.750ms
			SpeedTree9Postprocessor.OnPostprocessAllAssets 0.638ms
			ArtifactBrowserPostProcessor.OnPostprocessAllAssets 0.505ms
			TextAssetPostProcessor.OnPostprocessAllAssets 0.493ms
			AudioMixerPostprocessor.OnPostprocessAllAssets 0.254ms
			ModelAssetProcessor.OnPostprocessAllAssets 0.247ms
			ReferencedClipsPostProcessor.OnPostprocessAllAssets 0.217ms
			TerrainToolbarOverlayPostProcessor.OnPostprocessAllAssets 0.209ms
			AssetEvents.OnPostprocessAllAssets 0.173ms
			AssetDatabaseCallbacks.OnPostprocessAllAssets 0.146ms
			SpeedTreePostProcessor.OnPostprocessAllAssets 0.125ms
			ConfigAssetsTracker.OnPostprocessAllAssets 0.113ms
			ScenarioDriftAssetsTracker.OnPostprocessAllAssets 0.099ms
			RenderPipelineGlobalSettingsPostprocessor.OnPostprocessAllAssets 0.077ms
			AudioContainerPostProcessor.OnPostprocessAllAssets 0.058ms
	PostAssetChangesProfiler: 4.136ms
	UnloadStreamsBegin: 1.783ms
	PersistCurrentRevisions: 0.148ms
	GenerateScriptTypeHashes: 0.667ms
	GenerateScriptTypeSerializationHashes: 1.403ms
	Untracked: 705.500ms

Application.AssetDatabase Initial Refresh End
Launched and connected shader compiler UnityShaderCompiler.exe after 0.01 seconds
Scanning for USB devices : 24.549ms
Initializing Unity extensions:
[MODES] ModeService[none].Initialize
[MODES] ModeService[none].LoadModes
[MODES] Loading mode Default (0) for mode-current-id-picklebot
Unloading 45 Unused Serialized files (Serialized files now loaded: 0)
Unloading 3098 unused Assets / (17.7 MB). Loaded Objects now: 3741.
Memory consumption went from 377.5 MB to 359.8 MB.
Total: 10.230700 ms (FindLiveObjects: 0.190800 ms CreateObjectMapping: 0.516900 ms MarkObjects: 5.680100 ms  DeleteObjects: 3.840900 ms)

[Project] Loading completed in 6.930 seconds
	Project init time: 				6.720 seconds
		Template init time: 		0.000 seconds
		Package Manager init time: 		0.192 seconds
		Asset Database init time: 		0.192 seconds
		Global illumination init time: 	0.002 seconds
		Assemblies load time: 			0.687 seconds
		Unity extensions init time: 	0.008 seconds
		Asset Database refresh time: 	4.827 seconds
	Scene opening time: 			0.085 seconds
##utp:{"type":"ProjectInfo","version":2,"phase":"Immediate","time":1789200231041,"processId":39580,"projectLoad":6.9300588,"projectInit":6.7197965,"templateInit":0.0,"packageManagerInit":0.1920321,"assetDatabaseInit":0.1923403,"globalIlluminationInit":0.0016871,"assembliesLoad":0.6866147,"unityExtensionsInit":0.0082825,"assetDatabaseRefresh":4.826686,"sceneOpening":0.084901}
##utp:{"type":"EditorInfo","version":2,"phase":"Immediate","time":1789200231041,"processId":39580,"editorVersion":"6000.5.5f1 (d16e074b49fd)","branch":"6000.5/staging","buildType":"Release","platform":"Windows"}
[Licensing::Client] Successfully resolved entitlement details
Start Indexing on Editor startup
[Indexing] Starting Initial Indexing for Assets
[UnityConnectServicesConfig] config is NOT valid, switching to default
Created GICache directory at C:/Users/Admin/AppData/LocalLow/Unity/Caches/GiCache. Took: 0.005s, timestamps: [6.934 - 6.939]
Worker ready: AssetImportWorkerHW0 0
Unloading 2 Unused Serialized files (Serialized files now loaded: 0)
Unloading 0 unused Assets / (60.2 KB). Loaded Objects now: 3756.
Memory consumption went from 400.9 MB to 400.8 MB.
Total: 29.872200 ms (FindLiveObjects: 0.129600 ms CreateObjectMapping: 0.229100 ms MarkObjects: 29.507000 ms  DeleteObjects: 0.006000 ms)

TrimDiskCacheJob: Current cache size 0mb
Entering Playmode with Reload Domain disabled.
If you experience any issues, please disable "Enter Play Mode Options" in Editor Settings
Loaded scene 'Temp/__Backupscenes/0.backup'
	Deserialize:            0.232 ms
	Integration:            221.703 ms
	Integration of assets:  0.004 ms
	Thread Wait Time:       0.008 ms
	Total Operation Time:   221.946 ms
Registered Communicator in Academy.
UnityEngine.Debug:ExtractStackTraceNoAlloc (byte*,int,string)
UnityEngine.StackTraceUtility:ExtractStackTrace ()
UnityEngine.DebugLogHandler:Internal_Log (UnityEngine.LogType,UnityEngine.LogOption,string,UnityEngine.Object)
UnityEngine.DebugLogHandler:LogFormat (UnityEngine.LogType,UnityEngine.Object,string,object[])
UnityEngine.Logger:Log (UnityEngine.LogType,object)
UnityEngine.Debug:Log (object)
Unity.MLAgents.Academy:.ctor () (at ./Library/PackageCache/com.unity.ml-agents@51fac9654958/Runtime/Academy.cs:257)
Unity.MLAgents.Academy/<>c:<.cctor>b__86_0 () (at ./Library/PackageCache/com.unity.ml-agents@51fac9654958/Runtime/Academy.cs:117)
System.Lazy`1<Unity.MLAgents.Academy>:ViaFactory (System.Threading.LazyThreadSafetyMode)
System.Lazy`1<Unity.MLAgents.Academy>:ExecutionAndPublication (System.LazyHelper,bool)
System.Lazy`1<Unity.MLAgents.Academy>:CreateValue ()
System.Lazy`1<Unity.MLAgents.Academy>:get_Value ()
Unity.MLAgents.Academy:get_Instance () (at ./Library/PackageCache/com.unity.ml-agents@51fac9654958/Runtime/Academy.cs:132)
Picklebot.PlayerLearning.PlayerMlDrillsV3:InitializeRun () (at Assets/Picklebot/PlayerLearning/PlayerMlDrillsV3.cs:465)
PipelineEvaluation.PipelineEval_355d2272:Execute ()
System.Reflection.RuntimeMethodInfo:Invoke (object,System.Reflection.BindingFlags,System.Reflection.Binder,object[],System.Globalization.CultureInfo)
System.Reflection.MethodBase:Invoke (object,object[])
Unity.Pipeline.Compilation.EvalCodeCompiler:ExecuteCompiledAssembly (System.Reflection.Assembly) (at ./Library/PackageCache/com.unity.pipeline@9bb4172c603c/Runtime/Compilation/EvalCodeCompiler.cs:190)
Unity.Pipeline.Compilation.EvalCodeCompiler:CompileAndExecuteOnMainThread (string,int,System.Diagnostics.Stopwatch) (at ./Library/PackageCache/com.unity.pipeline@9bb4172c603c/Runtime/Compilation/EvalCodeCompiler.cs:54)
Unity.Pipeline.Runtime.Commands.CodeEvalCommand:EvaluateSource (string,int,string) (at ./Library/PackageCache/com.unity.pipeline@9bb4172c603c/Runtime/Commands/CodeEvalCommand.cs:112)
Unity.Pipeline.Runtime.Commands.CodeEvalCommand:EvaluateFile (string,int) (at ./Library/PackageCache/com.unity.pipeline@9bb4172c603c/Runtime/Commands/CodeEvalCommand.cs:54)
System.Reflection.RuntimeMethodInfo:Invoke (object,System.Reflection.BindingFlags,System.Reflection.Binder,object[],System.Globalization.CultureInfo)
System.Reflection.MethodBase:Invoke (object,object[])
Unity.Pipeline.BasePipelineServer:ExecuteCommandDirect (Unity.Pipeline.Commands.CommandInfo,object[]) (at ./Library/PackageCache/com.unity.pipeline@9bb4172c603c/Runtime/Common/BasePipelineServer.cs:2632)
Unity.Pipeline.BasePipelineServer/<>c__DisplayClass134_0:<ExecuteCommand>b__1 () (at ./Library/PackageCache/com.unity.pipeline@9bb4172c603c/Runtime/Common/BasePipelineServer.cs:2508)
Unity.Pipeline.Threading.Dispatcher/WorkItem`1<object>:ExecuteCore () (at ./Library/PackageCache/com.unity.pipeline@9bb4172c603c/Runtime/Common/Dispatcher.cs:284)
Unity.Pipeline.Threading.Dispatcher/WorkItem:Execute () (at ./Library/PackageCache/com.unity.pipeline@9bb4172c603c/Runtime/Common/Dispatcher.cs:229)
Unity.Pipeline.Threading.Dispatcher:ProcessWorkQueue (int) (at ./Library/PackageCache/com.unity.pipeline@9bb4172c603c/Runtime/Common/Dispatcher.cs:195)
Unity.Pipeline.Threading.Dispatcher:ProcessWorkQueue () (at ./Library/PackageCache/com.unity.pipeline@9bb4172c603c/Runtime/Common/Dispatcher.cs:210)
UnityEditor.EditorApplication:Internal_CallUpdateFunctions ()

(Filename: ./Library/PackageCache/com.unity.ml-agents@51fac9654958/Runtime/Academy.cs Line: 257)

Couldn't connect to trainer on port 5004 using API version 1.5.0. Will perform inference instead.
UnityEngine.Debug:ExtractStackTraceNoAlloc (byte*,int,string)
UnityEngine.StackTraceUtility:ExtractStackTrace ()
UnityEngine.DebugLogHandler:Internal_Log (UnityEngine.LogType,UnityEngine.LogOption,string,UnityEngine.Object)
UnityEngine.DebugLogHandler:LogFormat (UnityEngine.LogType,UnityEngine.Object,string,object[])
UnityEngine.Logger:Log (UnityEngine.LogType,object)
UnityEngine.Debug:Log (object)
Unity.MLAgents.Academy:InitializeEnvironment () (at ./Library/PackageCache/com.unity.ml-agents@51fac9654958/Runtime/Academy.cs:478)
Unity.MLAgents.Academy:LazyInitialize () (at ./Library/PackageCache/com.unity.ml-agents@51fac9654958/Runtime/Academy.cs:293)
Unity.MLAgents.Academy:.ctor () (at ./Library/PackageCache/com.unity.ml-agents@51fac9654958/Runtime/Academy.cs:261)
Unity.MLAgents.Academy/<>c:<.cctor>b__86_0 () (at ./Library/PackageCache/com.unity.ml-agents@51fac9654958/Runtime/Academy.cs:117)
System.Lazy`1<Unity.MLAgents.Academy>:ViaFactory (System.Threading.LazyThreadSafetyMode)
System.Lazy`1<Unity.MLAgents.Academy>:ExecutionAndPublication (System.LazyHelper,bool)
System.Lazy`1<Unity.MLAgents.Academy>:CreateValue ()
System.Lazy`1<Unity.MLAgents.Academy>:get_Value ()
Unity.MLAgents.Academy:get_Instance () (at ./Library/PackageCache/com.unity.ml-agents@51fac9654958/Runtime/Academy.cs:132)
Picklebot.PlayerLearning.PlayerMlDrillsV3:InitializeRun () (at Assets/Picklebot/PlayerLearning/PlayerMlDrillsV3.cs:465)
PipelineEvaluation.PipelineEval_355d2272:Execute ()
System.Reflection.RuntimeMethodInfo:Invoke (object,System.Reflection.BindingFlags,System.Reflection.Binder,object[],System.Globalization.CultureInfo)
System.Reflection.MethodBase:Invoke (object,object[])
Unity.Pipeline.Compilation.EvalCodeCompiler:ExecuteCompiledAssembly (System.Reflection.Assembly) (at ./Library/PackageCache/com.unity.pipeline@9bb4172c603c/Runtime/Compilation/EvalCodeCompiler.cs:190)
Unity.Pipeline.Compilation.EvalCodeCompiler:CompileAndExecuteOnMainThread (string,int,System.Diagnostics.Stopwatch) (at ./Library/PackageCache/com.unity.pipeline@9bb4172c603c/Runtime/Compilation/EvalCodeCompiler.cs:54)
Unity.Pipeline.Runtime.Commands.CodeEvalCommand:EvaluateSource (string,int,string) (at ./Library/PackageCache/com.unity.pipeline@9bb4172c603c/Runtime/Commands/CodeEvalCommand.cs:112)
Unity.Pipeline.Runtime.Commands.CodeEvalCommand:EvaluateFile (string,int) (at ./Library/PackageCache/com.unity.pipeline@9bb4172c603c/Runtime/Commands/CodeEvalCommand.cs:54)
System.Reflection.RuntimeMethodInfo:Invoke (object,System.Reflection.BindingFlags,System.Reflection.Binder,object[],System.Globalization.CultureInfo)
System.Reflection.MethodBase:Invoke (object,object[])
Unity.Pipeline.BasePipelineServer:ExecuteCommandDirect (Unity.Pipeline.Commands.CommandInfo,object[]) (at ./Library/PackageCache/com.unity.pipeline@9bb4172c603c/Runtime/Common/BasePipelineServer.cs:2632)
Unity.Pipeline.BasePipelineServer/<>c__DisplayClass134_0:<ExecuteCommand>b__1 () (at ./Library/PackageCache/com.unity.pipeline@9bb4172c603c/Runtime/Common/BasePipelineServer.cs:2508)
Unity.Pipeline.Threading.Dispatcher/WorkItem`1<object>:ExecuteCore () (at ./Library/PackageCache/com.unity.pipeline@9bb4172c603c/Runtime/Common/Dispatcher.cs:284)
Unity.Pipeline.Threading.Dispatcher/WorkItem:Execute () (at ./Library/PackageCache/com.unity.pipeline@9bb4172c603c/Runtime/Common/Dispatcher.cs:229)
Unity.Pipeline.Threading.Dispatcher:ProcessWorkQueue (int) (at ./Library/PackageCache/com.unity.pipeline@9bb4172c603c/Runtime/Common/Dispatcher.cs:195)
Unity.Pipeline.Threading.Dispatcher:ProcessWorkQueue () (at ./Library/PackageCache/com.unity.pipeline@9bb4172c603c/Runtime/Common/Dispatcher.cs:210)
UnityEditor.EditorApplication:Internal_CallUpdateFunctions ()

(Filename: ./Library/PackageCache/com.unity.ml-agents@51fac9654958/Runtime/Academy.cs Line: 478)

[Licensing::Client] Successfully resolved entitlement details
Couldn't connect to trainer on port 5004 using API version 1.5.0. Will perform inference instead.
UnityEngine.Debug:ExtractStackTraceNoAlloc (byte*,int,string)
UnityEngine.StackTraceUtility:ExtractStackTrace ()
UnityEngine.DebugLogHandler:Internal_Log (UnityEngine.LogType,UnityEngine.LogOption,string,UnityEngine.Object)
UnityEngine.DebugLogHandler:LogFormat (UnityEngine.LogType,UnityEngine.Object,string,object[])
UnityEngine.Logger:Log (UnityEngine.LogType,object)
UnityEngine.Debug:Log (object)
Unity.MLAgents.Academy:InitializeEnvironment () (at ./Library/PackageCache/com.unity.ml-agents@51fac9654958/Runtime/Academy.cs:478)
Unity.MLAgents.Academy:LazyInitialize () (at ./Library/PackageCache/com.unity.ml-agents@51fac9654958/Runtime/Academy.cs:293)
Unity.MLAgents.Academy:.ctor () (at ./Library/PackageCache/com.unity.ml-agents@51fac9654958/Runtime/Academy.cs:261)
Unity.MLAgents.Academy/<>c:<Dispose>b__84_0 () (at ./Library/PackageCache/com.unity.ml-agents@51fac9654958/Runtime/Academy.cs:678)
System.Lazy`1<Unity.MLAgents.Academy>:ViaFactory (System.Threading.LazyThreadSafetyMode)
System.Lazy`1<Unity.MLAgents.Academy>:ExecutionAndPublication (System.LazyHelper,bool)
System.Lazy`1<Unity.MLAgents.Academy>:CreateValue ()
System.Lazy`1<Unity.MLAgents.Academy>:get_Value ()
Unity.MLAgents.Academy:get_Instance () (at ./Library/PackageCache/com.unity.ml-agents@51fac9654958/Runtime/Academy.cs:132)
Picklebot.PlayerLearning.PlayerMlDrillsV3:InitializeRun () (at Assets/Picklebot/PlayerLearning/PlayerMlDrillsV3.cs:465)
PipelineEvaluation.PipelineEval_8e539ca6:Execute ()
System.Reflection.RuntimeMethodInfo:Invoke (object,System.Reflection.BindingFlags,System.Reflection.Binder,object[],System.Globalization.CultureInfo)
System.Reflection.MethodBase:Invoke (object,object[])
Unity.Pipeline.Compilation.EvalCodeCompiler:ExecuteCompiledAssembly (System.Reflection.Assembly) (at ./Library/PackageCache/com.unity.pipeline@9bb4172c603c/Runtime/Compilation/EvalCodeCompiler.cs:190)
Unity.Pipeline.Compilation.EvalCodeCompiler:CompileAndExecuteOnMainThread (string,int,System.Diagnostics.Stopwatch) (at ./Library/PackageCache/com.unity.pipeline@9bb4172c603c/Runtime/Compilation/EvalCodeCompiler.cs:54)
Unity.Pipeline.Runtime.Commands.CodeEvalCommand:EvaluateSource (string,int,string) (at ./Library/PackageCache/com.unity.pipeline@9bb4172c603c/Runtime/Commands/CodeEvalCommand.cs:112)
Unity.Pipeline.Runtime.Commands.CodeEvalCommand:EvaluateFile (string,int) (at ./Library/PackageCache/com.unity.pipeline@9bb4172c603c/Runtime/Commands/CodeEvalCommand.cs:54)
System.Reflection.RuntimeMethodInfo:Invoke (object,System.Reflection.BindingFlags,System.Reflection.Binder,object[],System.Globalization.CultureInfo)
System.Reflection.MethodBase:Invoke (object,object[])
Unity.Pipeline.BasePipelineServer:ExecuteCommandDirect (Unity.Pipeline.Commands.CommandInfo,object[]) (at ./Library/PackageCache/com.unity.pipeline@9bb4172c603c/Runtime/Common/BasePipelineServer.cs:2632)
Unity.Pipeline.BasePipelineServer/<>c__DisplayClass134_0:<ExecuteCommand>b__1 () (at ./Library/PackageCache/com.unity.pipeline@9bb4172c603c/Runtime/Common/BasePipelineServer.cs:2508)
Unity.Pipeline.Threading.Dispatcher/WorkItem`1<object>:ExecuteCore () (at ./Library/PackageCache/com.unity.pipeline@9bb4172c603c/Runtime/Common/Dispatcher.cs:284)
Unity.Pipeline.Threading.Dispatcher/WorkItem:Execute () (at ./Library/PackageCache/com.unity.pipeline@9bb4172c603c/Runtime/Common/Dispatcher.cs:229)
Unity.Pipeline.Threading.Dispatcher:ProcessWorkQueue (int) (at ./Library/PackageCache/com.unity.pipeline@9bb4172c603c/Runtime/Common/Dispatcher.cs:195)
Unity.Pipeline.Threading.Dispatcher:ProcessWorkQueue () (at ./Library/PackageCache/com.unity.pipeline@9bb4172c603c/Runtime/Common/Dispatcher.cs:210)
UnityEditor.EditorApplication:Internal_CallUpdateFunctions ()

(Filename: ./Library/PackageCache/com.unity.ml-agents@51fac9654958/Runtime/Academy.cs Line: 478)

Couldn't connect to trainer on port 5004 using API version 1.5.0. Will perform inference instead.
UnityEngine.Debug:ExtractStackTraceNoAlloc (byte*,int,string)
UnityEngine.StackTraceUtility:ExtractStackTrace ()
UnityEngine.DebugLogHandler:Internal_Log (UnityEngine.LogType,UnityEngine.LogOption,string,UnityEngine.Object)
UnityEngine.DebugLogHandler:LogFormat (UnityEngine.LogType,UnityEngine.Object,string,object[])
UnityEngine.Logger:Log (UnityEngine.LogType,object)
UnityEngine.Debug:Log (object)
Unity.MLAgents.Academy:InitializeEnvironment () (at ./Library/PackageCache/com.unity.ml-agents@51fac9654958/Runtime/Academy.cs:478)
Unity.MLAgents.Academy:LazyInitialize () (at ./Library/PackageCache/com.unity.ml-agents@51fac9654958/Runtime/Academy.cs:293)
Unity.MLAgents.Academy:.ctor () (at ./Library/PackageCache/com.unity.ml-agents@51fac9654958/Runtime/Academy.cs:261)
Unity.MLAgents.Academy/<>c:<Dispose>b__84_0 () (at ./Library/PackageCache/com.unity.ml-agents@51fac9654958/Runtime/Academy.cs:678)
System.Lazy`1<Unity.MLAgents.Academy>:ViaFactory (System.Threading.LazyThreadSafetyMode)
System.Lazy`1<Unity.MLAgents.Academy>:ExecutionAndPublication (System.LazyHelper,bool)
System.Lazy`1<Unity.MLAgents.Academy>:CreateValue ()
System.Lazy`1<Unity.MLAgents.Academy>:get_Value ()
Unity.MLAgents.Academy:get_Instance () (at ./Library/PackageCache/com.unity.ml-agents@51fac9654958/Runtime/Academy.cs:132)
Picklebot.PlayerLearning.PlayerMlDrillsV3:InitializeRun () (at Assets/Picklebot/PlayerLearning/PlayerMlDrillsV3.cs:465)
PipelineEvaluation.PipelineEval_5f500408:Execute ()
System.Reflection.RuntimeMethodInfo:Invoke (object,System.Reflection.BindingFlags,System.Reflection.Binder,object[],System.Globalization.CultureInfo)
System.Reflection.MethodBase:Invoke (object,object[])
Unity.Pipeline.Compilation.EvalCodeCompiler:ExecuteCompiledAssembly (System.Reflection.Assembly) (at ./Library/PackageCache/com.unity.pipeline@9bb4172c603c/Runtime/Compilation/EvalCodeCompiler.cs:190)
Unity.Pipeline.Compilation.EvalCodeCompiler:CompileAndExecuteOnMainThread (string,int,System.Diagnostics.Stopwatch) (at ./Library/PackageCache/com.unity.pipeline@9bb4172c603c/Runtime/Compilation/EvalCodeCompiler.cs:54)
Unity.Pipeline.Runtime.Commands.CodeEvalCommand:EvaluateSource (string,int,string) (at ./Library/PackageCache/com.unity.pipeline@9bb4172c603c/Runtime/Commands/CodeEvalCommand.cs:112)
Unity.Pipeline.Runtime.Commands.CodeEvalCommand:EvaluateFile (string,int) (at ./Library/PackageCache/com.unity.pipeline@9bb4172c603c/Runtime/Commands/CodeEvalCommand.cs:54)
System.Reflection.RuntimeMethodInfo:Invoke (object,System.Reflection.BindingFlags,System.Reflection.Binder,object[],System.Globalization.CultureInfo)
System.Reflection.MethodBase:Invoke (object,object[])
Unity.Pipeline.BasePipelineServer:ExecuteCommandDirect (Unity.Pipeline.Commands.CommandInfo,object[]) (at ./Library/PackageCache/com.unity.pipeline@9bb4172c603c/Runtime/Common/BasePipelineServer.cs:2632)
Unity.Pipeline.BasePipelineServer/<>c__DisplayClass134_0:<ExecuteCommand>b__1 () (at ./Library/PackageCache/com.unity.pipeline@9bb4172c603c/Runtime/Common/BasePipelineServer.cs:2508)
Unity.Pipeline.Threading.Dispatcher/WorkItem`1<object>:ExecuteCore () (at ./Library/PackageCache/com.unity.pipeline@9bb4172c603c/Runtime/Common/Dispatcher.cs:284)
Unity.Pipeline.Threading.Dispatcher/WorkItem:Execute () (at ./Library/PackageCache/com.unity.pipeline@9bb4172c603c/Runtime/Common/Dispatcher.cs:229)
Unity.Pipeline.Threading.Dispatcher:ProcessWorkQueue (int) (at ./Library/PackageCache/com.unity.pipeline@9bb4172c603c/Runtime/Common/Dispatcher.cs:195)
Unity.Pipeline.Threading.Dispatcher:ProcessWorkQueue () (at ./Library/PackageCache/com.unity.pipeline@9bb4172c603c/Runtime/Common/Dispatcher.cs:210)
UnityEditor.EditorApplication:Internal_CallUpdateFunctions ()

(Filename: ./Library/PackageCache/com.unity.ml-agents@51fac9654958/Runtime/Academy.cs Line: 478)

[Licensing::Client] Successfully resolved entitlement details
Couldn't connect to trainer on port 5004 using API version 1.5.0. Will perform inference instead.
UnityEngine.Debug:ExtractStackTraceNoAlloc (byte*,int,string)
UnityEngine.StackTraceUtility:ExtractStackTrace ()
UnityEngine.DebugLogHandler:Internal_Log (UnityEngine.LogType,UnityEngine.LogOption,string,UnityEngine.Object)
UnityEngine.DebugLogHandler:LogFormat (UnityEngine.LogType,UnityEngine.Object,string,object[])
UnityEngine.Logger:Log (UnityEngine.LogType,object)
UnityEngine.Debug:Log (object)
Unity.MLAgents.Academy:InitializeEnvironment () (at ./Library/PackageCache/com.unity.ml-agents@51fac9654958/Runtime/Academy.cs:478)
Unity.MLAgents.Academy:LazyInitialize () (at ./Library/PackageCache/com.unity.ml-agents@51fac9654958/Runtime/Academy.cs:293)
Unity.MLAgents.Academy:.ctor () (at ./Library/PackageCache/com.unity.ml-agents@51fac9654958/Runtime/Academy.cs:261)
Unity.MLAgents.Academy/<>c:<Dispose>b__84_0 () (at ./Library/PackageCache/com.unity.ml-agents@51fac9654958/Runtime/Academy.cs:678)
System.Lazy`1<Unity.MLAgents.Academy>:ViaFactory (System.Threading.LazyThreadSafetyMode)
System.Lazy`1<Unity.MLAgents.Academy>:ExecutionAndPublication (System.LazyHelper,bool)
System.Lazy`1<Unity.MLAgents.Academy>:CreateValue ()
System.Lazy`1<Unity.MLAgents.Academy>:get_Value ()
Unity.MLAgents.Academy:get_Instance () (at ./Library/PackageCache/com.unity.ml-agents@51fac9654958/Runtime/Academy.cs:132)
Picklebot.PlayerLearning.PlayerMlDrillsV3:InitializeRun () (at Assets/Picklebot/PlayerLearning/PlayerMlDrillsV3.cs:465)
PipelineEvaluation.PipelineEval_9b7fd313:Execute ()
System.Reflection.RuntimeMethodInfo:Invoke (object,System.Reflection.BindingFlags,System.Reflection.Binder,object[],System.Globalization.CultureInfo)
System.Reflection.MethodBase:Invoke (object,object[])
Unity.Pipeline.Compilation.EvalCodeCompiler:ExecuteCompiledAssembly (System.Reflection.Assembly) (at ./Library/PackageCache/com.unity.pipeline@9bb4172c603c/Runtime/Compilation/EvalCodeCompiler.cs:190)
Unity.Pipeline.Compilation.EvalCodeCompiler:CompileAndExecuteOnMainThread (string,int,System.Diagnostics.Stopwatch) (at ./Library/PackageCache/com.unity.pipeline@9bb4172c603c/Runtime/Compilation/EvalCodeCompiler.cs:54)
Unity.Pipeline.Runtime.Commands.CodeEvalCommand:EvaluateSource (string,int,string) (at ./Library/PackageCache/com.unity.pipeline@9bb4172c603c/Runtime/Commands/CodeEvalCommand.cs:112)
Unity.Pipeline.Runtime.Commands.CodeEvalCommand:EvaluateFile (string,int) (at ./Library/PackageCache/com.unity.pipeline@9bb4172c603c/Runtime/Commands/CodeEvalCommand.cs:54)
System.Reflection.RuntimeMethodInfo:Invoke (object,System.Reflection.BindingFlags,System.Reflection.Binder,object[],System.Globalization.CultureInfo)
System.Reflection.MethodBase:Invoke (object,object[])
Unity.Pipeline.BasePipelineServer:ExecuteCommandDirect (Unity.Pipeline.Commands.CommandInfo,object[]) (at ./Library/PackageCache/com.unity.pipeline@9bb4172c603c/Runtime/Common/BasePipelineServer.cs:2632)
Unity.Pipeline.BasePipelineServer/<>c__DisplayClass134_0:<ExecuteCommand>b__1 () (at ./Library/PackageCache/com.unity.pipeline@9bb4172c603c/Runtime/Common/BasePipelineServer.cs:2508)
Unity.Pipeline.Threading.Dispatcher/WorkItem`1<object>:ExecuteCore () (at ./Library/PackageCache/com.unity.pipeline@9bb4172c603c/Runtime/Common/Dispatcher.cs:284)
Unity.Pipeline.Threading.Dispatcher/WorkItem:Execute () (at ./Library/PackageCache/com.unity.pipeline@9bb4172c603c/Runtime/Common/Dispatcher.cs:229)
Unity.Pipeline.Threading.Dispatcher:ProcessWorkQueue (int) (at ./Library/PackageCache/com.unity.pipeline@9bb4172c603c/Runtime/Common/Dispatcher.cs:195)
Unity.Pipeline.Threading.Dispatcher:ProcessWorkQueue () (at ./Library/PackageCache/com.unity.pipeline@9bb4172c603c/Runtime/Common/Dispatcher.cs:210)
UnityEditor.EditorApplication:Internal_CallUpdateFunctions ()

(Filename: ./Library/PackageCache/com.unity.ml-agents@51fac9654958/Runtime/Academy.cs Line: 478)

[Licensing::Client] Successfully resolved entitlement details
Couldn't connect to trainer on port 5004 using API version 1.5.0. Will perform inference instead.
UnityEngine.Debug:ExtractStackTraceNoAlloc (byte*,int,string)
UnityEngine.StackTraceUtility:ExtractStackTrace ()
UnityEngine.DebugLogHandler:Internal_Log (UnityEngine.LogType,UnityEngine.LogOption,string,UnityEngine.Object)
UnityEngine.DebugLogHandler:LogFormat (UnityEngine.LogType,UnityEngine.Object,string,object[])
UnityEngine.Logger:Log (UnityEngine.LogType,object)
UnityEngine.Debug:Log (object)
Unity.MLAgents.Academy:InitializeEnvironment () (at ./Library/PackageCache/com.unity.ml-agents@51fac9654958/Runtime/Academy.cs:478)
Unity.MLAgents.Academy:LazyInitialize () (at ./Library/PackageCache/com.unity.ml-agents@51fac9654958/Runtime/Academy.cs:293)
Unity.MLAgents.Academy:.ctor () (at ./Library/PackageCache/com.unity.ml-agents@51fac9654958/Runtime/Academy.cs:261)
Unity.MLAgents.Academy/<>c:<Dispose>b__84_0 () (at ./Library/PackageCache/com.unity.ml-agents@51fac9654958/Runtime/Academy.cs:678)
System.Lazy`1<Unity.MLAgents.Academy>:ViaFactory (System.Threading.LazyThreadSafetyMode)
System.Lazy`1<Unity.MLAgents.Academy>:ExecutionAndPublication (System.LazyHelper,bool)
System.Lazy`1<Unity.MLAgents.Academy>:CreateValue ()
System.Lazy`1<Unity.MLAgents.Academy>:get_Value ()
Unity.MLAgents.Academy:get_Instance () (at ./Library/PackageCache/com.unity.ml-agents@51fac9654958/Runtime/Academy.cs:132)
Picklebot.PlayerLearning.PlayerMlDrillsV3:InitializeRun () (at Assets/Picklebot/PlayerLearning/PlayerMlDrillsV3.cs:465)
PipelineEvaluation.PipelineEval_3ac85b8d:Execute ()
System.Reflection.RuntimeMethodInfo:Invoke (object,System.Reflection.BindingFlags,System.Reflection.Binder,object[],System.Globalization.CultureInfo)
System.Reflection.MethodBase:Invoke (object,object[])
Unity.Pipeline.Compilation.EvalCodeCompiler:ExecuteCompiledAssembly (System.Reflection.Assembly) (at ./Library/PackageCache/com.unity.pipeline@9bb4172c603c/Runtime/Compilation/EvalCodeCompiler.cs:190)
Unity.Pipeline.Compilation.EvalCodeCompiler:CompileAndExecuteOnMainThread (string,int,System.Diagnostics.Stopwatch) (at ./Library/PackageCache/com.unity.pipeline@9bb4172c603c/Runtime/Compilation/EvalCodeCompiler.cs:54)
Unity.Pipeline.Runtime.Commands.CodeEvalCommand:EvaluateSource (string,int,string) (at ./Library/PackageCache/com.unity.pipeline@9bb4172c603c/Runtime/Commands/CodeEvalCommand.cs:112)
Unity.Pipeline.Runtime.Commands.CodeEvalCommand:EvaluateFile (string,int) (at ./Library/PackageCache/com.unity.pipeline@9bb4172c603c/Runtime/Commands/CodeEvalCommand.cs:54)
System.Reflection.RuntimeMethodInfo:Invoke (object,System.Reflection.BindingFlags,System.Reflection.Binder,object[],System.Globalization.CultureInfo)
System.Reflection.MethodBase:Invoke (object,object[])
Unity.Pipeline.BasePipelineServer:ExecuteCommandDirect (Unity.Pipeline.Commands.CommandInfo,object[]) (at ./Library/PackageCache/com.unity.pipeline@9bb4172c603c/Runtime/Common/BasePipelineServer.cs:2632)
Unity.Pipeline.BasePipelineServer/<>c__DisplayClass134_0:<ExecuteCommand>b__1 () (at ./Library/PackageCache/com.unity.pipeline@9bb4172c603c/Runtime/Common/BasePipelineServer.cs:2508)
Unity.Pipeline.Threading.Dispatcher/WorkItem`1<object>:ExecuteCore () (at ./Library/PackageCache/com.unity.pipeline@9bb4172c603c/Runtime/Common/Dispatcher.cs:284)
Unity.Pipeline.Threading.Dispatcher/WorkItem:Execute () (at ./Library/PackageCache/com.unity.pipeline@9bb4172c603c/Runtime/Common/Dispatcher.cs:229)
Unity.Pipeline.Threading.Dispatcher:ProcessWorkQueue (int) (at ./Library/PackageCache/com.unity.pipeline@9bb4172c603c/Runtime/Common/Dispatcher.cs:195)
Unity.Pipeline.Threading.Dispatcher:ProcessWorkQueue () (at ./Library/PackageCache/com.unity.pipeline@9bb4172c603c/Runtime/Common/Dispatcher.cs:210)
UnityEditor.EditorApplication:Internal_CallUpdateFunctions ()

(Filename: ./Library/PackageCache/com.unity.ml-agents@51fac9654958/Runtime/Academy.cs Line: 478)

Unloading 3 Unused Serialized files (Serialized files now loaded: 0)
Loaded scene 'Temp/__Backupscenes/0.backup'
	Deserialize:            0.215 ms
	Integration:            212.894 ms
	Integration of assets:  0.001 ms
	Thread Wait Time:       0.011 ms
	Total Operation Time:   213.121 ms
Unloading 4 unused Assets / (27.7 KB). Loaded Objects now: 3760.
Memory consumption went from 1.02 GB to 1.02 GB.
Total: 28.924600 ms (FindLiveObjects: 0.180200 ms CreateObjectMapping: 0.231500 ms MarkObjects: 28.462100 ms  DeleteObjects: 0.050400 ms)

[Licensing::Client] Successfully resolved entitlement details
Unloading 0 Unused Serialized files (Serialized files now loaded: 0)
Unloading 0 unused Assets / (0 B). Loaded Objects now: 3761.
Memory consumption went from 1.01 GB to 1.01 GB.
Total: 30.460800 ms (FindLiveObjects: 0.114000 ms CreateObjectMapping: 0.220900 ms MarkObjects: 30.121900 ms  DeleteObjects: 0.003400 ms)

MonoPathRemapper: Attempts to remap: 57610; Successful remaps: 14140
Serialized file version minimum: 23, current 23
Pipeline Server stopped
Importing 'GUID: 0000000000000000b000000000000000 - Path: ProjectSettings/EditorBuildSettings.asset' with importer (LibraryAssetImporter)
Imported 'GUID: 0000000000000000b000000000000000' -> (Import Result ID: '5c006c7924a70f7f4cd4c93808ec2505') in 0.001 seconds [static dependencies only]. Details - ImportResultOutputID=4647dd083cfc32cebcd7526e8846440c DependenciesID=ebb3ab2f936a5acf9da66549982eae23 StaticDependenciesID=153b03eedb78800a229a3c43fe6e1cd9 
Asset Pipeline Refresh (id=d66850ddbb61d3b48aca00976909b951): Total: 0.040 seconds - Initiated by StopAssetImportingV2(NoUpdateAssetOptions)
[Physics::Module] Cleanup current backend.
[Physics::Module] Id: 0xf2b8ea05
Input System module state changed to: ShutdownInProgress.
Input Polling Thread exited.
Input System module state changed to: Shutdown.
[Licensing::IpcConnector] LicenseClient-Admin-notifications channel disconnected successfully.
[Licensing::IpcConnector] LicenseClient-Admin channel disconnected successfully.
AcceleratorClientConnectionCallback - disconnected - :0
Cleanup mono
CodeReloadManager destroyed
Checking for leaked weakptr:
  Found no leaked weakptrs.
[Package Manager] Server process was shutdown
##utp:{"type":"MemoryLeaks","version":2,"phase":"Immediate","time":1789200607014,"processId":39580,"allocatedMemory":18122802,"memoryLabels":[{"Default":203422},{"Permanent":15516},{"NewDelete":66835},{"Thread":4205176},{"Manager":1421669},{"VertexData":8},{"Geometry":816},{"Texture":24},{"Shader":840862},{"Material":24},{"GfxDevice":57368},{"Animation":952},{"Audio":1544},{"FreeType":8},{"FontEngine":736},{"Physics":2146},{"Physics2D":16},{"Serialization":1080},{"Input":42840},{"JobScheduler":256},{"TextLib":280},{"Mono":48},{"ScriptingNativeRuntime":1728196},{"BaseObject":1621896},{"Resource":1208},{"Renderer":3080},{"Transform":4685},{"File":1032},{"WebCam":616},{"Culling":32},{"Terrain":11442},{"Wind":24},{"STL":40},{"String":14591},{"StaticString":3808},{"Utility":2673782},{"Curl":2478},{"PoolAlloc":2984},{"AI":80},{"TypeTree":14869},{"CodeReload":448},{"RuntimeInitializeOnLoadManager":64},{"Sprites":102},{"SpriteAtlas":120},{"GI":7816},{"Director":8296},{"CloudService":7240},{"WebRequest":5461},{"VR":47114},{"SceneManager":608},{"Video":208},{"LazyScriptCache":32},{"Camera":17},{"Secure":2377},{"SerializationCache":1576},{"APIUpdating":10320},{"Subsystems":336},{"VirtualTexturing":57888},{"StaticSafetyDebugInfo":278528},{"Analytics":552},{"Hierarchy":1176},{"UIElements":72},{"CoreStats":13688},{"Identifiers":6768},{"Gui":128},{"EditorUtility":170589},{"VersionControl":8},{"Undo":931},{"AssetDatabase":4497432},{"AssetImporter":40},{"EditorGi":328},{"UnityConnect":38929},{"Upm":1912},{"UpmDiagnostics":8},{"AssetCompliance":64},{"DrivenProperties":72},{"LocalIPC":211},{"ProfilerEditor":9746},{"CoreBusinessMetrics":3480},{"Windowing":456},{"Licensing":1232},{"AssetReference":32},{"IPCStream":32}]}
