[INFO] Connected to Unity environment with package version 4.1.0 and communication version 1.5.0
[INFO] Connected to Unity environment with package version 4.1.0 and communication version 1.5.0
[INFO] Connected to Unity environment with package version 4.1.0 and communication version 1.5.0
[INFO] Connected to Unity environment with package version 4.1.0 and communication version 1.5.0
[INFO] Connected to Unity environment with package version 4.1.0 and communication version 1.5.0
[INFO] Connected to Unity environment with package version 4.1.0 and communication version 1.5.0
[INFO] Connected to Unity environment with package version 4.1.0 and communication version 1.5.0
[INFO] Connected new brain: PicklebotExecutionV1?team=0
[INFO] Connected new brain: PicklebotExecutionV1?team=0
[INFO] Connected new brain: PicklebotExecutionV1?team=0
[INFO] Connected new brain: PicklebotExecutionV1?team=0
[INFO] Connected to Unity environment with package version 4.1.0 and communication version 1.5.0
[INFO] Connected new brain: PicklebotExecutionV1?team=0
[INFO] Connected new brain: PicklebotExecutionV1?team=0
[INFO] Connected new brain: PicklebotExecutionV1?team=0
[INFO] Connected new brain: PicklebotExecutionV1?team=0


	Unity Technologies

 Version information:
  ml-agents: 1.2.0.dev0,
  ml-agents-envs: 1.2.0.dev0,
  Communicator API: 1.5.0,
  PyTorch: 2.8.0+cu126
[INFO] Hyperparameters for behavior name PicklebotExecutionV1: 
	trainer_type:	ppo
	hyperparameters:	
	  batch_size:	1024
	  buffer_size:	8192
	  learning_rate:	0.0001
	  beta:	0.005
	  epsilon:	0.2
	  lambd:	0.95
	  num_epoch:	3
	  shared_critic:	False
	  learning_rate_schedule:	constant
	  beta_schedule:	constant
	  epsilon_schedule:	constant
	checkpoint_interval:	262144
	network_settings:	
	  normalize:	True
	  hidden_units:	128
	  num_layers:	2
	  vis_encode_type:	simple
	  memory:	None
	  goal_conditioning_type:	hyper
	  deterministic:	False
	reward_signals:	
	  extrinsic:	
	    gamma:	0.99
	    strength:	1.0
	    network_settings:	
	      normalize:	False
	      hidden_units:	128
	      num_layers:	2
	      vis_encode_type:	simple
	      memory:	None
	      goal_conditioning_type:	hyper
	      deterministic:	False
	init_path:	None
	keep_checkpoints:	4
	even_checkpoints:	False
	max_steps:	2097152
	time_horizon:	128
	summary_freq:	2048
	threaded:	False
	self_play:	None
	behavioral_cloning:	None
[INFO] Resuming from F:\dev\picklebot\artifacts\mlagents\execution-axes-recovery-01\PicklebotExecutionV1.
[INFO] Resuming training from step 1048609.
[INFO] PicklebotExecutionV1. Step: 1050624. Time Elapsed: 7.488 s. Mean Reward: 0.219. Std of Reward: 1.130. Training.
[INFO] PicklebotExecutionV1. Step: 1052672. Time Elapsed: 8.303 s. Mean Reward: 1.506. Std of Reward: 0.866. Training.
[INFO] PicklebotExecutionV1. Step: 1054720. Time Elapsed: 10.577 s. Mean Reward: 0.598. Std of Reward: 1.281. Training.
[INFO] PicklebotExecutionV1. Step: 1056768. Time Elapsed: 11.667 s. Mean Reward: 1.364. Std of Reward: 0.889. Training.
[INFO] PicklebotExecutionV1. Step: 1058816. Time Elapsed: 15.117 s. Mean Reward: 0.603. Std of Reward: 1.277. Training.
[INFO] PicklebotExecutionV1. Step: 1060864. Time Elapsed: 16.177 s. Mean Reward: 1.227. Std of Reward: 1.052. Training.
[INFO] PicklebotExecutionV1. Step: 1062912. Time Elapsed: 18.074 s. Mean Reward: 0.948. Std of Reward: 1.251. Training.
[INFO] PicklebotExecutionV1. Step: 1064960. Time Elapsed: 19.228 s. Mean Reward: 1.249. Std of Reward: 0.931. Training.
[INFO] PicklebotExecutionV1. Step: 1067008. Time Elapsed: 21.908 s. Mean Reward: 0.892. Std of Reward: 1.344. Training.
[INFO] PicklebotExecutionV1. Step: 1069056. Time Elapsed: 23.274 s. Mean Reward: 1.012. Std of Reward: 1.221. Training.
[INFO] PicklebotExecutionV1. Step: 1071104. Time Elapsed: 24.609 s. Mean Reward: 0.853. Std of Reward: 1.145. Training.
[INFO] PicklebotExecutionV1. Step: 1073152. Time Elapsed: 26.466 s. Mean Reward: 0.859. Std of Reward: 1.116. Training.
[INFO] PicklebotExecutionV1. Step: 1075200. Time Elapsed: 28.771 s. Mean Reward: 1.013. Std of Reward: 1.191. Training.
[INFO] PicklebotExecutionV1. Step: 1077248. Time Elapsed: 30.505 s. Mean Reward: 0.997. Std of Reward: 1.213. Training.
[INFO] PicklebotExecutionV1. Step: 1079296. Time Elapsed: 31.743 s. Mean Reward: 0.978. Std of Reward: 1.218. Training.
[INFO] PicklebotExecutionV1. Step: 1081344. Time Elapsed: 33.559 s. Mean Reward: 0.951. Std of Reward: 1.154. Training.
[INFO] PicklebotExecutionV1. Step: 1083392. Time Elapsed: 35.742 s. Mean Reward: 0.946. Std of Reward: 1.143. Training.
[INFO] PicklebotExecutionV1. Step: 1085440. Time Elapsed: 37.336 s. Mean Reward: 1.095. Std of Reward: 1.239. Training.
[INFO] PicklebotExecutionV1. Step: 1087488. Time Elapsed: 38.882 s. Mean Reward: 0.893. Std of Reward: 1.166. Training.
[INFO] PicklebotExecutionV1. Step: 1089536. Time Elapsed: 40.300 s. Mean Reward: 1.028. Std of Reward: 1.087. Training.
[INFO] PicklebotExecutionV1. Step: 1091584. Time Elapsed: 42.734 s. Mean Reward: 0.948. Std of Reward: 1.169. Training.
[INFO] PicklebotExecutionV1. Step: 1093632. Time Elapsed: 44.277 s. Mean Reward: 0.991. Std of Reward: 0.949. Training.
[INFO] PicklebotExecutionV1. Step: 1095680. Time Elapsed: 45.764 s. Mean Reward: 1.014. Std of Reward: 1.144. Training.
[INFO] PicklebotExecutionV1. Step: 1097728. Time Elapsed: 47.475 s. Mean Reward: 0.832. Std of Reward: 1.226. Training.
[INFO] PicklebotExecutionV1. Step: 1099776. Time Elapsed: 49.870 s. Mean Reward: 0.853. Std of Reward: 1.137. Training.
[INFO] PicklebotExecutionV1. Step: 1101824. Time Elapsed: 51.335 s. Mean Reward: 1.250. Std of Reward: 1.283. Training.
[INFO] PicklebotExecutionV1. Step: 1103872. Time Elapsed: 52.970 s. Mean Reward: 1.062. Std of Reward: 0.980. Training.
[INFO] PicklebotExecutionV1. Step: 1105920. Time Elapsed: 54.493 s. Mean Reward: 0.983. Std of Reward: 1.060. Training.
[INFO] PicklebotExecutionV1. Step: 1107968. Time Elapsed: 56.775 s. Mean Reward: 0.834. Std of Reward: 1.137. Training.
[INFO] PicklebotExecutionV1. Step: 1110016. Time Elapsed: 58.347 s. Mean Reward: 1.080. Std of Reward: 1.076. Training.
[INFO] PicklebotExecutionV1. Step: 1112064. Time Elapsed: 59.658 s. Mean Reward: 1.094. Std of Reward: 1.055. Training.
[INFO] PicklebotExecutionV1. Step: 1114112. Time Elapsed: 61.279 s. Mean Reward: 0.884. Std of Reward: 1.020. Training.
[INFO] PicklebotExecutionV1. Step: 1116160. Time Elapsed: 63.729 s. Mean Reward: 0.932. Std of Reward: 1.243. Training.
[INFO] PicklebotExecutionV1. Step: 1118208. Time Elapsed: 65.285 s. Mean Reward: 0.837. Std of Reward: 1.288. Training.
[INFO] PicklebotExecutionV1. Step: 1120256. Time Elapsed: 67.086 s. Mean Reward: 0.833. Std of Reward: 1.145. Training.
[INFO] PicklebotExecutionV1. Step: 1122304. Time Elapsed: 68.447 s. Mean Reward: 1.201. Std of Reward: 0.988. Training.
[INFO] PicklebotExecutionV1. Step: 1124352. Time Elapsed: 71.360 s. Mean Reward: 0.826. Std of Reward: 1.236. Training.
[INFO] PicklebotExecutionV1. Step: 1126400. Time Elapsed: 72.869 s. Mean Reward: 1.089. Std of Reward: 0.966. Training.
[INFO] PicklebotExecutionV1. Step: 1128448. Time Elapsed: 74.264 s. Mean Reward: 1.014. Std of Reward: 1.019. Training.
[INFO] PicklebotExecutionV1. Step: 1130496. Time Elapsed: 75.925 s. Mean Reward: 1.032. Std of Reward: 1.256. Training.
[INFO] PicklebotExecutionV1. Step: 1132544. Time Elapsed: 78.401 s. Mean Reward: 1.083. Std of Reward: 1.074. Training.
[INFO] PicklebotExecutionV1. Step: 1134592. Time Elapsed: 80.097 s. Mean Reward: 0.857. Std of Reward: 1.344. Training.
[INFO] PicklebotExecutionV1. Step: 1136640. Time Elapsed: 81.624 s. Mean Reward: 0.737. Std of Reward: 1.268. Training.
[INFO] PicklebotExecutionV1. Step: 1138688. Time Elapsed: 83.125 s. Mean Reward: 0.772. Std of Reward: 1.081. Training.
[INFO] PicklebotExecutionV1. Step: 1140736. Time Elapsed: 86.157 s. Mean Reward: 1.115. Std of Reward: 1.055. Training.
[INFO] PicklebotExecutionV1. Step: 1142784. Time Elapsed: 87.780 s. Mean Reward: 0.813. Std of Reward: 1.241. Training.
[INFO] PicklebotExecutionV1. Step: 1144832. Time Elapsed: 89.253 s. Mean Reward: 1.000. Std of Reward: 1.196. Training.
[INFO] PicklebotExecutionV1. Step: 1146880. Time Elapsed: 90.951 s. Mean Reward: 0.962. Std of Reward: 1.313. Training.
[INFO] PicklebotExecutionV1. Step: 1148928. Time Elapsed: 93.286 s. Mean Reward: 0.950. Std of Reward: 1.164. Training.
[INFO] PicklebotExecutionV1. Step: 1150976. Time Elapsed: 94.883 s. Mean Reward: 1.069. Std of Reward: 1.144. Training.
[INFO] PicklebotExecutionV1. Step: 1153024. Time Elapsed: 96.355 s. Mean Reward: 1.036. Std of Reward: 1.021. Training.
[INFO] PicklebotExecutionV1. Step: 1155072. Time Elapsed: 97.995 s. Mean Reward: 0.971. Std of Reward: 1.222. Training.
[INFO] PicklebotExecutionV1. Step: 1157120. Time Elapsed: 100.465 s. Mean Reward: 0.809. Std of Reward: 1.213. Training.
[INFO] PicklebotExecutionV1. Step: 1159168. Time Elapsed: 102.145 s. Mean Reward: 0.918. Std of Reward: 1.085. Training.
[INFO] PicklebotExecutionV1. Step: 1161216. Time Elapsed: 103.507 s. Mean Reward: 0.958. Std of Reward: 1.080. Training.
[INFO] PicklebotExecutionV1. Step: 1163264. Time Elapsed: 105.112 s. Mean Reward: 0.945. Std of Reward: 1.257. Training.
[INFO] PicklebotExecutionV1. Step: 1165312. Time Elapsed: 107.654 s. Mean Reward: 0.993. Std of Reward: 1.215. Training.
[INFO] PicklebotExecutionV1. Step: 1167360. Time Elapsed: 109.344 s. Mean Reward: 1.089. Std of Reward: 1.059. Training.
[INFO] PicklebotExecutionV1. Step: 1169408. Time Elapsed: 110.879 s. Mean Reward: 1.009. Std of Reward: 1.297. Training.
[INFO] PicklebotExecutionV1. Step: 1171456. Time Elapsed: 112.394 s. Mean Reward: 1.107. Std of Reward: 1.201. Training.
[INFO] PicklebotExecutionV1. Step: 1173504. Time Elapsed: 115.010 s. Mean Reward: 1.178. Std of Reward: 0.986. Training.
[INFO] PicklebotExecutionV1. Step: 1175552. Time Elapsed: 116.270 s. Mean Reward: 1.021. Std of Reward: 1.030. Training.
[INFO] PicklebotExecutionV1. Step: 1177600. Time Elapsed: 117.891 s. Mean Reward: 0.852. Std of Reward: 1.214. Training.
[INFO] PicklebotExecutionV1. Step: 1179648. Time Elapsed: 119.400 s. Mean Reward: 0.867. Std of Reward: 1.116. Training.
[INFO] PicklebotExecutionV1. Step: 1181696. Time Elapsed: 121.887 s. Mean Reward: 0.925. Std of Reward: 1.320. Training.
[INFO] PicklebotExecutionV1. Step: 1183744. Time Elapsed: 123.322 s. Mean Reward: 0.978. Std of Reward: 1.146. Training.
[INFO] PicklebotExecutionV1. Step: 1185792. Time Elapsed: 124.777 s. Mean Reward: 1.321. Std of Reward: 1.064. Training.
[INFO] PicklebotExecutionV1. Step: 1187840. Time Elapsed: 126.569 s. Mean Reward: 0.944. Std of Reward: 1.170. Training.
[INFO] PicklebotExecutionV1. Step: 1189888. Time Elapsed: 129.301 s. Mean Reward: 1.039. Std of Reward: 1.102. Training.
[INFO] PicklebotExecutionV1. Step: 1191936. Time Elapsed: 130.770 s. Mean Reward: 0.965. Std of Reward: 1.314. Training.
[INFO] PicklebotExecutionV1. Step: 1193984. Time Elapsed: 132.321 s. Mean Reward: 0.832. Std of Reward: 0.964. Training.
[INFO] PicklebotExecutionV1. Step: 1196032. Time Elapsed: 133.806 s. Mean Reward: 0.830. Std of Reward: 1.037. Training.
[INFO] PicklebotExecutionV1. Step: 1198080. Time Elapsed: 136.496 s. Mean Reward: 1.087. Std of Reward: 1.140. Training.
[INFO] PicklebotExecutionV1. Step: 1200128. Time Elapsed: 138.071 s. Mean Reward: 0.981. Std of Reward: 1.137. Training.
[INFO] PicklebotExecutionV1. Step: 1202176. Time Elapsed: 139.798 s. Mean Reward: 0.937. Std of Reward: 1.084. Training.
[INFO] PicklebotExecutionV1. Step: 1204224. Time Elapsed: 141.554 s. Mean Reward: 0.863. Std of Reward: 1.259. Training.
[INFO] PicklebotExecutionV1. Step: 1206272. Time Elapsed: 144.284 s. Mean Reward: 0.788. Std of Reward: 1.144. Training.
[INFO] PicklebotExecutionV1. Step: 1208320. Time Elapsed: 145.961 s. Mean Reward: 1.087. Std of Reward: 1.156. Training.
[INFO] PicklebotExecutionV1. Step: 1210368. Time Elapsed: 147.493 s. Mean Reward: 0.613. Std of Reward: 1.307. Training.
[INFO] PicklebotExecutionV1. Step: 1212416. Time Elapsed: 149.279 s. Mean Reward: 1.101. Std of Reward: 1.070. Training.
[INFO] PicklebotExecutionV1. Step: 1214464. Time Elapsed: 151.995 s. Mean Reward: 1.080. Std of Reward: 1.167. Training.
[INFO] PicklebotExecutionV1. Step: 1216512. Time Elapsed: 153.759 s. Mean Reward: 1.210. Std of Reward: 1.226. Training.
[INFO] PicklebotExecutionV1. Step: 1218560. Time Elapsed: 155.430 s. Mean Reward: 1.100. Std of Reward: 1.318. Training.
[INFO] PicklebotExecutionV1. Step: 1220608. Time Elapsed: 157.145 s. Mean Reward: 1.001. Std of Reward: 1.196. Training.
[INFO] PicklebotExecutionV1. Step: 1222656. Time Elapsed: 159.599 s. Mean Reward: 1.278. Std of Reward: 1.178. Training.
[INFO] PicklebotExecutionV1. Step: 1224704. Time Elapsed: 161.401 s. Mean Reward: 0.745. Std of Reward: 1.169. Training.
[INFO] PicklebotExecutionV1. Step: 1226752. Time Elapsed: 162.993 s. Mean Reward: 1.024. Std of Reward: 1.013. Training.
[INFO] PicklebotExecutionV1. Step: 1228800. Time Elapsed: 164.647 s. Mean Reward: 0.885. Std of Reward: 1.188. Training.
[INFO] PicklebotExecutionV1. Step: 1230848. Time Elapsed: 167.198 s. Mean Reward: 0.918. Std of Reward: 1.187. Training.
[INFO] PicklebotExecutionV1. Step: 1232896. Time Elapsed: 168.615 s. Mean Reward: 1.251. Std of Reward: 1.185. Training.
[INFO] PicklebotExecutionV1. Step: 1234944. Time Elapsed: 170.068 s. Mean Reward: 0.758. Std of Reward: 1.237. Training.
[INFO] PicklebotExecutionV1. Step: 1236992. Time Elapsed: 171.648 s. Mean Reward: 0.863. Std of Reward: 1.202. Training.
[INFO] PicklebotExecutionV1. Step: 1239040. Time Elapsed: 173.975 s. Mean Reward: 0.883. Std of Reward: 1.194. Training.
[INFO] PicklebotExecutionV1. Step: 1241088. Time Elapsed: 175.514 s. Mean Reward: 0.839. Std of Reward: 1.066. Training.
[INFO] PicklebotExecutionV1. Step: 1243136. Time Elapsed: 176.918 s. Mean Reward: 0.903. Std of Reward: 0.989. Training.
[INFO] PicklebotExecutionV1. Step: 1245184. Time Elapsed: 178.457 s. Mean Reward: 0.874. Std of Reward: 1.280. Training.
[INFO] PicklebotExecutionV1. Step: 1247232. Time Elapsed: 180.887 s. Mean Reward: 0.881. Std of Reward: 1.179. Training.
[INFO] PicklebotExecutionV1. Step: 1249280. Time Elapsed: 182.403 s. Mean Reward: 1.395. Std of Reward: 1.151. Training.
[INFO] PicklebotExecutionV1. Step: 1251328. Time Elapsed: 183.865 s. Mean Reward: 1.065. Std of Reward: 1.170. Training.
[INFO] PicklebotExecutionV1. Step: 1253376. Time Elapsed: 185.379 s. Mean Reward: 0.794. Std of Reward: 1.286. Training.
[INFO] PicklebotExecutionV1. Step: 1255424. Time Elapsed: 188.006 s. Mean Reward: 0.790. Std of Reward: 1.308. Training.
[INFO] PicklebotExecutionV1. Step: 1257472. Time Elapsed: 189.647 s. Mean Reward: 0.795. Std of Reward: 1.164. Training.
[INFO] PicklebotExecutionV1. Step: 1259520. Time Elapsed: 191.100 s. Mean Reward: 0.906. Std of Reward: 1.092. Training.
[INFO] PicklebotExecutionV1. Step: 1261568. Time Elapsed: 192.682 s. Mean Reward: 0.805. Std of Reward: 1.236. Training.
[INFO] PicklebotExecutionV1. Step: 1263616. Time Elapsed: 195.102 s. Mean Reward: 1.214. Std of Reward: 1.065. Training.
[INFO] PicklebotExecutionV1. Step: 1265664. Time Elapsed: 196.629 s. Mean Reward: 1.253. Std of Reward: 1.196. Training.
[INFO] PicklebotExecutionV1. Step: 1267712. Time Elapsed: 198.210 s. Mean Reward: 1.053. Std of Reward: 1.014. Training.
[INFO] PicklebotExecutionV1. Step: 1269760. Time Elapsed: 199.518 s. Mean Reward: 1.164. Std of Reward: 1.013. Training.
[INFO] PicklebotExecutionV1. Step: 1271808. Time Elapsed: 201.936 s. Mean Reward: 0.773. Std of Reward: 1.178. Training.
[INFO] PicklebotExecutionV1. Step: 1273856. Time Elapsed: 203.480 s. Mean Reward: 0.626. Std of Reward: 1.128. Training.
[INFO] PicklebotExecutionV1. Step: 1275904. Time Elapsed: 204.948 s. Mean Reward: 1.030. Std of Reward: 0.910. Training.
[INFO] PicklebotExecutionV1. Step: 1277952. Time Elapsed: 206.436 s. Mean Reward: 1.056. Std of Reward: 1.011. Training.
[INFO] PicklebotExecutionV1. Step: 1280000. Time Elapsed: 208.968 s. Mean Reward: 1.189. Std of Reward: 1.154. Training.
[INFO] PicklebotExecutionV1. Step: 1282048. Time Elapsed: 210.555 s. Mean Reward: 1.116. Std of Reward: 1.055. Training.
[INFO] PicklebotExecutionV1. Step: 1284096. Time Elapsed: 212.007 s. Mean Reward: 1.082. Std of Reward: 1.242. Training.
[INFO] PicklebotExecutionV1. Step: 1286144. Time Elapsed: 213.682 s. Mean Reward: 1.016. Std of Reward: 1.101. Training.
[INFO] PicklebotExecutionV1. Step: 1288192. Time Elapsed: 216.255 s. Mean Reward: 0.833. Std of Reward: 1.224. Training.
[INFO] PicklebotExecutionV1. Step: 1290240. Time Elapsed: 218.042 s. Mean Reward: 0.903. Std of Reward: 1.210. Training.
[INFO] PicklebotExecutionV1. Step: 1292288. Time Elapsed: 219.672 s. Mean Reward: 0.878. Std of Reward: 1.038. Training.
[INFO] PicklebotExecutionV1. Step: 1294336. Time Elapsed: 221.439 s. Mean Reward: 0.862. Std of Reward: 1.198. Training.
[INFO] PicklebotExecutionV1. Step: 1296384. Time Elapsed: 224.063 s. Mean Reward: 0.988. Std of Reward: 1.069. Training.
[INFO] PicklebotExecutionV1. Step: 1298432. Time Elapsed: 225.604 s. Mean Reward: 1.099. Std of Reward: 1.156. Training.
[INFO] PicklebotExecutionV1. Step: 1300480. Time Elapsed: 227.201 s. Mean Reward: 1.074. Std of Reward: 1.236. Training.
[INFO] PicklebotExecutionV1. Step: 1302528. Time Elapsed: 228.816 s. Mean Reward: 1.025. Std of Reward: 1.199. Training.
[INFO] PicklebotExecutionV1. Step: 1304576. Time Elapsed: 231.367 s. Mean Reward: 1.006. Std of Reward: 1.126. Training.
[INFO] PicklebotExecutionV1. Step: 1306624. Time Elapsed: 233.095 s. Mean Reward: 0.685. Std of Reward: 1.272. Training.
[INFO] PicklebotExecutionV1. Step: 1308672. Time Elapsed: 234.740 s. Mean Reward: 1.007. Std of Reward: 1.023. Training.
[INFO] PicklebotExecutionV1. Step: 1310720. Time Elapsed: 236.404 s. Mean Reward: 0.785. Std of Reward: 1.238. Training.
[INFO] Exported F:\dev\picklebot\artifacts\mlagents\execution-axes-recovery-01\PicklebotExecutionV1\PicklebotExecutionV1-1310686.onnx
[INFO] PicklebotExecutionV1. Step: 1312768. Time Elapsed: 239.121 s. Mean Reward: 0.945. Std of Reward: 1.157. Training.
[INFO] PicklebotExecutionV1. Step: 1314816. Time Elapsed: 240.679 s. Mean Reward: 1.050. Std of Reward: 1.162. Training.
[INFO] PicklebotExecutionV1. Step: 1316864. Time Elapsed: 242.244 s. Mean Reward: 0.813. Std of Reward: 1.285. Training.
[INFO] PicklebotExecutionV1. Step: 1318912. Time Elapsed: 243.970 s. Mean Reward: 0.681. Std of Reward: 1.030. Training.
[INFO] PicklebotExecutionV1. Step: 1320960. Time Elapsed: 246.777 s. Mean Reward: 0.972. Std of Reward: 1.304. Training.
[INFO] PicklebotExecutionV1. Step: 1323008. Time Elapsed: 248.444 s. Mean Reward: 0.743. Std of Reward: 1.081. Training.
[INFO] PicklebotExecutionV1. Step: 1325056. Time Elapsed: 250.301 s. Mean Reward: 1.125. Std of Reward: 1.118. Training.
[INFO] PicklebotExecutionV1. Step: 1327104. Time Elapsed: 251.985 s. Mean Reward: 0.913. Std of Reward: 1.166. Training.
[INFO] PicklebotExecutionV1. Step: 1329152. Time Elapsed: 254.704 s. Mean Reward: 1.205. Std of Reward: 1.154. Training.
[INFO] PicklebotExecutionV1. Step: 1331200. Time Elapsed: 256.436 s. Mean Reward: 0.982. Std of Reward: 1.237. Training.
[INFO] PicklebotExecutionV1. Step: 1333248. Time Elapsed: 258.133 s. Mean Reward: 1.015. Std of Reward: 1.206. Training.
[INFO] PicklebotExecutionV1. Step: 1335296. Time Elapsed: 259.619 s. Mean Reward: 0.717. Std of Reward: 1.190. Training.
[INFO] PicklebotExecutionV1. Step: 1337344. Time Elapsed: 262.256 s. Mean Reward: 0.937. Std of Reward: 1.164. Training.
[INFO] PicklebotExecutionV1. Step: 1339392. Time Elapsed: 263.672 s. Mean Reward: 0.816. Std of Reward: 1.152. Training.
[INFO] PicklebotExecutionV1. Step: 1341440. Time Elapsed: 265.281 s. Mean Reward: 1.149. Std of Reward: 1.098. Training.
[INFO] PicklebotExecutionV1. Step: 1343488. Time Elapsed: 266.764 s. Mean Reward: 0.833. Std of Reward: 1.043. Training.
[INFO] PicklebotExecutionV1. Step: 1345536. Time Elapsed: 269.303 s. Mean Reward: 0.863. Std of Reward: 1.009. Training.
[INFO] PicklebotExecutionV1. Step: 1347584. Time Elapsed: 270.822 s. Mean Reward: 0.807. Std of Reward: 1.139. Training.
[INFO] PicklebotExecutionV1. Step: 1349632. Time Elapsed: 272.302 s. Mean Reward: 0.868. Std of Reward: 1.119. Training.
[INFO] PicklebotExecutionV1. Step: 1351680. Time Elapsed: 273.947 s. Mean Reward: 1.074. Std of Reward: 1.072. Training.
[INFO] PicklebotExecutionV1. Step: 1353728. Time Elapsed: 276.421 s. Mean Reward: 0.898. Std of Reward: 1.195. Training.
[INFO] PicklebotExecutionV1. Step: 1355776. Time Elapsed: 277.774 s. Mean Reward: 0.820. Std of Reward: 1.289. Training.
[INFO] PicklebotExecutionV1. Step: 1357824. Time Elapsed: 279.426 s. Mean Reward: 0.904. Std of Reward: 1.095. Training.
[INFO] PicklebotExecutionV1. Step: 1359872. Time Elapsed: 280.906 s. Mean Reward: 1.014. Std of Reward: 1.130. Training.
[INFO] PicklebotExecutionV1. Step: 1361920. Time Elapsed: 283.476 s. Mean Reward: 1.037. Std of Reward: 1.256. Training.
[INFO] PicklebotExecutionV1. Step: 1363968. Time Elapsed: 284.720 s. Mean Reward: 1.013. Std of Reward: 1.216. Training.
[INFO] PicklebotExecutionV1. Step: 1366016. Time Elapsed: 286.215 s. Mean Reward: 1.075. Std of Reward: 1.256. Training.
[INFO] PicklebotExecutionV1. Step: 1368064. Time Elapsed: 287.775 s. Mean Reward: 0.980. Std of Reward: 1.206. Training.
[INFO] PicklebotExecutionV1. Step: 1370112. Time Elapsed: 290.181 s. Mean Reward: 1.063. Std of Reward: 1.259. Training.
[INFO] PicklebotExecutionV1. Step: 1372160. Time Elapsed: 291.816 s. Mean Reward: 0.858. Std of Reward: 1.176. Training.
[INFO] PicklebotExecutionV1. Step: 1374208. Time Elapsed: 293.253 s. Mean Reward: 1.236. Std of Reward: 1.285. Training.
[INFO] PicklebotExecutionV1. Step: 1376256. Time Elapsed: 294.741 s. Mean Reward: 0.777. Std of Reward: 1.150. Training.
[INFO] PicklebotExecutionV1. Step: 1378304. Time Elapsed: 297.176 s. Mean Reward: 1.055. Std of Reward: 0.903. Training.
[INFO] PicklebotExecutionV1. Step: 1380352. Time Elapsed: 298.693 s. Mean Reward: 0.802. Std of Reward: 1.169. Training.
[INFO] PicklebotExecutionV1. Step: 1382400. Time Elapsed: 300.262 s. Mean Reward: 0.852. Std of Reward: 1.026. Training.
[INFO] PicklebotExecutionV1. Step: 1384448. Time Elapsed: 301.807 s. Mean Reward: 0.858. Std of Reward: 1.144. Training.
[INFO] PicklebotExecutionV1. Step: 1386496. Time Elapsed: 304.378 s. Mean Reward: 0.985. Std of Reward: 1.137. Training.
[INFO] PicklebotExecutionV1. Step: 1388544. Time Elapsed: 305.913 s. Mean Reward: 0.802. Std of Reward: 1.141. Training.
[INFO] PicklebotExecutionV1. Step: 1390592. Time Elapsed: 307.483 s. Mean Reward: 0.853. Std of Reward: 1.135. Training.
[INFO] PicklebotExecutionV1. Step: 1392640. Time Elapsed: 308.987 s. Mean Reward: 0.977. Std of Reward: 1.304. Training.
[INFO] PicklebotExecutionV1. Step: 1394688. Time Elapsed: 311.634 s. Mean Reward: 0.822. Std of Reward: 1.066. Training.
[INFO] PicklebotExecutionV1. Step: 1396736. Time Elapsed: 312.971 s. Mean Reward: 1.345. Std of Reward: 1.229. Training.
[INFO] PicklebotExecutionV1. Step: 1398784. Time Elapsed: 314.481 s. Mean Reward: 0.876. Std of Reward: 1.176. Training.
[INFO] PicklebotExecutionV1. Step: 1400832. Time Elapsed: 316.003 s. Mean Reward: 0.973. Std of Reward: 1.134. Training.
[INFO] PicklebotExecutionV1. Step: 1402880. Time Elapsed: 318.593 s. Mean Reward: 1.164. Std of Reward: 1.177. Training.
[INFO] PicklebotExecutionV1. Step: 1404928. Time Elapsed: 320.100 s. Mean Reward: 1.183. Std of Reward: 1.106. Training.
[INFO] PicklebotExecutionV1. Step: 1406976. Time Elapsed: 321.664 s. Mean Reward: 1.030. Std of Reward: 1.262. Training.
[INFO] PicklebotExecutionV1. Step: 1409024. Time Elapsed: 323.161 s. Mean Reward: 0.940. Std of Reward: 1.326. Training.
[INFO] PicklebotExecutionV1. Step: 1411072. Time Elapsed: 325.548 s. Mean Reward: 1.070. Std of Reward: 0.988. Training.
[INFO] PicklebotExecutionV1. Step: 1413120. Time Elapsed: 327.039 s. Mean Reward: 0.990. Std of Reward: 1.145. Training.
[INFO] PicklebotExecutionV1. Step: 1415168. Time Elapsed: 328.523 s. Mean Reward: 0.984. Std of Reward: 0.958. Training.
[INFO] PicklebotExecutionV1. Step: 1417216. Time Elapsed: 330.013 s. Mean Reward: 0.879. Std of Reward: 1.110. Training.
[INFO] PicklebotExecutionV1. Step: 1419264. Time Elapsed: 332.549 s. Mean Reward: 1.102. Std of Reward: 0.949. Training.
[INFO] PicklebotExecutionV1. Step: 1421312. Time Elapsed: 333.809 s. Mean Reward: 0.901. Std of Reward: 1.257. Training.
[INFO] PicklebotExecutionV1. Step: 1423360. Time Elapsed: 335.578 s. Mean Reward: 0.799. Std of Reward: 1.062. Training.
[INFO] PicklebotExecutionV1. Step: 1425408. Time Elapsed: 337.029 s. Mean Reward: 0.945. Std of Reward: 1.169. Training.
[INFO] PicklebotExecutionV1. Step: 1427456. Time Elapsed: 339.781 s. Mean Reward: 0.704. Std of Reward: 1.187. Training.
[INFO] PicklebotExecutionV1. Step: 1429504. Time Elapsed: 341.379 s. Mean Reward: 0.846. Std of Reward: 1.143. Training.
[INFO] PicklebotExecutionV1. Step: 1431552. Time Elapsed: 342.897 s. Mean Reward: 1.027. Std of Reward: 1.268. Training.
[INFO] PicklebotExecutionV1. Step: 1433600. Time Elapsed: 344.343 s. Mean Reward: 1.059. Std of Reward: 1.250. Training.
[INFO] PicklebotExecutionV1. Step: 1435648. Time Elapsed: 346.926 s. Mean Reward: 0.970. Std of Reward: 1.230. Training.
[INFO] PicklebotExecutionV1. Step: 1437696. Time Elapsed: 348.179 s. Mean Reward: 1.149. Std of Reward: 1.260. Training.
[INFO] PicklebotExecutionV1. Step: 1439744. Time Elapsed: 349.893 s. Mean Reward: 1.186. Std of Reward: 1.266. Training.
[INFO] PicklebotExecutionV1. Step: 1441792. Time Elapsed: 351.293 s. Mean Reward: 1.202. Std of Reward: 1.214. Training.
[INFO] PicklebotExecutionV1. Step: 1443840. Time Elapsed: 353.855 s. Mean Reward: 1.050. Std of Reward: 1.179. Training.
[INFO] PicklebotExecutionV1. Step: 1445888. Time Elapsed: 355.275 s. Mean Reward: 0.789. Std of Reward: 1.227. Training.
[INFO] PicklebotExecutionV1. Step: 1447936. Time Elapsed: 356.672 s. Mean Reward: 1.006. Std of Reward: 1.023. Training.
[INFO] PicklebotExecutionV1. Step: 1449984. Time Elapsed: 358.245 s. Mean Reward: 0.974. Std of Reward: 0.990. Training.
[INFO] PicklebotExecutionV1. Step: 1452032. Time Elapsed: 360.726 s. Mean Reward: 1.012. Std of Reward: 0.912. Training.
[INFO] PicklebotExecutionV1. Step: 1454080. Time Elapsed: 362.206 s. Mean Reward: 0.900. Std of Reward: 1.192. Training.
[INFO] PicklebotExecutionV1. Step: 1456128. Time Elapsed: 363.707 s. Mean Reward: 0.891. Std of Reward: 1.119. Training.
[INFO] PicklebotExecutionV1. Step: 1458176. Time Elapsed: 365.212 s. Mean Reward: 0.707. Std of Reward: 1.113. Training.
[INFO] PicklebotExecutionV1. Step: 1460224. Time Elapsed: 367.846 s. Mean Reward: 0.716. Std of Reward: 1.114. Training.
[INFO] PicklebotExecutionV1. Step: 1462272. Time Elapsed: 369.466 s. Mean Reward: 0.716. Std of Reward: 1.107. Training.
[INFO] PicklebotExecutionV1. Step: 1464320. Time Elapsed: 370.914 s. Mean Reward: 1.052. Std of Reward: 1.163. Training.
[INFO] PicklebotExecutionV1. Step: 1466368. Time Elapsed: 372.528 s. Mean Reward: 1.168. Std of Reward: 1.244. Training.
[INFO] PicklebotExecutionV1. Step: 1468416. Time Elapsed: 374.907 s. Mean Reward: 0.989. Std of Reward: 1.261. Training.
[INFO] PicklebotExecutionV1. Step: 1470464. Time Elapsed: 376.457 s. Mean Reward: 1.237. Std of Reward: 1.278. Training.
[INFO] PicklebotExecutionV1. Step: 1472512. Time Elapsed: 377.805 s. Mean Reward: 1.106. Std of Reward: 1.302. Training.
[INFO] PicklebotExecutionV1. Step: 1474560. Time Elapsed: 379.299 s. Mean Reward: 1.028. Std of Reward: 1.286. Training.
[INFO] PicklebotExecutionV1. Step: 1476608. Time Elapsed: 381.786 s. Mean Reward: 0.841. Std of Reward: 1.277. Training.
[INFO] PicklebotExecutionV1. Step: 1478656. Time Elapsed: 383.312 s. Mean Reward: 0.935. Std of Reward: 1.186. Training.
[INFO] PicklebotExecutionV1. Step: 1480704. Time Elapsed: 384.830 s. Mean Reward: 1.004. Std of Reward: 1.043. Training.
[INFO] PicklebotExecutionV1. Step: 1482752. Time Elapsed: 386.361 s. Mean Reward: 0.942. Std of Reward: 1.076. Training.
[INFO] PicklebotExecutionV1. Step: 1484800. Time Elapsed: 388.830 s. Mean Reward: 1.046. Std of Reward: 0.998. Training.
[INFO] PicklebotExecutionV1. Step: 1486848. Time Elapsed: 390.209 s. Mean Reward: 1.057. Std of Reward: 0.969. Training.
[INFO] PicklebotExecutionV1. Step: 1488896. Time Elapsed: 391.810 s. Mean Reward: 1.055. Std of Reward: 1.064. Training.
[INFO] PicklebotExecutionV1. Step: 1490944. Time Elapsed: 393.195 s. Mean Reward: 0.887. Std of Reward: 1.029. Training.
[INFO] PicklebotExecutionV1. Step: 1492992. Time Elapsed: 395.882 s. Mean Reward: 0.748. Std of Reward: 0.995. Training.
[INFO] PicklebotExecutionV1. Step: 1495040. Time Elapsed: 397.306 s. Mean Reward: 0.709. Std of Reward: 1.182. Training.
[INFO] PicklebotExecutionV1. Step: 1497088. Time Elapsed: 398.841 s. Mean Reward: 0.860. Std of Reward: 1.031. Training.
[INFO] PicklebotExecutionV1. Step: 1499136. Time Elapsed: 400.266 s. Mean Reward: 1.094. Std of Reward: 1.161. Training.
[INFO] PicklebotExecutionV1. Step: 1501184. Time Elapsed: 402.700 s. Mean Reward: 1.246. Std of Reward: 1.276. Training.
[INFO] PicklebotExecutionV1. Step: 1503232. Time Elapsed: 404.137 s. Mean Reward: 1.074. Std of Reward: 1.152. Training.
[INFO] PicklebotExecutionV1. Step: 1505280. Time Elapsed: 405.667 s. Mean Reward: 1.256. Std of Reward: 1.174. Training.
[INFO] PicklebotExecutionV1. Step: 1507328. Time Elapsed: 407.059 s. Mean Reward: 1.339. Std of Reward: 1.230. Training.
[INFO] PicklebotExecutionV1. Step: 1509376. Time Elapsed: 409.536 s. Mean Reward: 1.120. Std of Reward: 1.034. Training.
[INFO] PicklebotExecutionV1. Step: 1511424. Time Elapsed: 411.206 s. Mean Reward: 1.168. Std of Reward: 1.182. Training.
[INFO] PicklebotExecutionV1. Step: 1513472. Time Elapsed: 412.704 s. Mean Reward: 1.158. Std of Reward: 1.197. Training.
[INFO] PicklebotExecutionV1. Step: 1515520. Time Elapsed: 414.259 s. Mean Reward: 1.219. Std of Reward: 0.937. Training.
[INFO] PicklebotExecutionV1. Step: 1517568. Time Elapsed: 416.678 s. Mean Reward: 0.970. Std of Reward: 0.846. Training.
[INFO] PicklebotExecutionV1. Step: 1519616. Time Elapsed: 418.207 s. Mean Reward: 1.160. Std of Reward: 1.001. Training.
[INFO] PicklebotExecutionV1. Step: 1521664. Time Elapsed: 419.707 s. Mean Reward: 1.094. Std of Reward: 0.864. Training.
[INFO] PicklebotExecutionV1. Step: 1523712. Time Elapsed: 421.269 s. Mean Reward: 1.061. Std of Reward: 0.889. Training.
[INFO] PicklebotExecutionV1. Step: 1525760. Time Elapsed: 423.538 s. Mean Reward: 0.987. Std of Reward: 0.947. Training.
[INFO] PicklebotExecutionV1. Step: 1527808. Time Elapsed: 425.062 s. Mean Reward: 0.657. Std of Reward: 1.216. Training.
[INFO] PicklebotExecutionV1. Step: 1529856. Time Elapsed: 426.635 s. Mean Reward: 0.481. Std of Reward: 1.181. Training.
[INFO] PicklebotExecutionV1. Step: 1531904. Time Elapsed: 428.205 s. Mean Reward: 0.882. Std of Reward: 1.100. Training.
[INFO] PicklebotExecutionV1. Step: 1533952. Time Elapsed: 430.809 s. Mean Reward: 1.065. Std of Reward: 1.191. Training.
[INFO] PicklebotExecutionV1. Step: 1536000. Time Elapsed: 432.361 s. Mean Reward: 1.150. Std of Reward: 1.338. Training.
[INFO] PicklebotExecutionV1. Step: 1538048. Time Elapsed: 433.844 s. Mean Reward: 1.103. Std of Reward: 1.138. Training.
[INFO] PicklebotExecutionV1. Step: 1540096. Time Elapsed: 435.373 s. Mean Reward: 1.142. Std of Reward: 1.336. Training.
[INFO] PicklebotExecutionV1. Step: 1542144. Time Elapsed: 437.862 s. Mean Reward: 0.901. Std of Reward: 1.254. Training.
[INFO] PicklebotExecutionV1. Step: 1544192. Time Elapsed: 439.364 s. Mean Reward: 1.123. Std of Reward: 1.041. Training.
[INFO] PicklebotExecutionV1. Step: 1546240. Time Elapsed: 440.764 s. Mean Reward: 0.881. Std of Reward: 1.412. Training.
[INFO] PicklebotExecutionV1. Step: 1548288. Time Elapsed: 442.325 s. Mean Reward: 0.700. Std of Reward: 1.246. Training.
[INFO] PicklebotExecutionV1. Step: 1550336. Time Elapsed: 444.732 s. Mean Reward: 1.007. Std of Reward: 1.041. Training.
[INFO] PicklebotExecutionV1. Step: 1552384. Time Elapsed: 446.330 s. Mean Reward: 0.852. Std of Reward: 1.109. Training.
[INFO] PicklebotExecutionV1. Step: 1554432. Time Elapsed: 447.562 s. Mean Reward: 1.039. Std of Reward: 0.895. Training.
[INFO] PicklebotExecutionV1. Step: 1556480. Time Elapsed: 449.263 s. Mean Reward: 1.217. Std of Reward: 1.115. Training.
[INFO] PicklebotExecutionV1. Step: 1558528. Time Elapsed: 451.586 s. Mean Reward: 0.797. Std of Reward: 1.085. Training.
[INFO] PicklebotExecutionV1. Step: 1560576. Time Elapsed: 453.218 s. Mean Reward: 0.941. Std of Reward: 1.076. Training.
[INFO] PicklebotExecutionV1. Step: 1562624. Time Elapsed: 454.559 s. Mean Reward: 0.852. Std of Reward: 1.045. Training.
[INFO] PicklebotExecutionV1. Step: 1564672. Time Elapsed: 456.328 s. Mean Reward: 0.580. Std of Reward: 1.071. Training.
[INFO] PicklebotExecutionV1. Step: 1566720. Time Elapsed: 458.563 s. Mean Reward: 0.888. Std of Reward: 1.127. Training.
[INFO] PicklebotExecutionV1. Step: 1568768. Time Elapsed: 460.238 s. Mean Reward: 1.132. Std of Reward: 1.199. Training.
[INFO] PicklebotExecutionV1. Step: 1570816. Time Elapsed: 461.599 s. Mean Reward: 1.214. Std of Reward: 1.292. Training.
[INFO] PicklebotExecutionV1. Step: 1572864. Time Elapsed: 463.152 s. Mean Reward: 1.048. Std of Reward: 1.175. Training.
[INFO] Exported F:\dev\picklebot\artifacts\mlagents\execution-axes-recovery-01\PicklebotExecutionV1\PicklebotExecutionV1-1572854.onnx
[INFO] PicklebotExecutionV1. Step: 1574912. Time Elapsed: 465.540 s. Mean Reward: 1.359. Std of Reward: 1.329. Training.
[INFO] PicklebotExecutionV1. Step: 1576960. Time Elapsed: 467.036 s. Mean Reward: 1.098. Std of Reward: 1.231. Training.
[INFO] PicklebotExecutionV1. Step: 1579008. Time Elapsed: 468.565 s. Mean Reward: 1.024. Std of Reward: 1.103. Training.
[INFO] PicklebotExecutionV1. Step: 1581056. Time Elapsed: 470.101 s. Mean Reward: 0.808. Std of Reward: 1.221. Training.
[INFO] PicklebotExecutionV1. Step: 1583104. Time Elapsed: 472.407 s. Mean Reward: 0.649. Std of Reward: 1.213. Training.
[INFO] PicklebotExecutionV1. Step: 1585152. Time Elapsed: 473.798 s. Mean Reward: 1.265. Std of Reward: 0.794. Training.
[INFO] PicklebotExecutionV1. Step: 1587200. Time Elapsed: 475.296 s. Mean Reward: 0.818. Std of Reward: 1.124. Training.
[INFO] PicklebotExecutionV1. Step: 1589248. Time Elapsed: 476.895 s. Mean Reward: 1.019. Std of Reward: 1.000. Training.
[INFO] PicklebotExecutionV1. Step: 1591296. Time Elapsed: 479.269 s. Mean Reward: 1.167. Std of Reward: 1.060. Training.
[INFO] PicklebotExecutionV1. Step: 1593344. Time Elapsed: 480.727 s. Mean Reward: 0.706. Std of Reward: 1.198. Training.
[INFO] PicklebotExecutionV1. Step: 1595392. Time Elapsed: 482.105 s. Mean Reward: 0.667. Std of Reward: 1.115. Training.
[INFO] PicklebotExecutionV1. Step: 1597440. Time Elapsed: 483.741 s. Mean Reward: 0.745. Std of Reward: 1.164. Training.
[INFO] PicklebotExecutionV1. Step: 1599488. Time Elapsed: 486.239 s. Mean Reward: 0.883. Std of Reward: 1.108. Training.
[INFO] PicklebotExecutionV1. Step: 1601536. Time Elapsed: 487.940 s. Mean Reward: 0.821. Std of Reward: 1.151. Training.
[INFO] PicklebotExecutionV1. Step: 1603584. Time Elapsed: 489.325 s. Mean Reward: 1.057. Std of Reward: 1.152. Training.
[INFO] PicklebotExecutionV1. Step: 1605632. Time Elapsed: 491.022 s. Mean Reward: 1.364. Std of Reward: 1.314. Training.
[INFO] PicklebotExecutionV1. Step: 1607680. Time Elapsed: 493.520 s. Mean Reward: 1.140. Std of Reward: 1.183. Training.
[INFO] PicklebotExecutionV1. Step: 1609728. Time Elapsed: 494.966 s. Mean Reward: 1.173. Std of Reward: 1.322. Training.
[INFO] PicklebotExecutionV1. Step: 1611776. Time Elapsed: 496.617 s. Mean Reward: 1.021. Std of Reward: 1.416. Training.
[INFO] PicklebotExecutionV1. Step: 1613824. Time Elapsed: 498.001 s. Mean Reward: 1.082. Std of Reward: 1.056. Training.
[INFO] PicklebotExecutionV1. Step: 1615872. Time Elapsed: 500.673 s. Mean Reward: 0.806. Std of Reward: 1.222. Training.
[INFO] PicklebotExecutionV1. Step: 1617920. Time Elapsed: 501.981 s. Mean Reward: 1.031. Std of Reward: 1.094. Training.
[INFO] PicklebotExecutionV1. Step: 1619968. Time Elapsed: 503.512 s. Mean Reward: 0.964. Std of Reward: 1.055. Training.
[INFO] PicklebotExecutionV1. Step: 1622016. Time Elapsed: 504.981 s. Mean Reward: 1.087. Std of Reward: 0.850. Training.
[INFO] PicklebotExecutionV1. Step: 1624064. Time Elapsed: 507.523 s. Mean Reward: 1.083. Std of Reward: 1.050. Training.
[INFO] PicklebotExecutionV1. Step: 1626112. Time Elapsed: 508.976 s. Mean Reward: 1.096. Std of Reward: 1.217. Training.
[INFO] PicklebotExecutionV1. Step: 1628160. Time Elapsed: 510.469 s. Mean Reward: 0.797. Std of Reward: 1.077. Training.
[INFO] PicklebotExecutionV1. Step: 1630208. Time Elapsed: 511.885 s. Mean Reward: 0.840. Std of Reward: 1.141. Training.
[INFO] PicklebotExecutionV1. Step: 1632256. Time Elapsed: 514.450 s. Mean Reward: 0.692. Std of Reward: 1.102. Training.
[INFO] PicklebotExecutionV1. Step: 1634304. Time Elapsed: 515.945 s. Mean Reward: 0.634. Std of Reward: 1.126. Training.
[INFO] PicklebotExecutionV1. Step: 1636352. Time Elapsed: 517.518 s. Mean Reward: 1.049. Std of Reward: 1.013. Training.
[INFO] PicklebotExecutionV1. Step: 1638400. Time Elapsed: 519.007 s. Mean Reward: 1.018. Std of Reward: 1.277. Training.
[INFO] PicklebotExecutionV1. Step: 1640448. Time Elapsed: 521.373 s. Mean Reward: 1.433. Std of Reward: 1.210. Training.
[INFO] PicklebotExecutionV1. Step: 1642496. Time Elapsed: 522.722 s. Mean Reward: 1.212. Std of Reward: 1.290. Training.
[INFO] PicklebotExecutionV1. Step: 1644544. Time Elapsed: 524.451 s. Mean Reward: 0.938. Std of Reward: 1.313. Training.
[INFO] PicklebotExecutionV1. Step: 1646592. Time Elapsed: 525.885 s. Mean Reward: 1.002. Std of Reward: 1.203. Training.
[INFO] PicklebotExecutionV1. Step: 1648640. Time Elapsed: 528.352 s. Mean Reward: 1.150. Std of Reward: 1.212. Training.
[INFO] PicklebotExecutionV1. Step: 1650688. Time Elapsed: 529.943 s. Mean Reward: 0.868. Std of Reward: 1.112. Training.
[INFO] PicklebotExecutionV1. Step: 1652736. Time Elapsed: 531.447 s. Mean Reward: 1.049. Std of Reward: 1.085. Training.
[INFO] PicklebotExecutionV1. Step: 1654784. Time Elapsed: 532.956 s. Mean Reward: 0.989. Std of Reward: 1.115. Training.
[INFO] PicklebotExecutionV1. Step: 1656832. Time Elapsed: 535.240 s. Mean Reward: 1.053. Std of Reward: 1.168. Training.
[INFO] PicklebotExecutionV1. Step: 1658880. Time Elapsed: 536.848 s. Mean Reward: 0.998. Std of Reward: 1.125. Training.
[INFO] PicklebotExecutionV1. Step: 1660928. Time Elapsed: 538.261 s. Mean Reward: 0.540. Std of Reward: 1.229. Training.
[INFO] PicklebotExecutionV1. Step: 1662976. Time Elapsed: 539.862 s. Mean Reward: 0.769. Std of Reward: 1.156. Training.
[INFO] PicklebotExecutionV1. Step: 1665024. Time Elapsed: 542.179 s. Mean Reward: 0.585. Std of Reward: 1.203. Training.
[INFO] PicklebotExecutionV1. Step: 1667072. Time Elapsed: 543.684 s. Mean Reward: 0.571. Std of Reward: 1.061. Training.
[INFO] PicklebotExecutionV1. Step: 1669120. Time Elapsed: 545.265 s. Mean Reward: 1.197. Std of Reward: 1.069. Training.
[INFO] PicklebotExecutionV1. Step: 1671168. Time Elapsed: 546.843 s. Mean Reward: 1.089. Std of Reward: 1.062. Training.
[INFO] PicklebotExecutionV1. Step: 1673216. Time Elapsed: 549.612 s. Mean Reward: 1.184. Std of Reward: 1.332. Training.
[INFO] PicklebotExecutionV1. Step: 1675264. Time Elapsed: 551.110 s. Mean Reward: 1.297. Std of Reward: 1.167. Training.
[INFO] PicklebotExecutionV1. Step: 1677312. Time Elapsed: 552.554 s. Mean Reward: 1.141. Std of Reward: 1.192. Training.
[INFO] PicklebotExecutionV1. Step: 1679360. Time Elapsed: 554.031 s. Mean Reward: 1.140. Std of Reward: 1.386. Training.
[INFO] PicklebotExecutionV1. Step: 1681408. Time Elapsed: 556.702 s. Mean Reward: 0.782. Std of Reward: 1.161. Training.
[INFO] PicklebotExecutionV1. Step: 1683456. Time Elapsed: 558.115 s. Mean Reward: 0.860. Std of Reward: 1.125. Training.
[INFO] PicklebotExecutionV1. Step: 1685504. Time Elapsed: 559.770 s. Mean Reward: 1.088. Std of Reward: 0.965. Training.
[INFO] PicklebotExecutionV1. Step: 1687552. Time Elapsed: 561.050 s. Mean Reward: 0.935. Std of Reward: 1.082. Training.
[INFO] PicklebotExecutionV1. Step: 1689600. Time Elapsed: 563.528 s. Mean Reward: 0.484. Std of Reward: 1.247. Training.
[INFO] PicklebotExecutionV1. Step: 1691648. Time Elapsed: 565.318 s. Mean Reward: 1.328. Std of Reward: 0.928. Training.
[INFO] PicklebotExecutionV1. Step: 1693696. Time Elapsed: 566.616 s. Mean Reward: 0.939. Std of Reward: 0.978. Training.
[INFO] PicklebotExecutionV1. Step: 1695744. Time Elapsed: 568.295 s. Mean Reward: 0.815. Std of Reward: 1.212. Training.
[INFO] PicklebotExecutionV1. Step: 1697792. Time Elapsed: 570.573 s. Mean Reward: 0.950. Std of Reward: 0.978. Training.
[INFO] PicklebotExecutionV1. Step: 1699840. Time Elapsed: 572.109 s. Mean Reward: 0.701. Std of Reward: 1.217. Training.
[INFO] PicklebotExecutionV1. Step: 1701888. Time Elapsed: 573.550 s. Mean Reward: 0.774. Std of Reward: 1.067. Training.
[INFO] PicklebotExecutionV1. Step: 1703936. Time Elapsed: 575.013 s. Mean Reward: 0.930. Std of Reward: 1.191. Training.
[INFO] PicklebotExecutionV1. Step: 1705984. Time Elapsed: 577.622 s. Mean Reward: 0.904. Std of Reward: 1.012. Training.
[INFO] PicklebotExecutionV1. Step: 1708032. Time Elapsed: 578.931 s. Mean Reward: 1.396. Std of Reward: 1.186. Training.
[INFO] PicklebotExecutionV1. Step: 1710080. Time Elapsed: 580.467 s. Mean Reward: 1.181. Std of Reward: 1.166. Training.
[INFO] PicklebotExecutionV1. Step: 1712128. Time Elapsed: 581.902 s. Mean Reward: 1.099. Std of Reward: 1.369. Training.
[INFO] PicklebotExecutionV1. Step: 1714176. Time Elapsed: 584.349 s. Mean Reward: 1.005. Std of Reward: 1.290. Training.
[INFO] PicklebotExecutionV1. Step: 1716224. Time Elapsed: 585.642 s. Mean Reward: 0.880. Std of Reward: 1.108. Training.
[INFO] PicklebotExecutionV1. Step: 1718272. Time Elapsed: 587.324 s. Mean Reward: 1.078. Std of Reward: 1.068. Training.
[INFO] PicklebotExecutionV1. Step: 1720320. Time Elapsed: 588.818 s. Mean Reward: 0.823. Std of Reward: 1.044. Training.
[INFO] PicklebotExecutionV1. Step: 1722368. Time Elapsed: 591.320 s. Mean Reward: 1.018. Std of Reward: 1.271. Training.
[INFO] PicklebotExecutionV1. Step: 1724416. Time Elapsed: 592.786 s. Mean Reward: 0.894. Std of Reward: 1.103. Training.
[INFO] PicklebotExecutionV1. Step: 1726464. Time Elapsed: 594.246 s. Mean Reward: 1.210. Std of Reward: 1.069. Training.
[INFO] PicklebotExecutionV1. Step: 1728512. Time Elapsed: 595.642 s. Mean Reward: 0.878. Std of Reward: 1.007. Training.
[INFO] PicklebotExecutionV1. Step: 1730560. Time Elapsed: 598.194 s. Mean Reward: 0.708. Std of Reward: 1.201. Training.
[INFO] PicklebotExecutionV1. Step: 1732608. Time Elapsed: 599.637 s. Mean Reward: 0.673. Std of Reward: 1.134. Training.
[INFO] PicklebotExecutionV1. Step: 1734656. Time Elapsed: 601.065 s. Mean Reward: 0.946. Std of Reward: 1.049. Training.
[INFO] PicklebotExecutionV1. Step: 1736704. Time Elapsed: 602.637 s. Mean Reward: 0.926. Std of Reward: 1.013. Training.
[INFO] PicklebotExecutionV1. Step: 1738752. Time Elapsed: 605.229 s. Mean Reward: 1.090. Std of Reward: 1.319. Training.
[INFO] PicklebotExecutionV1. Step: 1740800. Time Elapsed: 606.690 s. Mean Reward: 1.071. Std of Reward: 1.223. Training.
[INFO] PicklebotExecutionV1. Step: 1742848. Time Elapsed: 608.292 s. Mean Reward: 1.234. Std of Reward: 1.211. Training.
[INFO] PicklebotExecutionV1. Step: 1744896. Time Elapsed: 609.835 s. Mean Reward: 1.067. Std of Reward: 1.230. Training.
[INFO] PicklebotExecutionV1. Step: 1746944. Time Elapsed: 612.614 s. Mean Reward: 0.792. Std of Reward: 1.383. Training.
[INFO] PicklebotExecutionV1. Step: 1748992. Time Elapsed: 614.320 s. Mean Reward: 0.874. Std of Reward: 1.098. Training.
[INFO] PicklebotExecutionV1. Step: 1751040. Time Elapsed: 616.038 s. Mean Reward: 0.828. Std of Reward: 1.139. Training.
[INFO] PicklebotExecutionV1. Step: 1753088. Time Elapsed: 617.746 s. Mean Reward: 1.151. Std of Reward: 0.997. Training.
[INFO] PicklebotExecutionV1. Step: 1755136. Time Elapsed: 620.132 s. Mean Reward: 0.881. Std of Reward: 1.279. Training.
[INFO] PicklebotExecutionV1. Step: 1757184. Time Elapsed: 621.897 s. Mean Reward: 1.075. Std of Reward: 1.060. Training.
[INFO] PicklebotExecutionV1. Step: 1759232. Time Elapsed: 623.417 s. Mean Reward: 0.986. Std of Reward: 1.221. Training.
[INFO] PicklebotExecutionV1. Step: 1761280. Time Elapsed: 624.965 s. Mean Reward: 0.632. Std of Reward: 1.127. Training.
[INFO] PicklebotExecutionV1. Step: 1763328. Time Elapsed: 627.632 s. Mean Reward: 0.826. Std of Reward: 0.971. Training.
[INFO] PicklebotExecutionV1. Step: 1765376. Time Elapsed: 629.060 s. Mean Reward: 1.012. Std of Reward: 1.280. Training.
[INFO] PicklebotExecutionV1. Step: 1767424. Time Elapsed: 630.741 s. Mean Reward: 0.892. Std of Reward: 1.107. Training.
[INFO] PicklebotExecutionV1. Step: 1769472. Time Elapsed: 631.967 s. Mean Reward: 1.203. Std of Reward: 1.078. Training.
[INFO] PicklebotExecutionV1. Step: 1771520. Time Elapsed: 634.901 s. Mean Reward: 1.152. Std of Reward: 1.103. Training.
[INFO] PicklebotExecutionV1. Step: 1773568. Time Elapsed: 636.238 s. Mean Reward: 1.163. Std of Reward: 1.017. Training.
[INFO] PicklebotExecutionV1. Step: 1775616. Time Elapsed: 637.784 s. Mean Reward: 0.972. Std of Reward: 1.359. Training.
[INFO] PicklebotExecutionV1. Step: 1777664. Time Elapsed: 639.176 s. Mean Reward: 1.008. Std of Reward: 1.105. Training.
[INFO] PicklebotExecutionV1. Step: 1779712. Time Elapsed: 641.604 s. Mean Reward: 1.015. Std of Reward: 1.027. Training.
[INFO] PicklebotExecutionV1. Step: 1781760. Time Elapsed: 643.222 s. Mean Reward: 0.937. Std of Reward: 1.079. Training.
[INFO] PicklebotExecutionV1. Step: 1783808. Time Elapsed: 644.486 s. Mean Reward: 1.136. Std of Reward: 0.924. Training.
[INFO] PicklebotExecutionV1. Step: 1785856. Time Elapsed: 646.039 s. Mean Reward: 1.007. Std of Reward: 1.116. Training.
[INFO] PicklebotExecutionV1. Step: 1787904. Time Elapsed: 648.379 s. Mean Reward: 1.022. Std of Reward: 1.131. Training.
[INFO] PicklebotExecutionV1. Step: 1789952. Time Elapsed: 649.919 s. Mean Reward: 0.947. Std of Reward: 1.179. Training.
[INFO] PicklebotExecutionV1. Step: 1792000. Time Elapsed: 651.445 s. Mean Reward: 1.049. Std of Reward: 1.083. Training.
[INFO] PicklebotExecutionV1. Step: 1794048. Time Elapsed: 652.791 s. Mean Reward: 1.051. Std of Reward: 0.987. Training.
[INFO] PicklebotExecutionV1. Step: 1796096. Time Elapsed: 655.166 s. Mean Reward: 0.835. Std of Reward: 1.335. Training.
[INFO] PicklebotExecutionV1. Step: 1798144. Time Elapsed: 656.758 s. Mean Reward: 1.273. Std of Reward: 1.000. Training.
[INFO] PicklebotExecutionV1. Step: 1800192. Time Elapsed: 658.212 s. Mean Reward: 0.939. Std of Reward: 1.256. Training.
[INFO] PicklebotExecutionV1. Step: 1802240. Time Elapsed: 659.696 s. Mean Reward: 1.047. Std of Reward: 1.093. Training.
[INFO] PicklebotExecutionV1. Step: 1804288. Time Elapsed: 662.184 s. Mean Reward: 1.007. Std of Reward: 1.123. Training.
[INFO] PicklebotExecutionV1. Step: 1806336. Time Elapsed: 663.812 s. Mean Reward: 0.784. Std of Reward: 1.153. Training.
[INFO] PicklebotExecutionV1. Step: 1808384. Time Elapsed: 665.173 s. Mean Reward: 0.993. Std of Reward: 1.211. Training.
[INFO] PicklebotExecutionV1. Step: 1810432. Time Elapsed: 666.859 s. Mean Reward: 0.855. Std of Reward: 1.350. Training.
[INFO] PicklebotExecutionV1. Step: 1812480. Time Elapsed: 669.422 s. Mean Reward: 0.996. Std of Reward: 1.192. Training.
[INFO] PicklebotExecutionV1. Step: 1814528. Time Elapsed: 670.959 s. Mean Reward: 0.987. Std of Reward: 1.118. Training.
[INFO] PicklebotExecutionV1. Step: 1816576. Time Elapsed: 672.533 s. Mean Reward: 0.659. Std of Reward: 1.202. Training.
[INFO] PicklebotExecutionV1. Step: 1818624. Time Elapsed: 673.967 s. Mean Reward: 0.965. Std of Reward: 1.063. Training.
[INFO] PicklebotExecutionV1. Step: 1820672. Time Elapsed: 675.438 s. Mean Reward: 1.130. Std of Reward: 1.105. Training.
[INFO] PicklebotExecutionV1. Step: 1822720. Time Elapsed: 677.923 s. Mean Reward: 0.871. Std of Reward: 1.103. Training.
[INFO] PicklebotExecutionV1. Step: 1824768. Time Elapsed: 679.326 s. Mean Reward: 1.026. Std of Reward: 1.105. Training.
[INFO] PicklebotExecutionV1. Step: 1826816. Time Elapsed: 680.786 s. Mean Reward: 1.015. Std of Reward: 1.131. Training.
[INFO] PicklebotExecutionV1. Step: 1828864. Time Elapsed: 682.401 s. Mean Reward: 0.965. Std of Reward: 1.249. Training.
[INFO] PicklebotExecutionV1. Step: 1830912. Time Elapsed: 684.636 s. Mean Reward: 0.982. Std of Reward: 1.058. Training.
[INFO] PicklebotExecutionV1. Step: 1832960. Time Elapsed: 686.130 s. Mean Reward: 0.974. Std of Reward: 1.306. Training.
[INFO] PicklebotExecutionV1. Step: 1835008. Time Elapsed: 687.529 s. Mean Reward: 0.693. Std of Reward: 1.262. Training.
[INFO] Exported F:\dev\picklebot\artifacts\mlagents\execution-axes-recovery-01\PicklebotExecutionV1\PicklebotExecutionV1-1835002.onnx
[INFO] PicklebotExecutionV1. Step: 1837056. Time Elapsed: 689.176 s. Mean Reward: 0.956. Std of Reward: 1.301. Training.
[INFO] PicklebotExecutionV1. Step: 1839104. Time Elapsed: 691.466 s. Mean Reward: 0.844. Std of Reward: 1.065. Training.
[INFO] PicklebotExecutionV1. Step: 1841152. Time Elapsed: 692.884 s. Mean Reward: 1.173. Std of Reward: 1.156. Training.
[INFO] PicklebotExecutionV1. Step: 1843200. Time Elapsed: 694.362 s. Mean Reward: 0.930. Std of Reward: 1.185. Training.
[INFO] PicklebotExecutionV1. Step: 1845248. Time Elapsed: 695.983 s. Mean Reward: 0.997. Std of Reward: 1.219. Training.
[INFO] PicklebotExecutionV1. Step: 1847296. Time Elapsed: 698.415 s. Mean Reward: 0.880. Std of Reward: 1.094. Training.
[INFO] PicklebotExecutionV1. Step: 1849344. Time Elapsed: 699.756 s. Mean Reward: 0.836. Std of Reward: 1.135. Training.
[INFO] PicklebotExecutionV1. Step: 1851392. Time Elapsed: 701.362 s. Mean Reward: 0.731. Std of Reward: 1.007. Training.
[INFO] PicklebotExecutionV1. Step: 1853440. Time Elapsed: 702.659 s. Mean Reward: 0.908. Std of Reward: 0.980. Training.
[INFO] PicklebotExecutionV1. Step: 1855488. Time Elapsed: 705.125 s. Mean Reward: 0.878. Std of Reward: 1.213. Training.
[INFO] PicklebotExecutionV1. Step: 1857536. Time Elapsed: 706.612 s. Mean Reward: 1.016. Std of Reward: 1.101. Training.
[INFO] PicklebotExecutionV1. Step: 1859584. Time Elapsed: 708.005 s. Mean Reward: 1.119. Std of Reward: 1.111. Training.
[INFO] PicklebotExecutionV1. Step: 1861632. Time Elapsed: 709.443 s. Mean Reward: 1.116. Std of Reward: 1.285. Training.
[INFO] PicklebotExecutionV1. Step: 1863680. Time Elapsed: 711.956 s. Mean Reward: 1.228. Std of Reward: 1.103. Training.
[INFO] PicklebotExecutionV1. Step: 1865728. Time Elapsed: 713.450 s. Mean Reward: 1.008. Std of Reward: 1.135. Training.
[INFO] PicklebotExecutionV1. Step: 1867776. Time Elapsed: 714.810 s. Mean Reward: 0.713. Std of Reward: 1.116. Training.
[INFO] PicklebotExecutionV1. Step: 1869824. Time Elapsed: 716.402 s. Mean Reward: 0.785. Std of Reward: 1.080. Training.
[INFO] PicklebotExecutionV1. Step: 1871872. Time Elapsed: 718.789 s. Mean Reward: 0.829. Std of Reward: 1.223. Training.
[INFO] PicklebotExecutionV1. Step: 1873920. Time Elapsed: 720.237 s. Mean Reward: 0.962. Std of Reward: 1.142. Training.
[INFO] PicklebotExecutionV1. Step: 1875968. Time Elapsed: 721.733 s. Mean Reward: 1.125. Std of Reward: 1.142. Training.
[INFO] PicklebotExecutionV1. Step: 1878016. Time Elapsed: 723.186 s. Mean Reward: 1.106. Std of Reward: 1.055. Training.
[INFO] PicklebotExecutionV1. Step: 1880064. Time Elapsed: 725.771 s. Mean Reward: 0.929. Std of Reward: 1.155. Training.
[INFO] PicklebotExecutionV1. Step: 1882112. Time Elapsed: 727.361 s. Mean Reward: 1.024. Std of Reward: 1.181. Training.
[INFO] PicklebotExecutionV1. Step: 1884160. Time Elapsed: 728.678 s. Mean Reward: 0.849. Std of Reward: 1.122. Training.
[INFO] PicklebotExecutionV1. Step: 1886208. Time Elapsed: 730.332 s. Mean Reward: 0.845. Std of Reward: 1.047. Training.
[INFO] PicklebotExecutionV1. Step: 1888256. Time Elapsed: 732.752 s. Mean Reward: 0.809. Std of Reward: 1.066. Training.
[INFO] PicklebotExecutionV1. Step: 1890304. Time Elapsed: 734.508 s. Mean Reward: 1.009. Std of Reward: 1.114. Training.
[INFO] PicklebotExecutionV1. Step: 1892352. Time Elapsed: 735.834 s. Mean Reward: 1.047. Std of Reward: 1.253. Training.
[INFO] PicklebotExecutionV1. Step: 1894400. Time Elapsed: 737.312 s. Mean Reward: 1.180. Std of Reward: 1.309. Training.
[INFO] PicklebotExecutionV1. Step: 1896448. Time Elapsed: 739.602 s. Mean Reward: 1.169. Std of Reward: 1.084. Training.
[INFO] PicklebotExecutionV1. Step: 1898496. Time Elapsed: 741.102 s. Mean Reward: 1.105. Std of Reward: 1.461. Training.
[INFO] PicklebotExecutionV1. Step: 1900544. Time Elapsed: 742.573 s. Mean Reward: 0.703. Std of Reward: 1.163. Training.
[INFO] PicklebotExecutionV1. Step: 1902592. Time Elapsed: 744.228 s. Mean Reward: 0.837. Std of Reward: 1.043. Training.
[INFO] PicklebotExecutionV1. Step: 1904640. Time Elapsed: 746.533 s. Mean Reward: 1.017. Std of Reward: 1.196. Training.
[INFO] PicklebotExecutionV1. Step: 1906688. Time Elapsed: 747.961 s. Mean Reward: 0.872. Std of Reward: 1.122. Training.
[INFO] PicklebotExecutionV1. Step: 1908736. Time Elapsed: 749.374 s. Mean Reward: 0.933. Std of Reward: 0.978. Training.
[INFO] PicklebotExecutionV1. Step: 1910784. Time Elapsed: 750.940 s. Mean Reward: 1.013. Std of Reward: 1.171. Training.
[INFO] PicklebotExecutionV1. Step: 1912832. Time Elapsed: 753.175 s. Mean Reward: 1.203. Std of Reward: 0.937. Training.
[INFO] PicklebotExecutionV1. Step: 1914880. Time Elapsed: 754.828 s. Mean Reward: 1.104. Std of Reward: 1.122. Training.
[INFO] PicklebotExecutionV1. Step: 1916928. Time Elapsed: 756.271 s. Mean Reward: 1.080. Std of Reward: 1.056. Training.
[INFO] PicklebotExecutionV1. Step: 1918976. Time Elapsed: 757.762 s. Mean Reward: 0.535. Std of Reward: 1.177. Training.
[INFO] PicklebotExecutionV1. Step: 1921024. Time Elapsed: 760.130 s. Mean Reward: 0.812. Std of Reward: 1.146. Training.
[INFO] PicklebotExecutionV1. Step: 1923072. Time Elapsed: 761.586 s. Mean Reward: 0.789. Std of Reward: 1.157. Training.
[INFO] PicklebotExecutionV1. Step: 1925120. Time Elapsed: 763.215 s. Mean Reward: 0.851. Std of Reward: 1.215. Training.
[INFO] PicklebotExecutionV1. Step: 1927168. Time Elapsed: 764.455 s. Mean Reward: 1.284. Std of Reward: 1.261. Training.
[INFO] PicklebotExecutionV1. Step: 1929216. Time Elapsed: 766.915 s. Mean Reward: 1.054. Std of Reward: 1.319. Training.
[INFO] PicklebotExecutionV1. Step: 1931264. Time Elapsed: 768.339 s. Mean Reward: 1.351. Std of Reward: 1.008. Training.
[INFO] PicklebotExecutionV1. Step: 1933312. Time Elapsed: 769.910 s. Mean Reward: 0.964. Std of Reward: 1.231. Training.
[INFO] PicklebotExecutionV1. Step: 1935360. Time Elapsed: 771.421 s. Mean Reward: 1.095. Std of Reward: 1.057. Training.
[INFO] PicklebotExecutionV1. Step: 1937408. Time Elapsed: 773.648 s. Mean Reward: 0.945. Std of Reward: 1.151. Training.
[INFO] PicklebotExecutionV1. Step: 1939456. Time Elapsed: 775.224 s. Mean Reward: 0.711. Std of Reward: 1.347. Training.
[INFO] PicklebotExecutionV1. Step: 1941504. Time Elapsed: 776.748 s. Mean Reward: 0.826. Std of Reward: 1.155. Training.
[INFO] PicklebotExecutionV1. Step: 1943552. Time Elapsed: 777.983 s. Mean Reward: 0.971. Std of Reward: 1.042. Training.
[INFO] PicklebotExecutionV1. Step: 1945600. Time Elapsed: 780.490 s. Mean Reward: 0.898. Std of Reward: 1.144. Training.
[INFO] PicklebotExecutionV1. Step: 1947648. Time Elapsed: 781.871 s. Mean Reward: 0.900. Std of Reward: 1.088. Training.
[INFO] PicklebotExecutionV1. Step: 1949696. Time Elapsed: 783.413 s. Mean Reward: 0.891. Std of Reward: 1.379. Training.
[INFO] PicklebotExecutionV1. Step: 1951744. Time Elapsed: 785.041 s. Mean Reward: 0.786. Std of Reward: 0.972. Training.
[INFO] PicklebotExecutionV1. Step: 1953792. Time Elapsed: 787.457 s. Mean Reward: 0.819. Std of Reward: 1.081. Training.
[INFO] PicklebotExecutionV1. Step: 1955840. Time Elapsed: 789.047 s. Mean Reward: 0.884. Std of Reward: 1.119. Training.
[INFO] PicklebotExecutionV1. Step: 1957888. Time Elapsed: 790.577 s. Mean Reward: 1.025. Std of Reward: 1.105. Training.
[INFO] PicklebotExecutionV1. Step: 1959936. Time Elapsed: 792.276 s. Mean Reward: 1.213. Std of Reward: 1.133. Training.
[INFO] PicklebotExecutionV1. Step: 1961984. Time Elapsed: 794.465 s. Mean Reward: 1.018. Std of Reward: 1.188. Training.
[INFO] PicklebotExecutionV1. Step: 1964032. Time Elapsed: 796.210 s. Mean Reward: 1.080. Std of Reward: 1.455. Training.
[INFO] PicklebotExecutionV1. Step: 1966080. Time Elapsed: 797.465 s. Mean Reward: 1.249. Std of Reward: 1.202. Training.
[INFO] PicklebotExecutionV1. Step: 1968128. Time Elapsed: 799.053 s. Mean Reward: 1.028. Std of Reward: 1.273. Training.
[INFO] PicklebotExecutionV1. Step: 1970176. Time Elapsed: 801.484 s. Mean Reward: 0.901. Std of Reward: 1.082. Training.
[INFO] PicklebotExecutionV1. Step: 1972224. Time Elapsed: 802.970 s. Mean Reward: 0.876. Std of Reward: 1.199. Training.
[INFO] PicklebotExecutionV1. Step: 1974272. Time Elapsed: 804.404 s. Mean Reward: 0.912. Std of Reward: 1.238. Training.
[INFO] PicklebotExecutionV1. Step: 1976320. Time Elapsed: 805.788 s. Mean Reward: 0.968. Std of Reward: 1.140. Training.
[INFO] PicklebotExecutionV1. Step: 1978368. Time Elapsed: 808.297 s. Mean Reward: 0.956. Std of Reward: 1.123. Training.
[INFO] PicklebotExecutionV1. Step: 1980416. Time Elapsed: 809.716 s. Mean Reward: 0.915. Std of Reward: 1.002. Training.
[INFO] PicklebotExecutionV1. Step: 1982464. Time Elapsed: 811.224 s. Mean Reward: 0.910. Std of Reward: 1.089. Training.
[INFO] PicklebotExecutionV1. Step: 1984512. Time Elapsed: 812.609 s. Mean Reward: 1.080. Std of Reward: 1.062. Training.
[INFO] PicklebotExecutionV1. Step: 1986560. Time Elapsed: 815.092 s. Mean Reward: 0.767. Std of Reward: 1.172. Training.
[INFO] PicklebotExecutionV1. Step: 1988608. Time Elapsed: 816.603 s. Mean Reward: 0.823. Std of Reward: 1.081. Training.
[INFO] PicklebotExecutionV1. Step: 1990656. Time Elapsed: 818.124 s. Mean Reward: 0.691. Std of Reward: 1.298. Training.
[INFO] PicklebotExecutionV1. Step: 1992704. Time Elapsed: 819.699 s. Mean Reward: 1.069. Std of Reward: 1.089. Training.
[INFO] PicklebotExecutionV1. Step: 1994752. Time Elapsed: 821.874 s. Mean Reward: 1.045. Std of Reward: 1.349. Training.
[INFO] PicklebotExecutionV1. Step: 1996800. Time Elapsed: 823.461 s. Mean Reward: 1.121. Std of Reward: 1.040. Training.
[INFO] PicklebotExecutionV1. Step: 1998848. Time Elapsed: 824.856 s. Mean Reward: 1.299. Std of Reward: 1.289. Training.
[INFO] PicklebotExecutionV1. Step: 2000896. Time Elapsed: 826.456 s. Mean Reward: 1.002. Std of Reward: 1.189. Training.
[INFO] PicklebotExecutionV1. Step: 2002944. Time Elapsed: 828.677 s. Mean Reward: 1.117. Std of Reward: 1.038. Training.
[INFO] PicklebotExecutionV1. Step: 2004992. Time Elapsed: 830.093 s. Mean Reward: 0.908. Std of Reward: 1.186. Training.
[INFO] PicklebotExecutionV1. Step: 2007040. Time Elapsed: 831.488 s. Mean Reward: 0.861. Std of Reward: 1.142. Training.
[INFO] PicklebotExecutionV1. Step: 2009088. Time Elapsed: 833.091 s. Mean Reward: 0.730. Std of Reward: 1.089. Training.
[INFO] PicklebotExecutionV1. Step: 2011136. Time Elapsed: 835.386 s. Mean Reward: 0.878. Std of Reward: 1.135. Training.
[INFO] PicklebotExecutionV1. Step: 2013184. Time Elapsed: 836.980 s. Mean Reward: 0.925. Std of Reward: 0.995. Training.
[INFO] PicklebotExecutionV1. Step: 2015232. Time Elapsed: 838.383 s. Mean Reward: 0.980. Std of Reward: 1.022. Training.
[INFO] PicklebotExecutionV1. Step: 2017280. Time Elapsed: 840.057 s. Mean Reward: 1.047. Std of Reward: 0.994. Training.
[INFO] PicklebotExecutionV1. Step: 2019328. Time Elapsed: 842.190 s. Mean Reward: 0.922. Std of Reward: 1.183. Training.
[INFO] PicklebotExecutionV1. Step: 2021376. Time Elapsed: 843.683 s. Mean Reward: 0.975. Std of Reward: 1.166. Training.
[INFO] PicklebotExecutionV1. Step: 2023424. Time Elapsed: 845.258 s. Mean Reward: 0.672. Std of Reward: 1.047. Training.
[INFO] PicklebotExecutionV1. Step: 2025472. Time Elapsed: 846.785 s. Mean Reward: 0.952. Std of Reward: 1.087. Training.
[INFO] PicklebotExecutionV1. Step: 2027520. Time Elapsed: 849.408 s. Mean Reward: 1.025. Std of Reward: 1.264. Training.
[INFO] PicklebotExecutionV1. Step: 2029568. Time Elapsed: 850.907 s. Mean Reward: 1.260. Std of Reward: 1.412. Training.
[INFO] PicklebotExecutionV1. Step: 2031616. Time Elapsed: 852.488 s. Mean Reward: 1.194. Std of Reward: 1.242. Training.
[INFO] PicklebotExecutionV1. Step: 2033664. Time Elapsed: 853.858 s. Mean Reward: 1.252. Std of Reward: 1.278. Training.
[INFO] PicklebotExecutionV1. Step: 2035712. Time Elapsed: 856.233 s. Mean Reward: 1.061. Std of Reward: 1.079. Training.
[INFO] PicklebotExecutionV1. Step: 2037760. Time Elapsed: 857.703 s. Mean Reward: 1.190. Std of Reward: 0.959. Training.
[INFO] PicklebotExecutionV1. Step: 2039808. Time Elapsed: 859.097 s. Mean Reward: 1.024. Std of Reward: 1.014. Training.
[INFO] PicklebotExecutionV1. Step: 2041856. Time Elapsed: 860.544 s. Mean Reward: 1.003. Std of Reward: 1.124. Training.
[INFO] PicklebotExecutionV1. Step: 2043904. Time Elapsed: 862.949 s. Mean Reward: 0.886. Std of Reward: 0.915. Training.
[INFO] PicklebotExecutionV1. Step: 2045952. Time Elapsed: 864.285 s. Mean Reward: 0.904. Std of Reward: 1.120. Training.
[INFO] PicklebotExecutionV1. Step: 2048000. Time Elapsed: 865.850 s. Mean Reward: 0.830. Std of Reward: 1.119. Training.
[INFO] PicklebotExecutionV1. Step: 2050048. Time Elapsed: 867.346 s. Mean Reward: 0.949. Std of Reward: 1.046. Training.
[INFO] PicklebotExecutionV1. Step: 2052096. Time Elapsed: 869.778 s. Mean Reward: 0.864. Std of Reward: 1.128. Training.
[INFO] PicklebotExecutionV1. Step: 2054144. Time Elapsed: 871.050 s. Mean Reward: 1.010. Std of Reward: 1.114. Training.
[INFO] PicklebotExecutionV1. Step: 2056192. Time Elapsed: 872.576 s. Mean Reward: 0.766. Std of Reward: 1.165. Training.
[INFO] PicklebotExecutionV1. Step: 2058240. Time Elapsed: 874.074 s. Mean Reward: 0.956. Std of Reward: 1.004. Training.
[INFO] PicklebotExecutionV1. Step: 2060288. Time Elapsed: 876.639 s. Mean Reward: 1.062. Std of Reward: 1.070. Training.
[INFO] PicklebotExecutionV1. Step: 2062336. Time Elapsed: 877.986 s. Mean Reward: 1.074. Std of Reward: 1.295. Training.
[INFO] PicklebotExecutionV1. Step: 2064384. Time Elapsed: 879.544 s. Mean Reward: 1.176. Std of Reward: 1.185. Training.
[INFO] PicklebotExecutionV1. Step: 2066432. Time Elapsed: 880.986 s. Mean Reward: 1.250. Std of Reward: 1.044. Training.
[INFO] PicklebotExecutionV1. Step: 2068480. Time Elapsed: 883.349 s. Mean Reward: 1.326. Std of Reward: 1.146. Training.
[INFO] PicklebotExecutionV1. Step: 2070528. Time Elapsed: 884.766 s. Mean Reward: 1.181. Std of Reward: 1.095. Training.
[INFO] PicklebotExecutionV1. Step: 2072576. Time Elapsed: 886.163 s. Mean Reward: 1.167. Std of Reward: 1.171. Training.
[INFO] PicklebotExecutionV1. Step: 2074624. Time Elapsed: 887.787 s. Mean Reward: 0.999. Std of Reward: 1.024. Training.
[INFO] PicklebotExecutionV1. Step: 2076672. Time Elapsed: 889.999 s. Mean Reward: 0.933. Std of Reward: 1.158. Training.
[INFO] PicklebotExecutionV1. Step: 2078720. Time Elapsed: 891.668 s. Mean Reward: 0.733. Std of Reward: 1.184. Training.
[INFO] PicklebotExecutionV1. Step: 2080768. Time Elapsed: 893.059 s. Mean Reward: 0.837. Std of Reward: 0.937. Training.
[INFO] PicklebotExecutionV1. Step: 2082816. Time Elapsed: 894.539 s. Mean Reward: 0.962. Std of Reward: 1.145. Training.
[INFO] PicklebotExecutionV1. Step: 2084864. Time Elapsed: 896.991 s. Mean Reward: 0.813. Std of Reward: 1.050. Training.
[INFO] PicklebotExecutionV1. Step: 2086912. Time Elapsed: 898.341 s. Mean Reward: 1.014. Std of Reward: 1.107. Training.
[INFO] PicklebotExecutionV1. Step: 2088960. Time Elapsed: 899.854 s. Mean Reward: 0.537. Std of Reward: 1.165. Training.
[INFO] PicklebotExecutionV1. Step: 2091008. Time Elapsed: 901.233 s. Mean Reward: 0.755. Std of Reward: 1.245. Training.
[INFO] PicklebotExecutionV1. Step: 2093056. Time Elapsed: 903.770 s. Mean Reward: 0.924. Std of Reward: 1.238. Training.
[INFO] PicklebotExecutionV1. Step: 2095104. Time Elapsed: 905.321 s. Mean Reward: 1.342. Std of Reward: 0.934. Training.
[INFO] PicklebotExecutionV1. Step: 2097152. Time Elapsed: 906.661 s. Mean Reward: 1.216. Std of Reward: 1.237. Training.
[INFO] Exported F:\dev\picklebot\artifacts\mlagents\execution-axes-recovery-01\PicklebotExecutionV1\PicklebotExecutionV1-2097120.onnx
[INFO] Exported F:\dev\picklebot\artifacts\mlagents\execution-axes-recovery-01\PicklebotExecutionV1\PicklebotExecutionV1-2097159.onnx
[INFO] Copied F:\dev\picklebot\artifacts\mlagents\execution-axes-recovery-01\PicklebotExecutionV1\PicklebotExecutionV1-2097159.onnx to F:\dev\picklebot\artifacts\mlagents\execution-axes-recovery-01\PicklebotExecutionV1.onnx.
