[INFO] Connected to Unity environment with package version 4.1.0 and communication version 1.5.0
[INFO] Connected new brain: PicklebotExecutionV1?team=0


	Unity Technologies

 Version information:
  ml-agents: 1.2.0.dev0,
  ml-agents-envs: 1.2.0.dev0,
  Communicator API: 1.5.0,
  PyTorch: 2.8.0+cu126
[INFO] Hyperparameters for behavior name PicklebotExecutionV1: 
	trainer_type:	ppo
	hyperparameters:	
	  batch_size:	1024
	  buffer_size:	8192
	  learning_rate:	0.0001
	  beta:	0.005
	  epsilon:	0.2
	  lambd:	0.95
	  num_epoch:	3
	  shared_critic:	False
	  learning_rate_schedule:	constant
	  beta_schedule:	constant
	  epsilon_schedule:	constant
	checkpoint_interval:	524288
	network_settings:	
	  normalize:	True
	  hidden_units:	128
	  num_layers:	2
	  vis_encode_type:	simple
	  memory:	None
	  goal_conditioning_type:	hyper
	  deterministic:	True
	reward_signals:	
	  extrinsic:	
	    gamma:	0.99
	    strength:	1.0
	    network_settings:	
	      normalize:	False
	      hidden_units:	128
	      num_layers:	2
	      vis_encode_type:	simple
	      memory:	None
	      goal_conditioning_type:	hyper
	      deterministic:	False
	init_path:	None
	keep_checkpoints:	4
	even_checkpoints:	False
	max_steps:	2097152
	time_horizon:	128
	summary_freq:	2048
	threaded:	False
	self_play:	None
	behavioral_cloning:	None
[INFO] Resuming from F:\dev\picklebot\artifacts\mlagents\execution-right-acquisition-baseline-01\PicklebotExecutionV1.
[INFO] Resuming training from step 1048609.
[INFO] PicklebotExecutionV1. Step: 1050624. Time Elapsed: 13.058 s. Mean Reward: -0.981. Std of Reward: 0.066. Not Training.
[INFO] PicklebotExecutionV1. Step: 1052672. Time Elapsed: 21.140 s. Mean Reward: -0.982. Std of Reward: 0.065. Not Training.
[INFO] PicklebotExecutionV1. Step: 1054720. Time Elapsed: 29.364 s. Mean Reward: -0.989. Std of Reward: 0.051. Not Training.
[INFO] PicklebotExecutionV1. Step: 1056768. Time Elapsed: 37.427 s. Mean Reward: -0.985. Std of Reward: 0.059. Not Training.
[INFO] PicklebotExecutionV1. Step: 1058816. Time Elapsed: 46.583 s. Mean Reward: -0.986. Std of Reward: 0.058. Not Training.
[INFO] PicklebotExecutionV1. Step: 1060864. Time Elapsed: 54.455 s. Mean Reward: -0.985. Std of Reward: 0.059. Not Training.
[INFO] PicklebotExecutionV1. Step: 1062912. Time Elapsed: 62.878 s. Mean Reward: -0.978. Std of Reward: 0.071. Not Training.
[ERROR] Worker 0 exceeded the allowed number of restarts.
[INFO] Learning was interrupted. Please wait while the graph is generated.
[ERROR] SubprocessEnvManager had workers that didn't signal shutdown
