[INFO] Connected to Unity environment with package version 4.1.0 and communication version 1.5.0
[INFO] Connected to Unity environment with package version 4.1.0 and communication version 1.5.0
[INFO] Connected to Unity environment with package version 4.1.0 and communication version 1.5.0
[INFO] Connected to Unity environment with package version 4.1.0 and communication version 1.5.0
[INFO] Connected to Unity environment with package version 4.1.0 and communication version 1.5.0
[INFO] Connected to Unity environment with package version 4.1.0 and communication version 1.5.0
[INFO] Connected new brain: PicklebotExecutionV1?team=0
[INFO] Connected new brain: PicklebotExecutionV1?team=0
[INFO] Connected new brain: PicklebotExecutionV1?team=0
[INFO] Connected to Unity environment with package version 4.1.0 and communication version 1.5.0
[INFO] Connected new brain: PicklebotExecutionV1?team=0
[INFO] Connected to Unity environment with package version 4.1.0 and communication version 1.5.0
[INFO] Connected new brain: PicklebotExecutionV1?team=0
[INFO] Connected new brain: PicklebotExecutionV1?team=0
[INFO] Connected new brain: PicklebotExecutionV1?team=0
[INFO] Connected new brain: PicklebotExecutionV1?team=0


	Unity Technologies

 Version information:
  ml-agents: 1.2.0.dev0,
  ml-agents-envs: 1.2.0.dev0,
  Communicator API: 1.5.0,
  PyTorch: 2.8.0+cu126
[INFO] Hyperparameters for behavior name PicklebotExecutionV1: 
	trainer_type:	ppo
	hyperparameters:	
	  batch_size:	1024
	  buffer_size:	8192
	  learning_rate:	0.0001
	  beta:	0.005
	  epsilon:	0.2
	  lambd:	0.95
	  num_epoch:	3
	  shared_critic:	False
	  learning_rate_schedule:	constant
	  beta_schedule:	constant
	  epsilon_schedule:	constant
	checkpoint_interval:	262144
	network_settings:	
	  normalize:	True
	  hidden_units:	128
	  num_layers:	2
	  vis_encode_type:	simple
	  memory:	None
	  goal_conditioning_type:	hyper
	  deterministic:	False
	reward_signals:	
	  extrinsic:	
	    gamma:	0.99
	    strength:	1.0
	    network_settings:	
	      normalize:	False
	      hidden_units:	128
	      num_layers:	2
	      vis_encode_type:	simple
	      memory:	None
	      goal_conditioning_type:	hyper
	      deterministic:	False
	init_path:	None
	keep_checkpoints:	4
	even_checkpoints:	False
	max_steps:	2097152
	time_horizon:	128
	summary_freq:	2048
	threaded:	False
	self_play:	None
	behavioral_cloning:	None
[INFO] Resuming from F:\dev\picklebot\artifacts\mlagents\execution-movement-progress-01\PicklebotExecutionV1.
[INFO] Resuming training from step 1048609.
[INFO] PicklebotExecutionV1. Step: 1050624. Time Elapsed: 7.593 s. Mean Reward: 0.421. Std of Reward: 1.196. Training.
[INFO] PicklebotExecutionV1. Step: 1052672. Time Elapsed: 8.479 s. Mean Reward: 1.651. Std of Reward: 0.883. Training.
[INFO] PicklebotExecutionV1. Step: 1054720. Time Elapsed: 11.003 s. Mean Reward: 0.744. Std of Reward: 1.372. Training.
[INFO] PicklebotExecutionV1. Step: 1056768. Time Elapsed: 12.038 s. Mean Reward: 1.457. Std of Reward: 0.833. Training.
[INFO] PicklebotExecutionV1. Step: 1058816. Time Elapsed: 16.071 s. Mean Reward: 0.896. Std of Reward: 1.370. Training.
[INFO] PicklebotExecutionV1. Step: 1060864. Time Elapsed: 17.135 s. Mean Reward: 1.426. Std of Reward: 0.987. Training.
[INFO] PicklebotExecutionV1. Step: 1062912. Time Elapsed: 19.467 s. Mean Reward: 0.755. Std of Reward: 1.296. Training.
[INFO] PicklebotExecutionV1. Step: 1064960. Time Elapsed: 20.705 s. Mean Reward: 1.292. Std of Reward: 1.029. Training.
[INFO] PicklebotExecutionV1. Step: 1067008. Time Elapsed: 23.588 s. Mean Reward: 1.095. Std of Reward: 1.310. Training.
[INFO] PicklebotExecutionV1. Step: 1069056. Time Elapsed: 25.132 s. Mean Reward: 1.073. Std of Reward: 1.183. Training.
[INFO] PicklebotExecutionV1. Step: 1071104. Time Elapsed: 26.670 s. Mean Reward: 1.081. Std of Reward: 1.156. Training.
[INFO] PicklebotExecutionV1. Step: 1073152. Time Elapsed: 28.586 s. Mean Reward: 0.916. Std of Reward: 1.226. Training.
[INFO] PicklebotExecutionV1. Step: 1075200. Time Elapsed: 31.082 s. Mean Reward: 1.189. Std of Reward: 1.027. Training.
[INFO] PicklebotExecutionV1. Step: 1077248. Time Elapsed: 32.876 s. Mean Reward: 1.121. Std of Reward: 1.278. Training.
[INFO] PicklebotExecutionV1. Step: 1079296. Time Elapsed: 34.420 s. Mean Reward: 1.065. Std of Reward: 1.133. Training.
[INFO] PicklebotExecutionV1. Step: 1081344. Time Elapsed: 36.399 s. Mean Reward: 0.869. Std of Reward: 1.279. Training.
[INFO] PicklebotExecutionV1. Step: 1083392. Time Elapsed: 38.923 s. Mean Reward: 1.284. Std of Reward: 1.034. Training.
[INFO] PicklebotExecutionV1. Step: 1085440. Time Elapsed: 40.576 s. Mean Reward: 0.971. Std of Reward: 1.211. Training.
[INFO] PicklebotExecutionV1. Step: 1087488. Time Elapsed: 42.451 s. Mean Reward: 0.927. Std of Reward: 1.193. Training.
[INFO] PicklebotExecutionV1. Step: 1089536. Time Elapsed: 44.197 s. Mean Reward: 1.092. Std of Reward: 1.134. Training.
[INFO] PicklebotExecutionV1. Step: 1091584. Time Elapsed: 47.121 s. Mean Reward: 0.859. Std of Reward: 1.021. Training.
[INFO] PicklebotExecutionV1. Step: 1093632. Time Elapsed: 48.906 s. Mean Reward: 0.957. Std of Reward: 1.364. Training.
[INFO] PicklebotExecutionV1. Step: 1095680. Time Elapsed: 50.743 s. Mean Reward: 1.049. Std of Reward: 1.188. Training.
[INFO] PicklebotExecutionV1. Step: 1097728. Time Elapsed: 52.701 s. Mean Reward: 1.282. Std of Reward: 1.038. Training.
[INFO] PicklebotExecutionV1. Step: 1099776. Time Elapsed: 55.580 s. Mean Reward: 0.974. Std of Reward: 1.294. Training.
[INFO] PicklebotExecutionV1. Step: 1101824. Time Elapsed: 57.612 s. Mean Reward: 1.124. Std of Reward: 1.218. Training.
[INFO] PicklebotExecutionV1. Step: 1103872. Time Elapsed: 59.538 s. Mean Reward: 1.267. Std of Reward: 1.040. Training.
[INFO] PicklebotExecutionV1. Step: 1105920. Time Elapsed: 61.460 s. Mean Reward: 1.193. Std of Reward: 1.097. Training.
[INFO] PicklebotExecutionV1. Step: 1107968. Time Elapsed: 64.115 s. Mean Reward: 1.036. Std of Reward: 1.244. Training.
[INFO] PicklebotExecutionV1. Step: 1110016. Time Elapsed: 66.063 s. Mean Reward: 1.059. Std of Reward: 1.253. Training.
[INFO] PicklebotExecutionV1. Step: 1112064. Time Elapsed: 67.877 s. Mean Reward: 1.064. Std of Reward: 1.247. Training.
[INFO] PicklebotExecutionV1. Step: 1114112. Time Elapsed: 69.696 s. Mean Reward: 1.004. Std of Reward: 1.276. Training.
[INFO] PicklebotExecutionV1. Step: 1116160. Time Elapsed: 72.758 s. Mean Reward: 1.119. Std of Reward: 1.273. Training.
[INFO] PicklebotExecutionV1. Step: 1118208. Time Elapsed: 74.629 s. Mean Reward: 1.120. Std of Reward: 1.203. Training.
[INFO] PicklebotExecutionV1. Step: 1120256. Time Elapsed: 76.226 s. Mean Reward: 0.982. Std of Reward: 1.161. Training.
[INFO] PicklebotExecutionV1. Step: 1122304. Time Elapsed: 77.935 s. Mean Reward: 1.066. Std of Reward: 1.072. Training.
[INFO] PicklebotExecutionV1. Step: 1124352. Time Elapsed: 80.957 s. Mean Reward: 1.098. Std of Reward: 1.157. Training.
[INFO] PicklebotExecutionV1. Step: 1126400. Time Elapsed: 82.655 s. Mean Reward: 1.213. Std of Reward: 1.237. Training.
[INFO] PicklebotExecutionV1. Step: 1128448. Time Elapsed: 84.393 s. Mean Reward: 1.053. Std of Reward: 1.191. Training.
[INFO] PicklebotExecutionV1. Step: 1130496. Time Elapsed: 86.094 s. Mean Reward: 1.186. Std of Reward: 1.043. Training.
[INFO] PicklebotExecutionV1. Step: 1132544. Time Elapsed: 89.385 s. Mean Reward: 0.945. Std of Reward: 1.250. Training.
[INFO] PicklebotExecutionV1. Step: 1134592. Time Elapsed: 90.887 s. Mean Reward: 0.814. Std of Reward: 1.395. Training.
[INFO] PicklebotExecutionV1. Step: 1136640. Time Elapsed: 92.763 s. Mean Reward: 0.735. Std of Reward: 1.157. Training.
[INFO] PicklebotExecutionV1. Step: 1138688. Time Elapsed: 94.333 s. Mean Reward: 1.143. Std of Reward: 1.266. Training.
[INFO] PicklebotExecutionV1. Step: 1140736. Time Elapsed: 97.594 s. Mean Reward: 0.737. Std of Reward: 1.243. Training.
[INFO] PicklebotExecutionV1. Step: 1142784. Time Elapsed: 99.225 s. Mean Reward: 0.953. Std of Reward: 1.217. Training.
[INFO] PicklebotExecutionV1. Step: 1144832. Time Elapsed: 101.094 s. Mean Reward: 1.425. Std of Reward: 1.083. Training.
[INFO] PicklebotExecutionV1. Step: 1146880. Time Elapsed: 102.608 s. Mean Reward: 1.388. Std of Reward: 1.149. Training.
[INFO] PicklebotExecutionV1. Step: 1148928. Time Elapsed: 105.463 s. Mean Reward: 1.007. Std of Reward: 1.211. Training.
[INFO] PicklebotExecutionV1. Step: 1150976. Time Elapsed: 106.871 s. Mean Reward: 1.222. Std of Reward: 1.078. Training.
[INFO] PicklebotExecutionV1. Step: 1153024. Time Elapsed: 108.591 s. Mean Reward: 1.099. Std of Reward: 1.303. Training.
[INFO] PicklebotExecutionV1. Step: 1155072. Time Elapsed: 110.383 s. Mean Reward: 0.923. Std of Reward: 1.163. Training.
[INFO] PicklebotExecutionV1. Step: 1157120. Time Elapsed: 112.859 s. Mean Reward: 0.941. Std of Reward: 1.083. Training.
[INFO] PicklebotExecutionV1. Step: 1159168. Time Elapsed: 114.709 s. Mean Reward: 0.934. Std of Reward: 1.234. Training.
[INFO] PicklebotExecutionV1. Step: 1161216. Time Elapsed: 116.167 s. Mean Reward: 1.202. Std of Reward: 1.252. Training.
[INFO] PicklebotExecutionV1. Step: 1163264. Time Elapsed: 117.946 s. Mean Reward: 0.920. Std of Reward: 1.162. Training.
[INFO] PicklebotExecutionV1. Step: 1165312. Time Elapsed: 120.701 s. Mean Reward: 1.219. Std of Reward: 0.987. Training.
[INFO] PicklebotExecutionV1. Step: 1167360. Time Elapsed: 122.299 s. Mean Reward: 1.062. Std of Reward: 1.175. Training.
[INFO] PicklebotExecutionV1. Step: 1169408. Time Elapsed: 124.020 s. Mean Reward: 0.951. Std of Reward: 1.149. Training.
[INFO] PicklebotExecutionV1. Step: 1171456. Time Elapsed: 125.916 s. Mean Reward: 1.071. Std of Reward: 1.175. Training.
[INFO] PicklebotExecutionV1. Step: 1173504. Time Elapsed: 128.932 s. Mean Reward: 1.069. Std of Reward: 1.181. Training.
[INFO] PicklebotExecutionV1. Step: 1175552. Time Elapsed: 130.719 s. Mean Reward: 1.153. Std of Reward: 1.151. Training.
[INFO] PicklebotExecutionV1. Step: 1177600. Time Elapsed: 132.371 s. Mean Reward: 1.159. Std of Reward: 1.099. Training.
[INFO] PicklebotExecutionV1. Step: 1179648. Time Elapsed: 134.273 s. Mean Reward: 1.150. Std of Reward: 1.353. Training.
[INFO] PicklebotExecutionV1. Step: 1181696. Time Elapsed: 137.346 s. Mean Reward: 1.244. Std of Reward: 1.182. Training.
[INFO] PicklebotExecutionV1. Step: 1183744. Time Elapsed: 139.026 s. Mean Reward: 1.147. Std of Reward: 1.106. Training.
[INFO] PicklebotExecutionV1. Step: 1185792. Time Elapsed: 140.616 s. Mean Reward: 0.887. Std of Reward: 1.158. Training.
[INFO] PicklebotExecutionV1. Step: 1187840. Time Elapsed: 142.305 s. Mean Reward: 0.955. Std of Reward: 1.295. Training.
[INFO] PicklebotExecutionV1. Step: 1189888. Time Elapsed: 145.115 s. Mean Reward: 1.050. Std of Reward: 1.108. Training.
[INFO] PicklebotExecutionV1. Step: 1191936. Time Elapsed: 146.705 s. Mean Reward: 0.881. Std of Reward: 1.101. Training.
[INFO] PicklebotExecutionV1. Step: 1193984. Time Elapsed: 148.498 s. Mean Reward: 1.103. Std of Reward: 1.157. Training.
[INFO] PicklebotExecutionV1. Step: 1196032. Time Elapsed: 150.140 s. Mean Reward: 1.241. Std of Reward: 1.229. Training.
[INFO] PicklebotExecutionV1. Step: 1198080. Time Elapsed: 152.885 s. Mean Reward: 1.004. Std of Reward: 1.197. Training.
[INFO] PicklebotExecutionV1. Step: 1200128. Time Elapsed: 154.671 s. Mean Reward: 1.008. Std of Reward: 1.149. Training.
[INFO] PicklebotExecutionV1. Step: 1202176. Time Elapsed: 156.189 s. Mean Reward: 1.130. Std of Reward: 1.285. Training.
[INFO] PicklebotExecutionV1. Step: 1204224. Time Elapsed: 158.057 s. Mean Reward: 0.817. Std of Reward: 1.123. Training.
[INFO] PicklebotExecutionV1. Step: 1206272. Time Elapsed: 160.763 s. Mean Reward: 1.069. Std of Reward: 1.100. Training.
[INFO] PicklebotExecutionV1. Step: 1208320. Time Elapsed: 162.337 s. Mean Reward: 1.027. Std of Reward: 1.338. Training.
[INFO] PicklebotExecutionV1. Step: 1210368. Time Elapsed: 164.134 s. Mean Reward: 1.097. Std of Reward: 1.228. Training.
[INFO] PicklebotExecutionV1. Step: 1212416. Time Elapsed: 165.750 s. Mean Reward: 1.110. Std of Reward: 1.303. Training.
[INFO] PicklebotExecutionV1. Step: 1214464. Time Elapsed: 168.672 s. Mean Reward: 1.357. Std of Reward: 1.266. Training.
[INFO] PicklebotExecutionV1. Step: 1216512. Time Elapsed: 170.147 s. Mean Reward: 0.954. Std of Reward: 1.305. Training.
[INFO] PicklebotExecutionV1. Step: 1218560. Time Elapsed: 172.022 s. Mean Reward: 1.105. Std of Reward: 1.154. Training.
[INFO] PicklebotExecutionV1. Step: 1220608. Time Elapsed: 173.535 s. Mean Reward: 1.169. Std of Reward: 1.017. Training.
[INFO] PicklebotExecutionV1. Step: 1222656. Time Elapsed: 176.461 s. Mean Reward: 1.048. Std of Reward: 1.183. Training.
[INFO] PicklebotExecutionV1. Step: 1224704. Time Elapsed: 178.044 s. Mean Reward: 0.950. Std of Reward: 1.071. Training.
[INFO] PicklebotExecutionV1. Step: 1226752. Time Elapsed: 179.782 s. Mean Reward: 0.869. Std of Reward: 1.123. Training.
[INFO] PicklebotExecutionV1. Step: 1228800. Time Elapsed: 181.371 s. Mean Reward: 1.308. Std of Reward: 1.233. Training.
[INFO] PicklebotExecutionV1. Step: 1230848. Time Elapsed: 184.354 s. Mean Reward: 1.002. Std of Reward: 1.203. Training.
[INFO] PicklebotExecutionV1. Step: 1232896. Time Elapsed: 186.116 s. Mean Reward: 0.955. Std of Reward: 1.188. Training.
[INFO] PicklebotExecutionV1. Step: 1234944. Time Elapsed: 187.807 s. Mean Reward: 0.778. Std of Reward: 1.323. Training.
[INFO] PicklebotExecutionV1. Step: 1236992. Time Elapsed: 189.346 s. Mean Reward: 1.148. Std of Reward: 1.209. Training.
[INFO] PicklebotExecutionV1. Step: 1239040. Time Elapsed: 192.618 s. Mean Reward: 0.914. Std of Reward: 1.172. Training.
[INFO] PicklebotExecutionV1. Step: 1241088. Time Elapsed: 194.405 s. Mean Reward: 1.117. Std of Reward: 1.056. Training.
[INFO] PicklebotExecutionV1. Step: 1243136. Time Elapsed: 196.351 s. Mean Reward: 1.353. Std of Reward: 1.224. Training.
[INFO] PicklebotExecutionV1. Step: 1245184. Time Elapsed: 197.872 s. Mean Reward: 1.066. Std of Reward: 1.255. Training.
[INFO] PicklebotExecutionV1. Step: 1247232. Time Elapsed: 200.665 s. Mean Reward: 1.247. Std of Reward: 1.285. Training.
[INFO] PicklebotExecutionV1. Step: 1249280. Time Elapsed: 202.472 s. Mean Reward: 1.311. Std of Reward: 1.161. Training.
[INFO] PicklebotExecutionV1. Step: 1251328. Time Elapsed: 204.063 s. Mean Reward: 1.109. Std of Reward: 1.292. Training.
[INFO] PicklebotExecutionV1. Step: 1253376. Time Elapsed: 205.879 s. Mean Reward: 0.806. Std of Reward: 1.099. Training.
[INFO] PicklebotExecutionV1. Step: 1255424. Time Elapsed: 208.635 s. Mean Reward: 1.142. Std of Reward: 1.054. Training.
[INFO] PicklebotExecutionV1. Step: 1257472. Time Elapsed: 210.406 s. Mean Reward: 0.914. Std of Reward: 1.339. Training.
[INFO] PicklebotExecutionV1. Step: 1259520. Time Elapsed: 212.206 s. Mean Reward: 0.868. Std of Reward: 1.126. Training.
[INFO] PicklebotExecutionV1. Step: 1261568. Time Elapsed: 213.865 s. Mean Reward: 0.944. Std of Reward: 1.103. Training.
[INFO] PicklebotExecutionV1. Step: 1263616. Time Elapsed: 217.169 s. Mean Reward: 1.290. Std of Reward: 1.098. Training.
[INFO] PicklebotExecutionV1. Step: 1265664. Time Elapsed: 218.500 s. Mean Reward: 1.414. Std of Reward: 1.078. Training.
[INFO] PicklebotExecutionV1. Step: 1267712. Time Elapsed: 220.502 s. Mean Reward: 0.909. Std of Reward: 1.182. Training.
[INFO] PicklebotExecutionV1. Step: 1269760. Time Elapsed: 222.293 s. Mean Reward: 0.996. Std of Reward: 1.245. Training.
[INFO] PicklebotExecutionV1. Step: 1271808. Time Elapsed: 224.981 s. Mean Reward: 0.953. Std of Reward: 1.162. Training.
[INFO] PicklebotExecutionV1. Step: 1273856. Time Elapsed: 226.718 s. Mean Reward: 0.857. Std of Reward: 1.116. Training.
[INFO] PicklebotExecutionV1. Step: 1275904. Time Elapsed: 228.399 s. Mean Reward: 1.275. Std of Reward: 1.016. Training.
[INFO] PicklebotExecutionV1. Step: 1277952. Time Elapsed: 230.080 s. Mean Reward: 0.965. Std of Reward: 1.225. Training.
[INFO] PicklebotExecutionV1. Step: 1280000. Time Elapsed: 233.180 s. Mean Reward: 1.176. Std of Reward: 1.381. Training.
[INFO] PicklebotExecutionV1. Step: 1282048. Time Elapsed: 234.896 s. Mean Reward: 1.108. Std of Reward: 1.163. Training.
[INFO] PicklebotExecutionV1. Step: 1284096. Time Elapsed: 236.604 s. Mean Reward: 1.198. Std of Reward: 1.109. Training.
[INFO] PicklebotExecutionV1. Step: 1286144. Time Elapsed: 238.102 s. Mean Reward: 1.147. Std of Reward: 1.132. Training.
[INFO] PicklebotExecutionV1. Step: 1288192. Time Elapsed: 240.905 s. Mean Reward: 1.109. Std of Reward: 1.210. Training.
[INFO] PicklebotExecutionV1. Step: 1290240. Time Elapsed: 242.472 s. Mean Reward: 0.996. Std of Reward: 1.201. Training.
[INFO] PicklebotExecutionV1. Step: 1292288. Time Elapsed: 244.210 s. Mean Reward: 1.359. Std of Reward: 0.967. Training.
[INFO] PicklebotExecutionV1. Step: 1294336. Time Elapsed: 245.927 s. Mean Reward: 0.775. Std of Reward: 1.143. Training.
[INFO] PicklebotExecutionV1. Step: 1296384. Time Elapsed: 249.076 s. Mean Reward: 0.855. Std of Reward: 1.264. Training.
[INFO] PicklebotExecutionV1. Step: 1298432. Time Elapsed: 250.829 s. Mean Reward: 1.249. Std of Reward: 1.209. Training.
[INFO] PicklebotExecutionV1. Step: 1300480. Time Elapsed: 252.429 s. Mean Reward: 1.106. Std of Reward: 1.133. Training.
[INFO] PicklebotExecutionV1. Step: 1302528. Time Elapsed: 254.069 s. Mean Reward: 0.934. Std of Reward: 1.231. Training.
[INFO] PicklebotExecutionV1. Step: 1304576. Time Elapsed: 256.926 s. Mean Reward: 0.769. Std of Reward: 1.237. Training.
[INFO] PicklebotExecutionV1. Step: 1306624. Time Elapsed: 258.613 s. Mean Reward: 1.081. Std of Reward: 1.159. Training.
[INFO] PicklebotExecutionV1. Step: 1308672. Time Elapsed: 260.362 s. Mean Reward: 1.086. Std of Reward: 1.177. Training.
[INFO] PicklebotExecutionV1. Step: 1310720. Time Elapsed: 261.890 s. Mean Reward: 1.224. Std of Reward: 1.043. Training.
[INFO] Exported F:\dev\picklebot\artifacts\mlagents\execution-movement-progress-01\PicklebotExecutionV1\PicklebotExecutionV1-1310690.onnx
[INFO] PicklebotExecutionV1. Step: 1312768. Time Elapsed: 264.704 s. Mean Reward: 1.252. Std of Reward: 1.215. Training.
[INFO] PicklebotExecutionV1. Step: 1314816. Time Elapsed: 266.395 s. Mean Reward: 0.974. Std of Reward: 1.323. Training.
[INFO] PicklebotExecutionV1. Step: 1316864. Time Elapsed: 267.933 s. Mean Reward: 1.086. Std of Reward: 1.232. Training.
[INFO] PicklebotExecutionV1. Step: 1318912. Time Elapsed: 269.703 s. Mean Reward: 0.995. Std of Reward: 1.275. Training.
[INFO] PicklebotExecutionV1. Step: 1320960. Time Elapsed: 272.272 s. Mean Reward: 0.952. Std of Reward: 1.321. Training.
[INFO] PicklebotExecutionV1. Step: 1323008. Time Elapsed: 274.064 s. Mean Reward: 0.953. Std of Reward: 1.154. Training.
[INFO] PicklebotExecutionV1. Step: 1325056. Time Elapsed: 275.747 s. Mean Reward: 0.817. Std of Reward: 1.234. Training.
[INFO] PicklebotExecutionV1. Step: 1327104. Time Elapsed: 277.363 s. Mean Reward: 1.121. Std of Reward: 1.211. Training.
[INFO] PicklebotExecutionV1. Step: 1329152. Time Elapsed: 280.052 s. Mean Reward: 0.897. Std of Reward: 1.090. Training.
[INFO] PicklebotExecutionV1. Step: 1331200. Time Elapsed: 281.807 s. Mean Reward: 1.095. Std of Reward: 1.163. Training.
[INFO] PicklebotExecutionV1. Step: 1333248. Time Elapsed: 283.326 s. Mean Reward: 1.321. Std of Reward: 0.966. Training.
[INFO] PicklebotExecutionV1. Step: 1335296. Time Elapsed: 284.962 s. Mean Reward: 0.976. Std of Reward: 1.219. Training.
[INFO] PicklebotExecutionV1. Step: 1337344. Time Elapsed: 287.814 s. Mean Reward: 0.835. Std of Reward: 1.315. Training.
[INFO] PicklebotExecutionV1. Step: 1339392. Time Elapsed: 289.435 s. Mean Reward: 1.005. Std of Reward: 0.955. Training.
[INFO] PicklebotExecutionV1. Step: 1341440. Time Elapsed: 291.473 s. Mean Reward: 0.893. Std of Reward: 1.302. Training.
[INFO] PicklebotExecutionV1. Step: 1343488. Time Elapsed: 293.174 s. Mean Reward: 1.119. Std of Reward: 1.148. Training.
[INFO] PicklebotExecutionV1. Step: 1345536. Time Elapsed: 296.001 s. Mean Reward: 1.039. Std of Reward: 1.183. Training.
[INFO] PicklebotExecutionV1. Step: 1347584. Time Elapsed: 297.752 s. Mean Reward: 1.344. Std of Reward: 1.282. Training.
[INFO] PicklebotExecutionV1. Step: 1349632. Time Elapsed: 299.192 s. Mean Reward: 0.979. Std of Reward: 1.321. Training.
[INFO] PicklebotExecutionV1. Step: 1351680. Time Elapsed: 301.173 s. Mean Reward: 1.219. Std of Reward: 1.130. Training.
[INFO] PicklebotExecutionV1. Step: 1353728. Time Elapsed: 303.770 s. Mean Reward: 1.089. Std of Reward: 1.138. Training.
[INFO] PicklebotExecutionV1. Step: 1355776. Time Elapsed: 305.574 s. Mean Reward: 1.038. Std of Reward: 1.267. Training.
[INFO] PicklebotExecutionV1. Step: 1357824. Time Elapsed: 307.185 s. Mean Reward: 1.104. Std of Reward: 1.231. Training.
[INFO] PicklebotExecutionV1. Step: 1359872. Time Elapsed: 309.026 s. Mean Reward: 1.094. Std of Reward: 1.167. Training.
[INFO] PicklebotExecutionV1. Step: 1361920. Time Elapsed: 311.820 s. Mean Reward: 0.931. Std of Reward: 1.242. Training.
[INFO] PicklebotExecutionV1. Step: 1363968. Time Elapsed: 313.379 s. Mean Reward: 1.134. Std of Reward: 1.058. Training.
[INFO] PicklebotExecutionV1. Step: 1366016. Time Elapsed: 314.945 s. Mean Reward: 1.122. Std of Reward: 1.210. Training.
[INFO] PicklebotExecutionV1. Step: 1368064. Time Elapsed: 316.574 s. Mean Reward: 1.147. Std of Reward: 1.036. Training.
[INFO] PicklebotExecutionV1. Step: 1370112. Time Elapsed: 319.091 s. Mean Reward: 1.056. Std of Reward: 1.187. Training.
[INFO] PicklebotExecutionV1. Step: 1372160. Time Elapsed: 320.557 s. Mean Reward: 0.903. Std of Reward: 1.187. Training.
[INFO] PicklebotExecutionV1. Step: 1374208. Time Elapsed: 322.276 s. Mean Reward: 0.977. Std of Reward: 1.132. Training.
[INFO] PicklebotExecutionV1. Step: 1376256. Time Elapsed: 323.697 s. Mean Reward: 1.144. Std of Reward: 1.123. Training.
[INFO] PicklebotExecutionV1. Step: 1378304. Time Elapsed: 326.106 s. Mean Reward: 1.226. Std of Reward: 1.159. Training.
[INFO] PicklebotExecutionV1. Step: 1380352. Time Elapsed: 327.664 s. Mean Reward: 1.201. Std of Reward: 1.139. Training.
[INFO] PicklebotExecutionV1. Step: 1382400. Time Elapsed: 329.300 s. Mean Reward: 1.137. Std of Reward: 1.264. Training.
[INFO] PicklebotExecutionV1. Step: 1384448. Time Elapsed: 330.842 s. Mean Reward: 0.981. Std of Reward: 1.408. Training.
[INFO] PicklebotExecutionV1. Step: 1386496. Time Elapsed: 333.362 s. Mean Reward: 1.209. Std of Reward: 1.078. Training.
[INFO] PicklebotExecutionV1. Step: 1388544. Time Elapsed: 334.918 s. Mean Reward: 1.036. Std of Reward: 1.076. Training.
[INFO] PicklebotExecutionV1. Step: 1390592. Time Elapsed: 336.350 s. Mean Reward: 1.112. Std of Reward: 1.242. Training.
[INFO] PicklebotExecutionV1. Step: 1392640. Time Elapsed: 337.970 s. Mean Reward: 0.943. Std of Reward: 1.095. Training.
[INFO] PicklebotExecutionV1. Step: 1394688. Time Elapsed: 340.361 s. Mean Reward: 1.302. Std of Reward: 1.146. Training.
[INFO] PicklebotExecutionV1. Step: 1396736. Time Elapsed: 342.041 s. Mean Reward: 1.090. Std of Reward: 1.137. Training.
[INFO] PicklebotExecutionV1. Step: 1398784. Time Elapsed: 343.482 s. Mean Reward: 0.971. Std of Reward: 1.220. Training.
[INFO] PicklebotExecutionV1. Step: 1400832. Time Elapsed: 345.212 s. Mean Reward: 1.088. Std of Reward: 1.162. Training.
[INFO] PicklebotExecutionV1. Step: 1402880. Time Elapsed: 347.565 s. Mean Reward: 1.092. Std of Reward: 1.143. Training.
[INFO] PicklebotExecutionV1. Step: 1404928. Time Elapsed: 349.297 s. Mean Reward: 1.196. Std of Reward: 1.161. Training.
[INFO] PicklebotExecutionV1. Step: 1406976. Time Elapsed: 350.720 s. Mean Reward: 0.943. Std of Reward: 1.230. Training.
[INFO] PicklebotExecutionV1. Step: 1409024. Time Elapsed: 352.424 s. Mean Reward: 0.690. Std of Reward: 1.180. Training.
[INFO] PicklebotExecutionV1. Step: 1411072. Time Elapsed: 355.146 s. Mean Reward: 1.075. Std of Reward: 1.150. Training.
[INFO] PicklebotExecutionV1. Step: 1413120. Time Elapsed: 356.623 s. Mean Reward: 1.309. Std of Reward: 1.069. Training.
[INFO] PicklebotExecutionV1. Step: 1415168. Time Elapsed: 358.072 s. Mean Reward: 1.206. Std of Reward: 1.244. Training.
[INFO] PicklebotExecutionV1. Step: 1417216. Time Elapsed: 359.758 s. Mean Reward: 0.904. Std of Reward: 1.175. Training.
[INFO] PicklebotExecutionV1. Step: 1419264. Time Elapsed: 362.389 s. Mean Reward: 1.141. Std of Reward: 1.325. Training.
[INFO] PicklebotExecutionV1. Step: 1421312. Time Elapsed: 364.030 s. Mean Reward: 0.861. Std of Reward: 1.216. Training.
[INFO] PicklebotExecutionV1. Step: 1423360. Time Elapsed: 365.506 s. Mean Reward: 1.069. Std of Reward: 1.098. Training.
[INFO] PicklebotExecutionV1. Step: 1425408. Time Elapsed: 367.098 s. Mean Reward: 1.032. Std of Reward: 1.277. Training.
[INFO] PicklebotExecutionV1. Step: 1427456. Time Elapsed: 369.997 s. Mean Reward: 1.193. Std of Reward: 1.171. Training.
[INFO] PicklebotExecutionV1. Step: 1429504. Time Elapsed: 371.549 s. Mean Reward: 1.088. Std of Reward: 1.064. Training.
[INFO] PicklebotExecutionV1. Step: 1431552. Time Elapsed: 373.042 s. Mean Reward: 1.105. Std of Reward: 1.214. Training.
[INFO] PicklebotExecutionV1. Step: 1433600. Time Elapsed: 374.725 s. Mean Reward: 1.014. Std of Reward: 1.196. Training.
[INFO] PicklebotExecutionV1. Step: 1435648. Time Elapsed: 377.264 s. Mean Reward: 1.029. Std of Reward: 1.210. Training.
[INFO] PicklebotExecutionV1. Step: 1437696. Time Elapsed: 378.925 s. Mean Reward: 0.972. Std of Reward: 1.141. Training.
[INFO] PicklebotExecutionV1. Step: 1439744. Time Elapsed: 380.405 s. Mean Reward: 1.196. Std of Reward: 1.180. Training.
[INFO] PicklebotExecutionV1. Step: 1441792. Time Elapsed: 381.713 s. Mean Reward: 0.761. Std of Reward: 1.245. Training.
[INFO] PicklebotExecutionV1. Step: 1443840. Time Elapsed: 384.481 s. Mean Reward: 0.664. Std of Reward: 1.196. Training.
[INFO] PicklebotExecutionV1. Step: 1445888. Time Elapsed: 385.900 s. Mean Reward: 1.454. Std of Reward: 1.134. Training.
[INFO] PicklebotExecutionV1. Step: 1447936. Time Elapsed: 387.353 s. Mean Reward: 1.118. Std of Reward: 1.136. Training.
[INFO] PicklebotExecutionV1. Step: 1449984. Time Elapsed: 388.921 s. Mean Reward: 1.228. Std of Reward: 1.129. Training.
[INFO] PicklebotExecutionV1. Step: 1452032. Time Elapsed: 391.470 s. Mean Reward: 1.046. Std of Reward: 1.340. Training.
[INFO] PicklebotExecutionV1. Step: 1454080. Time Elapsed: 392.923 s. Mean Reward: 0.998. Std of Reward: 1.133. Training.
[INFO] PicklebotExecutionV1. Step: 1456128. Time Elapsed: 394.465 s. Mean Reward: 1.064. Std of Reward: 0.963. Training.
[INFO] PicklebotExecutionV1. Step: 1458176. Time Elapsed: 395.978 s. Mean Reward: 0.970. Std of Reward: 1.095. Training.
[INFO] PicklebotExecutionV1. Step: 1460224. Time Elapsed: 398.747 s. Mean Reward: 1.089. Std of Reward: 1.161. Training.
[INFO] PicklebotExecutionV1. Step: 1462272. Time Elapsed: 400.380 s. Mean Reward: 1.178. Std of Reward: 1.007. Training.
[INFO] PicklebotExecutionV1. Step: 1464320. Time Elapsed: 401.830 s. Mean Reward: 1.042. Std of Reward: 1.185. Training.
[INFO] PicklebotExecutionV1. Step: 1466368. Time Elapsed: 403.434 s. Mean Reward: 1.151. Std of Reward: 1.003. Training.
[INFO] PicklebotExecutionV1. Step: 1468416. Time Elapsed: 405.990 s. Mean Reward: 0.908. Std of Reward: 1.159. Training.
[INFO] PicklebotExecutionV1. Step: 1470464. Time Elapsed: 407.684 s. Mean Reward: 0.940. Std of Reward: 1.306. Training.
[INFO] PicklebotExecutionV1. Step: 1472512. Time Elapsed: 409.010 s. Mean Reward: 1.155. Std of Reward: 1.040. Training.
[INFO] PicklebotExecutionV1. Step: 1474560. Time Elapsed: 410.787 s. Mean Reward: 0.926. Std of Reward: 1.231. Training.
[INFO] PicklebotExecutionV1. Step: 1476608. Time Elapsed: 413.233 s. Mean Reward: 0.806. Std of Reward: 1.127. Training.
[INFO] PicklebotExecutionV1. Step: 1478656. Time Elapsed: 415.025 s. Mean Reward: 1.148. Std of Reward: 1.124. Training.
[INFO] PicklebotExecutionV1. Step: 1480704. Time Elapsed: 416.355 s. Mean Reward: 1.164. Std of Reward: 1.145. Training.
[INFO] PicklebotExecutionV1. Step: 1482752. Time Elapsed: 417.877 s. Mean Reward: 1.337. Std of Reward: 1.426. Training.
[INFO] PicklebotExecutionV1. Step: 1484800. Time Elapsed: 420.460 s. Mean Reward: 1.184. Std of Reward: 1.097. Training.
[INFO] PicklebotExecutionV1. Step: 1486848. Time Elapsed: 421.946 s. Mean Reward: 0.989. Std of Reward: 1.298. Training.
[INFO] PicklebotExecutionV1. Step: 1488896. Time Elapsed: 423.507 s. Mean Reward: 0.975. Std of Reward: 1.156. Training.
[INFO] PicklebotExecutionV1. Step: 1490944. Time Elapsed: 424.769 s. Mean Reward: 1.021. Std of Reward: 1.096. Training.
[INFO] PicklebotExecutionV1. Step: 1492992. Time Elapsed: 427.774 s. Mean Reward: 0.876. Std of Reward: 1.284. Training.
[INFO] PicklebotExecutionV1. Step: 1495040. Time Elapsed: 429.229 s. Mean Reward: 1.110. Std of Reward: 1.142. Training.
[INFO] PicklebotExecutionV1. Step: 1497088. Time Elapsed: 430.996 s. Mean Reward: 1.000. Std of Reward: 1.368. Training.
[INFO] PicklebotExecutionV1. Step: 1499136. Time Elapsed: 432.379 s. Mean Reward: 1.040. Std of Reward: 1.112. Training.
[INFO] PicklebotExecutionV1. Step: 1501184. Time Elapsed: 435.280 s. Mean Reward: 1.281. Std of Reward: 1.303. Training.
[INFO] PicklebotExecutionV1. Step: 1503232. Time Elapsed: 437.020 s. Mean Reward: 1.069. Std of Reward: 1.169. Training.
[INFO] PicklebotExecutionV1. Step: 1505280. Time Elapsed: 438.625 s. Mean Reward: 0.776. Std of Reward: 1.382. Training.
[INFO] PicklebotExecutionV1. Step: 1507328. Time Elapsed: 440.352 s. Mean Reward: 0.875. Std of Reward: 1.113. Training.
[INFO] PicklebotExecutionV1. Step: 1509376. Time Elapsed: 442.777 s. Mean Reward: 1.054. Std of Reward: 1.037. Training.
[INFO] PicklebotExecutionV1. Step: 1511424. Time Elapsed: 444.182 s. Mean Reward: 1.145. Std of Reward: 1.114. Training.
[INFO] PicklebotExecutionV1. Step: 1513472. Time Elapsed: 446.040 s. Mean Reward: 1.056. Std of Reward: 1.182. Training.
[INFO] PicklebotExecutionV1. Step: 1515520. Time Elapsed: 447.519 s. Mean Reward: 1.273. Std of Reward: 1.305. Training.
[INFO] PicklebotExecutionV1. Step: 1517568. Time Elapsed: 450.220 s. Mean Reward: 1.253. Std of Reward: 1.203. Training.
[INFO] PicklebotExecutionV1. Step: 1519616. Time Elapsed: 451.743 s. Mean Reward: 1.062. Std of Reward: 1.254. Training.
[INFO] PicklebotExecutionV1. Step: 1521664. Time Elapsed: 453.311 s. Mean Reward: 1.105. Std of Reward: 1.237. Training.
[INFO] PicklebotExecutionV1. Step: 1523712. Time Elapsed: 454.841 s. Mean Reward: 1.200. Std of Reward: 1.005. Training.
[INFO] PicklebotExecutionV1. Step: 1525760. Time Elapsed: 457.605 s. Mean Reward: 0.993. Std of Reward: 1.071. Training.
[INFO] PicklebotExecutionV1. Step: 1527808. Time Elapsed: 459.165 s. Mean Reward: 1.261. Std of Reward: 1.037. Training.
[INFO] PicklebotExecutionV1. Step: 1529856. Time Elapsed: 460.573 s. Mean Reward: 1.249. Std of Reward: 1.091. Training.
[INFO] PicklebotExecutionV1. Step: 1531904. Time Elapsed: 462.046 s. Mean Reward: 1.109. Std of Reward: 1.227. Training.
[INFO] PicklebotExecutionV1. Step: 1533952. Time Elapsed: 464.520 s. Mean Reward: 1.331. Std of Reward: 1.157. Training.
[INFO] PicklebotExecutionV1. Step: 1536000. Time Elapsed: 466.025 s. Mean Reward: 1.234. Std of Reward: 1.193. Training.
[INFO] PicklebotExecutionV1. Step: 1538048. Time Elapsed: 467.502 s. Mean Reward: 1.119. Std of Reward: 1.226. Training.
[INFO] PicklebotExecutionV1. Step: 1540096. Time Elapsed: 469.095 s. Mean Reward: 0.851. Std of Reward: 1.358. Training.
[INFO] PicklebotExecutionV1. Step: 1542144. Time Elapsed: 471.725 s. Mean Reward: 0.742. Std of Reward: 1.158. Training.
[INFO] PicklebotExecutionV1. Step: 1544192. Time Elapsed: 473.215 s. Mean Reward: 0.852. Std of Reward: 1.202. Training.
[INFO] PicklebotExecutionV1. Step: 1546240. Time Elapsed: 474.744 s. Mean Reward: 1.059. Std of Reward: 1.091. Training.
[INFO] PicklebotExecutionV1. Step: 1548288. Time Elapsed: 476.321 s. Mean Reward: 1.303. Std of Reward: 1.070. Training.
[INFO] PicklebotExecutionV1. Step: 1550336. Time Elapsed: 478.587 s. Mean Reward: 1.403. Std of Reward: 1.168. Training.
[INFO] PicklebotExecutionV1. Step: 1552384. Time Elapsed: 480.327 s. Mean Reward: 1.213. Std of Reward: 1.255. Training.
[INFO] PicklebotExecutionV1. Step: 1554432. Time Elapsed: 481.869 s. Mean Reward: 1.072. Std of Reward: 1.387. Training.
[INFO] PicklebotExecutionV1. Step: 1556480. Time Elapsed: 483.236 s. Mean Reward: 0.892. Std of Reward: 1.174. Training.
[INFO] PicklebotExecutionV1. Step: 1558528. Time Elapsed: 485.809 s. Mean Reward: 0.820. Std of Reward: 1.135. Training.
[INFO] PicklebotExecutionV1. Step: 1560576. Time Elapsed: 487.257 s. Mean Reward: 0.697. Std of Reward: 1.187. Training.
[INFO] PicklebotExecutionV1. Step: 1562624. Time Elapsed: 489.072 s. Mean Reward: 1.094. Std of Reward: 1.047. Training.
[INFO] PicklebotExecutionV1. Step: 1564672. Time Elapsed: 490.451 s. Mean Reward: 1.103. Std of Reward: 1.228. Training.
[INFO] PicklebotExecutionV1. Step: 1566720. Time Elapsed: 493.420 s. Mean Reward: 1.071. Std of Reward: 1.224. Training.
[INFO] PicklebotExecutionV1. Step: 1568768. Time Elapsed: 494.800 s. Mean Reward: 1.307. Std of Reward: 1.136. Training.
[INFO] PicklebotExecutionV1. Step: 1570816. Time Elapsed: 496.473 s. Mean Reward: 1.099. Std of Reward: 1.203. Training.
[INFO] PicklebotExecutionV1. Step: 1572864. Time Elapsed: 498.027 s. Mean Reward: 1.089. Std of Reward: 1.076. Training.
[INFO] Exported F:\dev\picklebot\artifacts\mlagents\execution-movement-progress-01\PicklebotExecutionV1\PicklebotExecutionV1-1572856.onnx
[INFO] PicklebotExecutionV1. Step: 1574912. Time Elapsed: 500.241 s. Mean Reward: 0.779. Std of Reward: 1.249. Training.
[INFO] PicklebotExecutionV1. Step: 1576960. Time Elapsed: 501.962 s. Mean Reward: 0.893. Std of Reward: 1.137. Training.
[INFO] PicklebotExecutionV1. Step: 1579008. Time Elapsed: 503.479 s. Mean Reward: 0.968. Std of Reward: 1.165. Training.
[INFO] PicklebotExecutionV1. Step: 1581056. Time Elapsed: 505.066 s. Mean Reward: 1.071. Std of Reward: 1.249. Training.
[INFO] PicklebotExecutionV1. Step: 1583104. Time Elapsed: 507.437 s. Mean Reward: 1.359. Std of Reward: 1.118. Training.
[INFO] PicklebotExecutionV1. Step: 1585152. Time Elapsed: 508.935 s. Mean Reward: 1.319. Std of Reward: 1.067. Training.
[INFO] PicklebotExecutionV1. Step: 1587200. Time Elapsed: 510.395 s. Mean Reward: 1.238. Std of Reward: 1.198. Training.
[INFO] PicklebotExecutionV1. Step: 1589248. Time Elapsed: 512.035 s. Mean Reward: 0.999. Std of Reward: 1.259. Training.
[INFO] PicklebotExecutionV1. Step: 1591296. Time Elapsed: 514.334 s. Mean Reward: 1.131. Std of Reward: 0.967. Training.
[INFO] PicklebotExecutionV1. Step: 1593344. Time Elapsed: 515.951 s. Mean Reward: 0.855. Std of Reward: 1.292. Training.
[INFO] PicklebotExecutionV1. Step: 1595392. Time Elapsed: 517.488 s. Mean Reward: 1.093. Std of Reward: 1.067. Training.
[INFO] PicklebotExecutionV1. Step: 1597440. Time Elapsed: 519.000 s. Mean Reward: 0.976. Std of Reward: 1.157. Training.
[INFO] PicklebotExecutionV1. Step: 1599488. Time Elapsed: 521.447 s. Mean Reward: 1.130. Std of Reward: 1.054. Training.
[INFO] PicklebotExecutionV1. Step: 1601536. Time Elapsed: 522.902 s. Mean Reward: 1.499. Std of Reward: 1.296. Training.
[INFO] PicklebotExecutionV1. Step: 1603584. Time Elapsed: 524.455 s. Mean Reward: 1.152. Std of Reward: 1.176. Training.
[INFO] PicklebotExecutionV1. Step: 1605632. Time Elapsed: 525.914 s. Mean Reward: 0.888. Std of Reward: 1.245. Training.
[INFO] PicklebotExecutionV1. Step: 1607680. Time Elapsed: 528.408 s. Mean Reward: 0.798. Std of Reward: 1.290. Training.
[INFO] PicklebotExecutionV1. Step: 1609728. Time Elapsed: 529.952 s. Mean Reward: 0.851. Std of Reward: 1.039. Training.
[INFO] PicklebotExecutionV1. Step: 1611776. Time Elapsed: 531.466 s. Mean Reward: 0.941. Std of Reward: 0.998. Training.
[INFO] PicklebotExecutionV1. Step: 1613824. Time Elapsed: 532.860 s. Mean Reward: 1.243. Std of Reward: 1.126. Training.
[INFO] PicklebotExecutionV1. Step: 1615872. Time Elapsed: 535.364 s. Mean Reward: 1.239. Std of Reward: 1.153. Training.
[INFO] PicklebotExecutionV1. Step: 1617920. Time Elapsed: 536.878 s. Mean Reward: 1.246. Std of Reward: 1.207. Training.
[INFO] PicklebotExecutionV1. Step: 1619968. Time Elapsed: 538.313 s. Mean Reward: 1.346. Std of Reward: 1.295. Training.
[INFO] PicklebotExecutionV1. Step: 1622016. Time Elapsed: 539.766 s. Mean Reward: 1.259. Std of Reward: 1.187. Training.
[INFO] PicklebotExecutionV1. Step: 1624064. Time Elapsed: 542.236 s. Mean Reward: 1.114. Std of Reward: 1.127. Training.
[INFO] PicklebotExecutionV1. Step: 1626112. Time Elapsed: 543.655 s. Mean Reward: 0.698. Std of Reward: 1.259. Training.
[INFO] PicklebotExecutionV1. Step: 1628160. Time Elapsed: 545.217 s. Mean Reward: 0.967. Std of Reward: 0.993. Training.
[INFO] PicklebotExecutionV1. Step: 1630208. Time Elapsed: 546.809 s. Mean Reward: 0.883. Std of Reward: 1.110. Training.
[INFO] PicklebotExecutionV1. Step: 1632256. Time Elapsed: 549.657 s. Mean Reward: 1.056. Std of Reward: 1.177. Training.
[INFO] PicklebotExecutionV1. Step: 1634304. Time Elapsed: 551.204 s. Mean Reward: 1.364. Std of Reward: 1.128. Training.
[INFO] PicklebotExecutionV1. Step: 1636352. Time Elapsed: 552.745 s. Mean Reward: 1.455. Std of Reward: 1.315. Training.
[INFO] PicklebotExecutionV1. Step: 1638400. Time Elapsed: 554.496 s. Mean Reward: 1.222. Std of Reward: 1.062. Training.
[INFO] PicklebotExecutionV1. Step: 1640448. Time Elapsed: 556.811 s. Mean Reward: 1.375. Std of Reward: 0.994. Training.
[INFO] PicklebotExecutionV1. Step: 1642496. Time Elapsed: 558.420 s. Mean Reward: 0.789. Std of Reward: 1.297. Training.
[INFO] PicklebotExecutionV1. Step: 1644544. Time Elapsed: 559.920 s. Mean Reward: 0.903. Std of Reward: 1.041. Training.
[INFO] PicklebotExecutionV1. Step: 1646592. Time Elapsed: 561.618 s. Mean Reward: 0.923. Std of Reward: 1.088. Training.
[INFO] PicklebotExecutionV1. Step: 1648640. Time Elapsed: 564.277 s. Mean Reward: 0.994. Std of Reward: 1.230. Training.
[INFO] PicklebotExecutionV1. Step: 1650688. Time Elapsed: 565.608 s. Mean Reward: 1.227. Std of Reward: 1.128. Training.
[INFO] PicklebotExecutionV1. Step: 1652736. Time Elapsed: 567.266 s. Mean Reward: 1.283. Std of Reward: 1.000. Training.
[INFO] PicklebotExecutionV1. Step: 1654784. Time Elapsed: 568.781 s. Mean Reward: 1.216. Std of Reward: 1.356. Training.
[INFO] PicklebotExecutionV1. Step: 1656832. Time Elapsed: 570.403 s. Mean Reward: 1.194. Std of Reward: 1.089. Training.
[INFO] PicklebotExecutionV1. Step: 1658880. Time Elapsed: 572.719 s. Mean Reward: 0.993. Std of Reward: 1.129. Training.
[INFO] PicklebotExecutionV1. Step: 1660928. Time Elapsed: 574.345 s. Mean Reward: 1.013. Std of Reward: 1.132. Training.
[INFO] PicklebotExecutionV1. Step: 1662976. Time Elapsed: 576.084 s. Mean Reward: 0.765. Std of Reward: 1.092. Training.
[INFO] PicklebotExecutionV1. Step: 1665024. Time Elapsed: 577.663 s. Mean Reward: 1.068. Std of Reward: 1.205. Training.
[INFO] PicklebotExecutionV1. Step: 1667072. Time Elapsed: 580.352 s. Mean Reward: 0.896. Std of Reward: 1.248. Training.
[INFO] PicklebotExecutionV1. Step: 1669120. Time Elapsed: 581.815 s. Mean Reward: 1.356. Std of Reward: 1.270. Training.
[INFO] PicklebotExecutionV1. Step: 1671168. Time Elapsed: 583.364 s. Mean Reward: 1.204. Std of Reward: 1.304. Training.
[INFO] PicklebotExecutionV1. Step: 1673216. Time Elapsed: 584.857 s. Mean Reward: 0.958. Std of Reward: 1.294. Training.
[INFO] PicklebotExecutionV1. Step: 1675264. Time Elapsed: 587.417 s. Mean Reward: 0.889. Std of Reward: 1.249. Training.
[INFO] PicklebotExecutionV1. Step: 1677312. Time Elapsed: 588.899 s. Mean Reward: 0.813. Std of Reward: 1.158. Training.
[INFO] PicklebotExecutionV1. Step: 1679360. Time Elapsed: 590.533 s. Mean Reward: 0.790. Std of Reward: 1.075. Training.
[INFO] PicklebotExecutionV1. Step: 1681408. Time Elapsed: 592.013 s. Mean Reward: 1.085. Std of Reward: 1.055. Training.
[INFO] PicklebotExecutionV1. Step: 1683456. Time Elapsed: 594.463 s. Mean Reward: 1.033. Std of Reward: 1.214. Training.
[INFO] PicklebotExecutionV1. Step: 1685504. Time Elapsed: 596.056 s. Mean Reward: 1.322. Std of Reward: 1.057. Training.
[INFO] PicklebotExecutionV1. Step: 1687552. Time Elapsed: 597.501 s. Mean Reward: 1.212. Std of Reward: 1.235. Training.
[INFO] PicklebotExecutionV1. Step: 1689600. Time Elapsed: 599.041 s. Mean Reward: 1.240. Std of Reward: 1.331. Training.
[INFO] PicklebotExecutionV1. Step: 1691648. Time Elapsed: 601.471 s. Mean Reward: 1.035. Std of Reward: 1.091. Training.
[INFO] PicklebotExecutionV1. Step: 1693696. Time Elapsed: 602.988 s. Mean Reward: 0.869. Std of Reward: 1.185. Training.
[INFO] PicklebotExecutionV1. Step: 1695744. Time Elapsed: 604.563 s. Mean Reward: 0.544. Std of Reward: 1.236. Training.
[INFO] PicklebotExecutionV1. Step: 1697792. Time Elapsed: 606.122 s. Mean Reward: 0.875. Std of Reward: 1.047. Training.
[INFO] PicklebotExecutionV1. Step: 1699840. Time Elapsed: 608.840 s. Mean Reward: 1.113. Std of Reward: 1.146. Training.
[INFO] PicklebotExecutionV1. Step: 1701888. Time Elapsed: 610.516 s. Mean Reward: 1.205. Std of Reward: 1.064. Training.
[INFO] PicklebotExecutionV1. Step: 1703936. Time Elapsed: 611.951 s. Mean Reward: 1.607. Std of Reward: 1.113. Training.
[INFO] PicklebotExecutionV1. Step: 1705984. Time Elapsed: 613.593 s. Mean Reward: 1.188. Std of Reward: 1.111. Training.
[INFO] PicklebotExecutionV1. Step: 1708032. Time Elapsed: 616.265 s. Mean Reward: 1.052. Std of Reward: 1.378. Training.
[INFO] PicklebotExecutionV1. Step: 1710080. Time Elapsed: 617.869 s. Mean Reward: 1.032. Std of Reward: 1.197. Training.
[INFO] PicklebotExecutionV1. Step: 1712128. Time Elapsed: 619.441 s. Mean Reward: 0.892. Std of Reward: 1.022. Training.
[INFO] PicklebotExecutionV1. Step: 1714176. Time Elapsed: 620.988 s. Mean Reward: 0.757. Std of Reward: 1.080. Training.
[INFO] PicklebotExecutionV1. Step: 1716224. Time Elapsed: 623.303 s. Mean Reward: 1.064. Std of Reward: 1.252. Training.
[INFO] PicklebotExecutionV1. Step: 1718272. Time Elapsed: 624.842 s. Mean Reward: 0.969. Std of Reward: 1.369. Training.
[INFO] PicklebotExecutionV1. Step: 1720320. Time Elapsed: 626.438 s. Mean Reward: 1.340. Std of Reward: 1.031. Training.
[INFO] PicklebotExecutionV1. Step: 1722368. Time Elapsed: 627.826 s. Mean Reward: 1.503. Std of Reward: 1.297. Training.
[INFO] PicklebotExecutionV1. Step: 1724416. Time Elapsed: 630.259 s. Mean Reward: 0.831. Std of Reward: 1.235. Training.
[INFO] PicklebotExecutionV1. Step: 1726464. Time Elapsed: 631.866 s. Mean Reward: 1.042. Std of Reward: 1.116. Training.
[INFO] PicklebotExecutionV1. Step: 1728512. Time Elapsed: 633.194 s. Mean Reward: 0.930. Std of Reward: 1.093. Training.
[INFO] PicklebotExecutionV1. Step: 1730560. Time Elapsed: 634.774 s. Mean Reward: 0.470. Std of Reward: 1.153. Training.
[INFO] PicklebotExecutionV1. Step: 1732608. Time Elapsed: 637.429 s. Mean Reward: 1.082. Std of Reward: 0.894. Training.
[INFO] PicklebotExecutionV1. Step: 1734656. Time Elapsed: 638.906 s. Mean Reward: 1.357. Std of Reward: 0.914. Training.
[INFO] PicklebotExecutionV1. Step: 1736704. Time Elapsed: 640.306 s. Mean Reward: 1.303. Std of Reward: 1.259. Training.
[INFO] PicklebotExecutionV1. Step: 1738752. Time Elapsed: 641.775 s. Mean Reward: 1.319. Std of Reward: 1.073. Training.
[INFO] PicklebotExecutionV1. Step: 1740800. Time Elapsed: 644.256 s. Mean Reward: 1.045. Std of Reward: 1.450. Training.
[INFO] PicklebotExecutionV1. Step: 1742848. Time Elapsed: 645.788 s. Mean Reward: 1.045. Std of Reward: 1.195. Training.
[INFO] PicklebotExecutionV1. Step: 1744896. Time Elapsed: 647.135 s. Mean Reward: 0.717. Std of Reward: 1.146. Training.
[INFO] PicklebotExecutionV1. Step: 1746944. Time Elapsed: 648.723 s. Mean Reward: 0.707. Std of Reward: 1.125. Training.
[INFO] PicklebotExecutionV1. Step: 1748992. Time Elapsed: 651.146 s. Mean Reward: 0.916. Std of Reward: 1.182. Training.
[INFO] PicklebotExecutionV1. Step: 1751040. Time Elapsed: 652.755 s. Mean Reward: 1.134. Std of Reward: 1.072. Training.
[INFO] PicklebotExecutionV1. Step: 1753088. Time Elapsed: 654.101 s. Mean Reward: 1.364. Std of Reward: 1.091. Training.
[INFO] PicklebotExecutionV1. Step: 1755136. Time Elapsed: 655.771 s. Mean Reward: 1.352. Std of Reward: 1.120. Training.
[INFO] PicklebotExecutionV1. Step: 1757184. Time Elapsed: 658.014 s. Mean Reward: 1.247. Std of Reward: 1.259. Training.
[INFO] PicklebotExecutionV1. Step: 1759232. Time Elapsed: 659.761 s. Mean Reward: 1.034. Std of Reward: 1.170. Training.
[INFO] PicklebotExecutionV1. Step: 1761280. Time Elapsed: 661.111 s. Mean Reward: 0.724. Std of Reward: 1.273. Training.
[INFO] PicklebotExecutionV1. Step: 1763328. Time Elapsed: 662.730 s. Mean Reward: 1.062. Std of Reward: 1.094. Training.
[INFO] PicklebotExecutionV1. Step: 1765376. Time Elapsed: 664.968 s. Mean Reward: 0.495. Std of Reward: 1.159. Training.
[INFO] PicklebotExecutionV1. Step: 1767424. Time Elapsed: 666.729 s. Mean Reward: 0.790. Std of Reward: 1.175. Training.
[INFO] PicklebotExecutionV1. Step: 1769472. Time Elapsed: 668.232 s. Mean Reward: 1.333. Std of Reward: 1.029. Training.
[INFO] PicklebotExecutionV1. Step: 1771520. Time Elapsed: 669.760 s. Mean Reward: 1.503. Std of Reward: 1.138. Training.
[INFO] PicklebotExecutionV1. Step: 1773568. Time Elapsed: 672.551 s. Mean Reward: 1.656. Std of Reward: 0.973. Training.
[INFO] PicklebotExecutionV1. Step: 1775616. Time Elapsed: 673.924 s. Mean Reward: 1.379. Std of Reward: 1.164. Training.
[INFO] PicklebotExecutionV1. Step: 1777664. Time Elapsed: 675.526 s. Mean Reward: 0.927. Std of Reward: 1.334. Training.
[INFO] PicklebotExecutionV1. Step: 1779712. Time Elapsed: 677.208 s. Mean Reward: 0.749. Std of Reward: 1.084. Training.
[INFO] PicklebotExecutionV1. Step: 1781760. Time Elapsed: 679.772 s. Mean Reward: 0.868. Std of Reward: 1.038. Training.
[INFO] PicklebotExecutionV1. Step: 1783808. Time Elapsed: 681.285 s. Mean Reward: 0.907. Std of Reward: 1.186. Training.
[INFO] PicklebotExecutionV1. Step: 1785856. Time Elapsed: 682.681 s. Mean Reward: 1.140. Std of Reward: 1.033. Training.
[INFO] PicklebotExecutionV1. Step: 1787904. Time Elapsed: 684.360 s. Mean Reward: 1.223. Std of Reward: 1.266. Training.
[INFO] PicklebotExecutionV1. Step: 1789952. Time Elapsed: 686.733 s. Mean Reward: 1.123. Std of Reward: 1.278. Training.
[INFO] PicklebotExecutionV1. Step: 1792000. Time Elapsed: 688.161 s. Mean Reward: 1.176. Std of Reward: 1.215. Training.
[INFO] PicklebotExecutionV1. Step: 1794048. Time Elapsed: 689.695 s. Mean Reward: 0.930. Std of Reward: 1.234. Training.
[INFO] PicklebotExecutionV1. Step: 1796096. Time Elapsed: 691.234 s. Mean Reward: 1.000. Std of Reward: 1.056. Training.
[INFO] PicklebotExecutionV1. Step: 1798144. Time Elapsed: 693.695 s. Mean Reward: 1.048. Std of Reward: 1.120. Training.
[INFO] PicklebotExecutionV1. Step: 1800192. Time Elapsed: 695.066 s. Mean Reward: 0.758. Std of Reward: 1.060. Training.
[INFO] PicklebotExecutionV1. Step: 1802240. Time Elapsed: 696.902 s. Mean Reward: 0.970. Std of Reward: 1.087. Training.
[INFO] PicklebotExecutionV1. Step: 1804288. Time Elapsed: 698.078 s. Mean Reward: 1.689. Std of Reward: 1.110. Training.
[INFO] PicklebotExecutionV1. Step: 1806336. Time Elapsed: 700.807 s. Mean Reward: 1.267. Std of Reward: 1.019. Training.
[INFO] PicklebotExecutionV1. Step: 1808384. Time Elapsed: 702.171 s. Mean Reward: 1.348. Std of Reward: 1.184. Training.
[INFO] PicklebotExecutionV1. Step: 1810432. Time Elapsed: 703.808 s. Mean Reward: 1.293. Std of Reward: 1.311. Training.
[INFO] PicklebotExecutionV1. Step: 1812480. Time Elapsed: 705.083 s. Mean Reward: 1.005. Std of Reward: 1.148. Training.
[INFO] PicklebotExecutionV1. Step: 1814528. Time Elapsed: 707.761 s. Mean Reward: 0.982. Std of Reward: 0.942. Training.
[INFO] PicklebotExecutionV1. Step: 1816576. Time Elapsed: 709.115 s. Mean Reward: 0.863. Std of Reward: 1.139. Training.
[INFO] PicklebotExecutionV1. Step: 1818624. Time Elapsed: 710.787 s. Mean Reward: 1.098. Std of Reward: 1.147. Training.
[INFO] PicklebotExecutionV1. Step: 1820672. Time Elapsed: 712.159 s. Mean Reward: 1.145. Std of Reward: 1.099. Training.
[INFO] PicklebotExecutionV1. Step: 1822720. Time Elapsed: 714.699 s. Mean Reward: 1.577. Std of Reward: 1.082. Training.
[INFO] PicklebotExecutionV1. Step: 1824768. Time Elapsed: 716.123 s. Mean Reward: 1.240. Std of Reward: 1.193. Training.
[INFO] PicklebotExecutionV1. Step: 1826816. Time Elapsed: 717.701 s. Mean Reward: 1.272. Std of Reward: 1.173. Training.
[INFO] PicklebotExecutionV1. Step: 1828864. Time Elapsed: 719.197 s. Mean Reward: 1.050. Std of Reward: 1.234. Training.
[INFO] PicklebotExecutionV1. Step: 1830912. Time Elapsed: 721.705 s. Mean Reward: 0.892. Std of Reward: 1.191. Training.
[INFO] PicklebotExecutionV1. Step: 1832960. Time Elapsed: 723.172 s. Mean Reward: 0.620. Std of Reward: 1.205. Training.
[INFO] PicklebotExecutionV1. Step: 1835008. Time Elapsed: 724.713 s. Mean Reward: 0.611. Std of Reward: 1.098. Training.
[INFO] Exported F:\dev\picklebot\artifacts\mlagents\execution-movement-progress-01\PicklebotExecutionV1\PicklebotExecutionV1-1834975.onnx
[INFO] PicklebotExecutionV1. Step: 1837056. Time Elapsed: 726.462 s. Mean Reward: 1.161. Std of Reward: 1.065. Training.
[INFO] PicklebotExecutionV1. Step: 1839104. Time Elapsed: 729.396 s. Mean Reward: 1.292. Std of Reward: 1.253. Training.
[INFO] PicklebotExecutionV1. Step: 1841152. Time Elapsed: 730.907 s. Mean Reward: 1.305. Std of Reward: 1.338. Training.
[INFO] PicklebotExecutionV1. Step: 1843200. Time Elapsed: 732.492 s. Mean Reward: 1.211. Std of Reward: 1.125. Training.
[INFO] PicklebotExecutionV1. Step: 1845248. Time Elapsed: 734.098 s. Mean Reward: 1.236. Std of Reward: 1.358. Training.
[INFO] PicklebotExecutionV1. Step: 1847296. Time Elapsed: 736.827 s. Mean Reward: 0.610. Std of Reward: 1.137. Training.
[INFO] PicklebotExecutionV1. Step: 1849344. Time Elapsed: 738.386 s. Mean Reward: 0.943. Std of Reward: 1.099. Training.
[INFO] PicklebotExecutionV1. Step: 1851392. Time Elapsed: 739.952 s. Mean Reward: 1.019. Std of Reward: 1.157. Training.
[INFO] PicklebotExecutionV1. Step: 1853440. Time Elapsed: 741.481 s. Mean Reward: 1.039. Std of Reward: 1.298. Training.
[INFO] PicklebotExecutionV1. Step: 1855488. Time Elapsed: 743.927 s. Mean Reward: 1.114. Std of Reward: 1.211. Training.
[INFO] PicklebotExecutionV1. Step: 1857536. Time Elapsed: 745.420 s. Mean Reward: 1.223. Std of Reward: 1.209. Training.
[INFO] PicklebotExecutionV1. Step: 1859584. Time Elapsed: 746.960 s. Mean Reward: 1.189. Std of Reward: 1.293. Training.
[INFO] PicklebotExecutionV1. Step: 1861632. Time Elapsed: 748.527 s. Mean Reward: 1.064. Std of Reward: 1.162. Training.
[INFO] PicklebotExecutionV1. Step: 1863680. Time Elapsed: 750.971 s. Mean Reward: 0.918. Std of Reward: 1.305. Training.
[INFO] PicklebotExecutionV1. Step: 1865728. Time Elapsed: 752.382 s. Mean Reward: 0.825. Std of Reward: 1.206. Training.
[INFO] PicklebotExecutionV1. Step: 1867776. Time Elapsed: 754.020 s. Mean Reward: 0.641. Std of Reward: 1.184. Training.
[INFO] PicklebotExecutionV1. Step: 1869824. Time Elapsed: 755.658 s. Mean Reward: 1.308. Std of Reward: 0.890. Training.
[INFO] PicklebotExecutionV1. Step: 1871872. Time Elapsed: 758.399 s. Mean Reward: 1.498. Std of Reward: 1.119. Training.
[INFO] PicklebotExecutionV1. Step: 1873920. Time Elapsed: 759.856 s. Mean Reward: 1.326. Std of Reward: 1.200. Training.
[INFO] PicklebotExecutionV1. Step: 1875968. Time Elapsed: 761.424 s. Mean Reward: 1.176. Std of Reward: 1.440. Training.
[INFO] PicklebotExecutionV1. Step: 1878016. Time Elapsed: 762.840 s. Mean Reward: 1.037. Std of Reward: 1.308. Training.
[INFO] PicklebotExecutionV1. Step: 1880064. Time Elapsed: 765.263 s. Mean Reward: 1.071. Std of Reward: 1.233. Training.
[INFO] PicklebotExecutionV1. Step: 1882112. Time Elapsed: 766.649 s. Mean Reward: 0.891. Std of Reward: 1.095. Training.
[INFO] PicklebotExecutionV1. Step: 1884160. Time Elapsed: 768.362 s. Mean Reward: 0.858. Std of Reward: 1.108. Training.
[INFO] PicklebotExecutionV1. Step: 1886208. Time Elapsed: 769.862 s. Mean Reward: 1.099. Std of Reward: 1.166. Training.
[INFO] PicklebotExecutionV1. Step: 1888256. Time Elapsed: 772.220 s. Mean Reward: 1.110. Std of Reward: 1.144. Training.
[INFO] PicklebotExecutionV1. Step: 1890304. Time Elapsed: 773.728 s. Mean Reward: 1.050. Std of Reward: 1.231. Training.
[INFO] PicklebotExecutionV1. Step: 1892352. Time Elapsed: 775.390 s. Mean Reward: 1.321. Std of Reward: 1.163. Training.
[INFO] PicklebotExecutionV1. Step: 1894400. Time Elapsed: 776.738 s. Mean Reward: 1.073. Std of Reward: 1.234. Training.
[INFO] PicklebotExecutionV1. Step: 1896448. Time Elapsed: 779.137 s. Mean Reward: 1.104. Std of Reward: 1.242. Training.
[INFO] PicklebotExecutionV1. Step: 1898496. Time Elapsed: 780.713 s. Mean Reward: 0.943. Std of Reward: 1.259. Training.
[INFO] PicklebotExecutionV1. Step: 1900544. Time Elapsed: 782.146 s. Mean Reward: 0.977. Std of Reward: 1.241. Training.
[INFO] PicklebotExecutionV1. Step: 1902592. Time Elapsed: 783.701 s. Mean Reward: 0.874. Std of Reward: 1.052. Training.
[INFO] PicklebotExecutionV1. Step: 1904640. Time Elapsed: 786.097 s. Mean Reward: 1.079. Std of Reward: 1.237. Training.
[INFO] PicklebotExecutionV1. Step: 1906688. Time Elapsed: 787.709 s. Mean Reward: 1.398. Std of Reward: 1.192. Training.
[INFO] PicklebotExecutionV1. Step: 1908736. Time Elapsed: 789.218 s. Mean Reward: 1.322. Std of Reward: 1.160. Training.
[INFO] PicklebotExecutionV1. Step: 1910784. Time Elapsed: 790.743 s. Mean Reward: 1.581. Std of Reward: 1.291. Training.
[INFO] PicklebotExecutionV1. Step: 1912832. Time Elapsed: 793.586 s. Mean Reward: 1.150. Std of Reward: 1.178. Training.
[INFO] PicklebotExecutionV1. Step: 1914880. Time Elapsed: 795.258 s. Mean Reward: 1.216. Std of Reward: 1.047. Training.
[INFO] PicklebotExecutionV1. Step: 1916928. Time Elapsed: 796.675 s. Mean Reward: 0.984. Std of Reward: 1.150. Training.
[INFO] PicklebotExecutionV1. Step: 1918976. Time Elapsed: 798.370 s. Mean Reward: 0.915. Std of Reward: 1.108. Training.
[INFO] PicklebotExecutionV1. Step: 1921024. Time Elapsed: 800.690 s. Mean Reward: 1.203. Std of Reward: 1.256. Training.
[INFO] PicklebotExecutionV1. Step: 1923072. Time Elapsed: 802.176 s. Mean Reward: 0.905. Std of Reward: 1.163. Training.
[INFO] PicklebotExecutionV1. Step: 1925120. Time Elapsed: 803.756 s. Mean Reward: 1.165. Std of Reward: 1.090. Training.
[INFO] PicklebotExecutionV1. Step: 1927168. Time Elapsed: 805.124 s. Mean Reward: 1.195. Std of Reward: 1.221. Training.
[INFO] PicklebotExecutionV1. Step: 1929216. Time Elapsed: 807.708 s. Mean Reward: 1.062. Std of Reward: 1.252. Training.
[INFO] PicklebotExecutionV1. Step: 1931264. Time Elapsed: 809.043 s. Mean Reward: 1.158. Std of Reward: 1.109. Training.
[INFO] PicklebotExecutionV1. Step: 1933312. Time Elapsed: 810.627 s. Mean Reward: 1.025. Std of Reward: 1.186. Training.
[INFO] PicklebotExecutionV1. Step: 1935360. Time Elapsed: 812.165 s. Mean Reward: 0.725. Std of Reward: 1.233. Training.
[INFO] PicklebotExecutionV1. Step: 1937408. Time Elapsed: 815.142 s. Mean Reward: 1.035. Std of Reward: 1.114. Training.
[INFO] PicklebotExecutionV1. Step: 1939456. Time Elapsed: 816.464 s. Mean Reward: 1.298. Std of Reward: 1.015. Training.
[INFO] PicklebotExecutionV1. Step: 1941504. Time Elapsed: 818.114 s. Mean Reward: 1.332. Std of Reward: 1.287. Training.
[INFO] PicklebotExecutionV1. Step: 1943552. Time Elapsed: 819.640 s. Mean Reward: 1.196. Std of Reward: 1.243. Training.
[INFO] PicklebotExecutionV1. Step: 1945600. Time Elapsed: 822.138 s. Mean Reward: 1.089. Std of Reward: 1.420. Training.
[INFO] PicklebotExecutionV1. Step: 1947648. Time Elapsed: 823.615 s. Mean Reward: 0.850. Std of Reward: 1.127. Training.
[INFO] PicklebotExecutionV1. Step: 1949696. Time Elapsed: 825.061 s. Mean Reward: 1.084. Std of Reward: 1.154. Training.
[INFO] PicklebotExecutionV1. Step: 1951744. Time Elapsed: 826.635 s. Mean Reward: 0.892. Std of Reward: 1.169. Training.
[INFO] PicklebotExecutionV1. Step: 1953792. Time Elapsed: 828.998 s. Mean Reward: 1.046. Std of Reward: 1.113. Training.
[INFO] PicklebotExecutionV1. Step: 1955840. Time Elapsed: 830.547 s. Mean Reward: 0.917. Std of Reward: 1.299. Training.
[INFO] PicklebotExecutionV1. Step: 1957888. Time Elapsed: 832.013 s. Mean Reward: 0.839. Std of Reward: 1.214. Training.
[INFO] PicklebotExecutionV1. Step: 1959936. Time Elapsed: 833.638 s. Mean Reward: 1.259. Std of Reward: 0.917. Training.
[INFO] PicklebotExecutionV1. Step: 1961984. Time Elapsed: 835.933 s. Mean Reward: 1.317. Std of Reward: 1.124. Training.
[INFO] PicklebotExecutionV1. Step: 1964032. Time Elapsed: 837.513 s. Mean Reward: 0.828. Std of Reward: 1.090. Training.
[INFO] PicklebotExecutionV1. Step: 1966080. Time Elapsed: 839.013 s. Mean Reward: 1.141. Std of Reward: 1.026. Training.
[INFO] PicklebotExecutionV1. Step: 1968128. Time Elapsed: 840.537 s. Mean Reward: 0.844. Std of Reward: 1.327. Training.
[INFO] PicklebotExecutionV1. Step: 1970176. Time Elapsed: 843.033 s. Mean Reward: 0.885. Std of Reward: 1.193. Training.
[INFO] PicklebotExecutionV1. Step: 1972224. Time Elapsed: 844.516 s. Mean Reward: 1.032. Std of Reward: 1.181. Training.
[INFO] PicklebotExecutionV1. Step: 1974272. Time Elapsed: 846.189 s. Mean Reward: 1.285. Std of Reward: 1.184. Training.
[INFO] PicklebotExecutionV1. Step: 1976320. Time Elapsed: 847.589 s. Mean Reward: 1.059. Std of Reward: 1.436. Training.
[INFO] PicklebotExecutionV1. Step: 1978368. Time Elapsed: 850.740 s. Mean Reward: 1.426. Std of Reward: 1.064. Training.
[INFO] PicklebotExecutionV1. Step: 1980416. Time Elapsed: 852.062 s. Mean Reward: 1.170. Std of Reward: 1.187. Training.
[INFO] PicklebotExecutionV1. Step: 1982464. Time Elapsed: 853.739 s. Mean Reward: 1.175. Std of Reward: 1.160. Training.
[INFO] PicklebotExecutionV1. Step: 1984512. Time Elapsed: 855.155 s. Mean Reward: 1.234. Std of Reward: 0.959. Training.
[INFO] PicklebotExecutionV1. Step: 1986560. Time Elapsed: 857.713 s. Mean Reward: 1.052. Std of Reward: 1.198. Training.
[INFO] PicklebotExecutionV1. Step: 1988608. Time Elapsed: 859.099 s. Mean Reward: 0.937. Std of Reward: 1.213. Training.
[INFO] PicklebotExecutionV1. Step: 1990656. Time Elapsed: 860.716 s. Mean Reward: 0.933. Std of Reward: 1.167. Training.
[INFO] PicklebotExecutionV1. Step: 1992704. Time Elapsed: 862.187 s. Mean Reward: 0.729. Std of Reward: 1.073. Training.
[INFO] PicklebotExecutionV1. Step: 1994752. Time Elapsed: 864.690 s. Mean Reward: 1.026. Std of Reward: 1.182. Training.
[INFO] PicklebotExecutionV1. Step: 1996800. Time Elapsed: 866.101 s. Mean Reward: 1.227. Std of Reward: 0.945. Training.
[INFO] PicklebotExecutionV1. Step: 1998848. Time Elapsed: 867.710 s. Mean Reward: 0.971. Std of Reward: 1.198. Training.
[INFO] PicklebotExecutionV1. Step: 2000896. Time Elapsed: 869.311 s. Mean Reward: 0.974. Std of Reward: 1.229. Training.
[INFO] PicklebotExecutionV1. Step: 2002944. Time Elapsed: 871.495 s. Mean Reward: 1.043. Std of Reward: 1.104. Training.
[INFO] PicklebotExecutionV1. Step: 2004992. Time Elapsed: 873.032 s. Mean Reward: 1.024. Std of Reward: 1.206. Training.
[INFO] PicklebotExecutionV1. Step: 2007040. Time Elapsed: 874.582 s. Mean Reward: 1.244. Std of Reward: 1.010. Training.
[INFO] PicklebotExecutionV1. Step: 2009088. Time Elapsed: 876.012 s. Mean Reward: 1.150. Std of Reward: 1.372. Training.
[INFO] PicklebotExecutionV1. Step: 2011136. Time Elapsed: 878.689 s. Mean Reward: 1.174. Std of Reward: 1.317. Training.
[INFO] PicklebotExecutionV1. Step: 2013184. Time Elapsed: 880.296 s. Mean Reward: 1.284. Std of Reward: 1.314. Training.
[INFO] PicklebotExecutionV1. Step: 2015232. Time Elapsed: 881.809 s. Mean Reward: 1.377. Std of Reward: 1.163. Training.
[INFO] PicklebotExecutionV1. Step: 2017280. Time Elapsed: 883.397 s. Mean Reward: 1.122. Std of Reward: 1.100. Training.
[INFO] PicklebotExecutionV1. Step: 2019328. Time Elapsed: 885.638 s. Mean Reward: 1.400. Std of Reward: 0.890. Training.
[INFO] PicklebotExecutionV1. Step: 2021376. Time Elapsed: 887.141 s. Mean Reward: 0.876. Std of Reward: 1.185. Training.
[INFO] PicklebotExecutionV1. Step: 2023424. Time Elapsed: 888.655 s. Mean Reward: 0.696. Std of Reward: 1.147. Training.
[INFO] PicklebotExecutionV1. Step: 2025472. Time Elapsed: 890.232 s. Mean Reward: 0.830. Std of Reward: 1.192. Training.
[INFO] PicklebotExecutionV1. Step: 2027520. Time Elapsed: 892.872 s. Mean Reward: 0.900. Std of Reward: 1.094. Training.
[INFO] PicklebotExecutionV1. Step: 2029568. Time Elapsed: 894.229 s. Mean Reward: 1.120. Std of Reward: 1.132. Training.
[INFO] PicklebotExecutionV1. Step: 2031616. Time Elapsed: 895.753 s. Mean Reward: 0.900. Std of Reward: 1.310. Training.
[INFO] PicklebotExecutionV1. Step: 2033664. Time Elapsed: 897.199 s. Mean Reward: 1.061. Std of Reward: 1.169. Training.
[INFO] PicklebotExecutionV1. Step: 2035712. Time Elapsed: 900.048 s. Mean Reward: 0.864. Std of Reward: 1.358. Training.
[INFO] PicklebotExecutionV1. Step: 2037760. Time Elapsed: 901.590 s. Mean Reward: 0.975. Std of Reward: 1.175. Training.
[INFO] PicklebotExecutionV1. Step: 2039808. Time Elapsed: 903.058 s. Mean Reward: 0.989. Std of Reward: 1.227. Training.
[INFO] PicklebotExecutionV1. Step: 2041856. Time Elapsed: 904.718 s. Mean Reward: 1.229. Std of Reward: 1.241. Training.
[INFO] PicklebotExecutionV1. Step: 2043904. Time Elapsed: 907.557 s. Mean Reward: 1.306. Std of Reward: 1.315. Training.
[INFO] PicklebotExecutionV1. Step: 2045952. Time Elapsed: 909.224 s. Mean Reward: 1.377. Std of Reward: 1.252. Training.
[INFO] PicklebotExecutionV1. Step: 2048000. Time Elapsed: 910.494 s. Mean Reward: 1.131. Std of Reward: 1.119. Training.
[INFO] PicklebotExecutionV1. Step: 2050048. Time Elapsed: 912.230 s. Mean Reward: 1.339. Std of Reward: 1.210. Training.
[INFO] PicklebotExecutionV1. Step: 2052096. Time Elapsed: 914.869 s. Mean Reward: 1.106. Std of Reward: 1.148. Training.
[INFO] PicklebotExecutionV1. Step: 2054144. Time Elapsed: 916.457 s. Mean Reward: 1.053. Std of Reward: 1.186. Training.
[INFO] PicklebotExecutionV1. Step: 2056192. Time Elapsed: 917.836 s. Mean Reward: 0.873. Std of Reward: 1.112. Training.
[INFO] PicklebotExecutionV1. Step: 2058240. Time Elapsed: 919.527 s. Mean Reward: 0.740. Std of Reward: 1.156. Training.
[INFO] PicklebotExecutionV1. Step: 2060288. Time Elapsed: 921.952 s. Mean Reward: 1.029. Std of Reward: 1.025. Training.
[INFO] PicklebotExecutionV1. Step: 2062336. Time Elapsed: 923.382 s. Mean Reward: 0.853. Std of Reward: 1.042. Training.
[INFO] PicklebotExecutionV1. Step: 2064384. Time Elapsed: 925.027 s. Mean Reward: 1.078. Std of Reward: 1.037. Training.
[INFO] PicklebotExecutionV1. Step: 2066432. Time Elapsed: 926.385 s. Mean Reward: 0.987. Std of Reward: 1.272. Training.
[INFO] PicklebotExecutionV1. Step: 2068480. Time Elapsed: 928.984 s. Mean Reward: 0.975. Std of Reward: 1.225. Training.
[INFO] PicklebotExecutionV1. Step: 2070528. Time Elapsed: 930.310 s. Mean Reward: 1.361. Std of Reward: 1.098. Training.
[INFO] PicklebotExecutionV1. Step: 2072576. Time Elapsed: 932.059 s. Mean Reward: 0.933. Std of Reward: 1.334. Training.
[INFO] PicklebotExecutionV1. Step: 2074624. Time Elapsed: 933.424 s. Mean Reward: 1.141. Std of Reward: 1.110. Training.
[INFO] PicklebotExecutionV1. Step: 2076672. Time Elapsed: 935.796 s. Mean Reward: 1.138. Std of Reward: 1.292. Training.
[INFO] PicklebotExecutionV1. Step: 2078720. Time Elapsed: 937.283 s. Mean Reward: 1.241. Std of Reward: 1.289. Training.
[INFO] PicklebotExecutionV1. Step: 2080768. Time Elapsed: 938.925 s. Mean Reward: 1.227. Std of Reward: 1.234. Training.
[INFO] PicklebotExecutionV1. Step: 2082816. Time Elapsed: 940.416 s. Mean Reward: 1.226. Std of Reward: 1.271. Training.
[INFO] PicklebotExecutionV1. Step: 2084864. Time Elapsed: 942.932 s. Mean Reward: 1.236. Std of Reward: 1.213. Training.
[INFO] PicklebotExecutionV1. Step: 2086912. Time Elapsed: 944.608 s. Mean Reward: 0.989. Std of Reward: 1.263. Training.
[INFO] PicklebotExecutionV1. Step: 2088960. Time Elapsed: 945.953 s. Mean Reward: 1.054. Std of Reward: 1.003. Training.
[INFO] PicklebotExecutionV1. Step: 2091008. Time Elapsed: 947.583 s. Mean Reward: 1.018. Std of Reward: 1.103. Training.
[INFO] PicklebotExecutionV1. Step: 2093056. Time Elapsed: 949.871 s. Mean Reward: 1.058. Std of Reward: 1.038. Training.
[INFO] PicklebotExecutionV1. Step: 2095104. Time Elapsed: 951.500 s. Mean Reward: 0.873. Std of Reward: 1.041. Training.
[INFO] PicklebotExecutionV1. Step: 2097152. Time Elapsed: 952.881 s. Mean Reward: 0.753. Std of Reward: 1.152. Training.
[INFO] Exported F:\dev\picklebot\artifacts\mlagents\execution-movement-progress-01\PicklebotExecutionV1\PicklebotExecutionV1-2097147.onnx
[INFO] Exported F:\dev\picklebot\artifacts\mlagents\execution-movement-progress-01\PicklebotExecutionV1\PicklebotExecutionV1-2097183.onnx
[INFO] Copied F:\dev\picklebot\artifacts\mlagents\execution-movement-progress-01\PicklebotExecutionV1\PicklebotExecutionV1-2097183.onnx to F:\dev\picklebot\artifacts\mlagents\execution-movement-progress-01\PicklebotExecutionV1.onnx.
