[INFO] Connected to Unity environment with package version 4.1.0 and communication version 1.5.0
[INFO] Connected new brain: PicklebotExecutionV1?team=0


	Unity Technologies

 Version information:
  ml-agents: 1.2.0.dev0,
  ml-agents-envs: 1.2.0.dev0,
  Communicator API: 1.5.0,
  PyTorch: 2.8.0+cu126
[INFO] Hyperparameters for behavior name PicklebotExecutionV1: 
	trainer_type:	ppo
	hyperparameters:	
	  batch_size:	1024
	  buffer_size:	8192
	  learning_rate:	0.0001
	  beta:	0.005
	  epsilon:	0.2
	  lambd:	0.95
	  num_epoch:	3
	  shared_critic:	False
	  learning_rate_schedule:	constant
	  beta_schedule:	constant
	  epsilon_schedule:	constant
	checkpoint_interval:	8192
	network_settings:	
	  normalize:	True
	  hidden_units:	128
	  num_layers:	2
	  vis_encode_type:	simple
	  memory:	None
	  goal_conditioning_type:	hyper
	  deterministic:	False
	reward_signals:	
	  extrinsic:	
	    gamma:	0.99
	    strength:	1.0
	    network_settings:	
	      normalize:	False
	      hidden_units:	128
	      num_layers:	2
	      vis_encode_type:	simple
	      memory:	None
	      goal_conditioning_type:	hyper
	      deterministic:	False
	init_path:	None
	keep_checkpoints:	4
	even_checkpoints:	False
	max_steps:	1056801
	time_horizon:	128
	summary_freq:	2048
	threaded:	False
	self_play:	None
	behavioral_cloning:	None
[INFO] Resuming from F:\dev\picklebot\artifacts\mlagents\execution-precontact-delivery-02\PicklebotExecutionV1.
[INFO] Resuming training from step 1048609.
[INFO] PicklebotExecutionV1. Step: 1050624. Time Elapsed: 11.910 s. Mean Reward: 1.283. Std of Reward: 1.202. Training.
[INFO] PicklebotExecutionV1. Step: 1052672. Time Elapsed: 19.854 s. Mean Reward: 0.874. Std of Reward: 0.992. Training.
[INFO] PicklebotExecutionV1. Step: 1054720. Time Elapsed: 27.253 s. Mean Reward: 1.352. Std of Reward: 1.266. Training.
[INFO] PicklebotExecutionV1. Step: 1056768. Time Elapsed: 35.210 s. Mean Reward: 0.784. Std of Reward: 1.023. Training.
[INFO] Exported F:\dev\picklebot\artifacts\mlagents\execution-precontact-delivery-02\PicklebotExecutionV1\PicklebotExecutionV1-1056764.onnx
[INFO] Exported F:\dev\picklebot\artifacts\mlagents\execution-precontact-delivery-02\PicklebotExecutionV1\PicklebotExecutionV1-1056822.onnx
[INFO] Copied F:\dev\picklebot\artifacts\mlagents\execution-precontact-delivery-02\PicklebotExecutionV1\PicklebotExecutionV1-1056822.onnx to F:\dev\picklebot\artifacts\mlagents\execution-precontact-delivery-02\PicklebotExecutionV1.onnx.
