[INFO] Connected to Unity environment with package version 4.1.0 and communication version 1.5.0
[INFO] Connected new brain: PicklebotExecutionV1?team=0


	Unity Technologies

 Version information:
  ml-agents: 1.2.0.dev0,
  ml-agents-envs: 1.2.0.dev0,
  Communicator API: 1.5.0,
  PyTorch: 2.8.0+cu126
[INFO] Hyperparameters for behavior name PicklebotExecutionV1: 
	trainer_type:	ppo
	hyperparameters:	
	  batch_size:	1024
	  buffer_size:	8192
	  learning_rate:	0.0001
	  beta:	0.005
	  epsilon:	0.2
	  lambd:	0.95
	  num_epoch:	3
	  shared_critic:	False
	  learning_rate_schedule:	constant
	  beta_schedule:	constant
	  epsilon_schedule:	constant
	checkpoint_interval:	524288
	network_settings:	
	  normalize:	True
	  hidden_units:	128
	  num_layers:	2
	  vis_encode_type:	simple
	  memory:	None
	  goal_conditioning_type:	hyper
	  deterministic:	False
	reward_signals:	
	  extrinsic:	
	    gamma:	0.99
	    strength:	1.0
	    network_settings:	
	      normalize:	False
	      hidden_units:	128
	      num_layers:	2
	      vis_encode_type:	simple
	      memory:	None
	      goal_conditioning_type:	hyper
	      deterministic:	False
	init_path:	None
	keep_checkpoints:	4
	even_checkpoints:	False
	max_steps:	2097152
	time_horizon:	128
	summary_freq:	2048
	threaded:	False
	self_play:	None
	behavioral_cloning:	None
[INFO] Resuming from F:\dev\picklebot\artifacts\mlagents\execution-precontact-frozen-sampled-01\PicklebotExecutionV1.
[INFO] Resuming training from step 2097186.
[INFO] PicklebotExecutionV1. Step: 2099200. Time Elapsed: 12.859 s. Mean Reward: 1.280. Std of Reward: 1.295. Not Training.
[INFO] PicklebotExecutionV1. Step: 2101248. Time Elapsed: 21.217 s. Mean Reward: 0.768. Std of Reward: 1.008. Not Training.
[INFO] PicklebotExecutionV1. Step: 2103296. Time Elapsed: 29.695 s. Mean Reward: 1.287. Std of Reward: 1.184. Not Training.
[INFO] PicklebotExecutionV1. Step: 2105344. Time Elapsed: 38.146 s. Mean Reward: 0.648. Std of Reward: 1.050. Not Training.
[INFO] PicklebotExecutionV1. Step: 2107392. Time Elapsed: 46.982 s. Mean Reward: 1.132. Std of Reward: 1.286. Not Training.
[INFO] PicklebotExecutionV1. Step: 2109440. Time Elapsed: 54.911 s. Mean Reward: 0.916. Std of Reward: 0.909. Not Training.
[INFO] PicklebotExecutionV1. Step: 2111488. Time Elapsed: 63.710 s. Mean Reward: 1.299. Std of Reward: 1.322. Not Training.
[INFO] PicklebotExecutionV1. Step: 2113536. Time Elapsed: 71.898 s. Mean Reward: 0.802. Std of Reward: 0.961. Not Training.
[ERROR] Worker 0 exceeded the allowed number of restarts.
[INFO] Learning was interrupted. Please wait while the graph is generated.
[ERROR] SubprocessEnvManager had workers that didn't signal shutdown
