[INFO] Connected to Unity environment with package version 4.1.0 and communication version 1.5.0
[INFO] Connected to Unity environment with package version 4.1.0 and communication version 1.5.0
[INFO] Connected to Unity environment with package version 4.1.0 and communication version 1.5.0
[INFO] Connected to Unity environment with package version 4.1.0 and communication version 1.5.0
[INFO] Connected to Unity environment with package version 4.1.0 and communication version 1.5.0
[INFO] Connected new brain: PicklebotExecutionV1?team=0
[INFO] Connected new brain: PicklebotExecutionV1?team=0
[INFO] Connected to Unity environment with package version 4.1.0 and communication version 1.5.0
[INFO] Connected new brain: PicklebotExecutionV1?team=0
[INFO] Connected to Unity environment with package version 4.1.0 and communication version 1.5.0
[INFO] Connected new brain: PicklebotExecutionV1?team=0
[INFO] Connected to Unity environment with package version 4.1.0 and communication version 1.5.0
[INFO] Connected new brain: PicklebotExecutionV1?team=0
[INFO] Connected new brain: PicklebotExecutionV1?team=0
[INFO] Connected new brain: PicklebotExecutionV1?team=0
[INFO] Connected new brain: PicklebotExecutionV1?team=0


	Unity Technologies

 Version information:
  ml-agents: 1.2.0.dev0,
  ml-agents-envs: 1.2.0.dev0,
  Communicator API: 1.5.0,
  PyTorch: 2.8.0+cu126
[INFO] Hyperparameters for behavior name PicklebotExecutionV1: 
	trainer_type:	ppo
	hyperparameters:	
	  batch_size:	1024
	  buffer_size:	8192
	  learning_rate:	0.0001
	  beta:	0.005
	  epsilon:	0.2
	  lambd:	0.95
	  num_epoch:	3
	  shared_critic:	False
	  learning_rate_schedule:	constant
	  beta_schedule:	constant
	  epsilon_schedule:	constant
	checkpoint_interval:	524288
	network_settings:	
	  normalize:	True
	  hidden_units:	128
	  num_layers:	2
	  vis_encode_type:	simple
	  memory:	None
	  goal_conditioning_type:	hyper
	  deterministic:	False
	reward_signals:	
	  extrinsic:	
	    gamma:	0.99
	    strength:	1.0
	    network_settings:	
	      normalize:	False
	      hidden_units:	128
	      num_layers:	2
	      vis_encode_type:	simple
	      memory:	None
	      goal_conditioning_type:	hyper
	      deterministic:	False
	init_path:	None
	keep_checkpoints:	4
	even_checkpoints:	False
	max_steps:	2097152
	time_horizon:	128
	summary_freq:	2048
	threaded:	False
	self_play:	None
	behavioral_cloning:	None
[INFO] Resuming from F:\dev\picklebot\artifacts\mlagents\execution-precontact-alignment-01\PicklebotExecutionV1.
[INFO] Resuming training from step 1048609.
[INFO] PicklebotExecutionV1. Step: 1050624. Time Elapsed: 8.194 s. Mean Reward: 0.405. Std of Reward: 1.148. Training.
[INFO] PicklebotExecutionV1. Step: 1052672. Time Elapsed: 9.133 s. Mean Reward: 1.673. Std of Reward: 0.869. Training.
[INFO] PicklebotExecutionV1. Step: 1054720. Time Elapsed: 11.586 s. Mean Reward: 0.752. Std of Reward: 1.257. Training.
[INFO] PicklebotExecutionV1. Step: 1056768. Time Elapsed: 12.818 s. Mean Reward: 1.548. Std of Reward: 0.914. Training.
[INFO] PicklebotExecutionV1. Step: 1058816. Time Elapsed: 16.279 s. Mean Reward: 0.759. Std of Reward: 1.279. Training.
[INFO] PicklebotExecutionV1. Step: 1060864. Time Elapsed: 17.442 s. Mean Reward: 1.340. Std of Reward: 0.965. Training.
[INFO] PicklebotExecutionV1. Step: 1062912. Time Elapsed: 19.490 s. Mean Reward: 0.973. Std of Reward: 1.259. Training.
[INFO] PicklebotExecutionV1. Step: 1064960. Time Elapsed: 20.763 s. Mean Reward: 1.275. Std of Reward: 0.966. Training.
[INFO] PicklebotExecutionV1. Step: 1067008. Time Elapsed: 23.678 s. Mean Reward: 1.169. Std of Reward: 1.204. Training.
[INFO] PicklebotExecutionV1. Step: 1069056. Time Elapsed: 25.046 s. Mean Reward: 0.990. Std of Reward: 1.164. Training.
[INFO] PicklebotExecutionV1. Step: 1071104. Time Elapsed: 26.488 s. Mean Reward: 1.006. Std of Reward: 1.322. Training.
[INFO] PicklebotExecutionV1. Step: 1073152. Time Elapsed: 28.048 s. Mean Reward: 1.113. Std of Reward: 0.987. Training.
[INFO] PicklebotExecutionV1. Step: 1075200. Time Elapsed: 31.082 s. Mean Reward: 1.154. Std of Reward: 1.100. Training.
[INFO] PicklebotExecutionV1. Step: 1077248. Time Elapsed: 32.872 s. Mean Reward: 0.936. Std of Reward: 1.051. Training.
[INFO] PicklebotExecutionV1. Step: 1079296. Time Elapsed: 34.192 s. Mean Reward: 1.078. Std of Reward: 1.118. Training.
[INFO] PicklebotExecutionV1. Step: 1081344. Time Elapsed: 35.960 s. Mean Reward: 0.957. Std of Reward: 1.141. Training.
[INFO] PicklebotExecutionV1. Step: 1083392. Time Elapsed: 38.331 s. Mean Reward: 1.491. Std of Reward: 1.046. Training.
[INFO] PicklebotExecutionV1. Step: 1085440. Time Elapsed: 40.133 s. Mean Reward: 1.102. Std of Reward: 1.057. Training.
[INFO] PicklebotExecutionV1. Step: 1087488. Time Elapsed: 41.830 s. Mean Reward: 1.041. Std of Reward: 1.212. Training.
[INFO] PicklebotExecutionV1. Step: 1089536. Time Elapsed: 43.316 s. Mean Reward: 1.179. Std of Reward: 1.123. Training.
[INFO] PicklebotExecutionV1. Step: 1091584. Time Elapsed: 46.329 s. Mean Reward: 1.135. Std of Reward: 1.176. Training.
[INFO] PicklebotExecutionV1. Step: 1093632. Time Elapsed: 47.725 s. Mean Reward: 1.182. Std of Reward: 1.075. Training.
[INFO] PicklebotExecutionV1. Step: 1095680. Time Elapsed: 49.561 s. Mean Reward: 0.915. Std of Reward: 1.342. Training.
[INFO] PicklebotExecutionV1. Step: 1097728. Time Elapsed: 51.251 s. Mean Reward: 1.279. Std of Reward: 0.976. Training.
[INFO] PicklebotExecutionV1. Step: 1099776. Time Elapsed: 53.839 s. Mean Reward: 1.157. Std of Reward: 1.159. Training.
[INFO] PicklebotExecutionV1. Step: 1101824. Time Elapsed: 55.628 s. Mean Reward: 1.232. Std of Reward: 1.120. Training.
[INFO] PicklebotExecutionV1. Step: 1103872. Time Elapsed: 57.325 s. Mean Reward: 0.888. Std of Reward: 1.080. Training.
[INFO] PicklebotExecutionV1. Step: 1105920. Time Elapsed: 59.192 s. Mean Reward: 1.152. Std of Reward: 0.906. Training.
[INFO] PicklebotExecutionV1. Step: 1107968. Time Elapsed: 61.820 s. Mean Reward: 1.245. Std of Reward: 1.080. Training.
[INFO] PicklebotExecutionV1. Step: 1110016. Time Elapsed: 63.524 s. Mean Reward: 1.041. Std of Reward: 1.225. Training.
[INFO] PicklebotExecutionV1. Step: 1112064. Time Elapsed: 64.869 s. Mean Reward: 1.104. Std of Reward: 1.040. Training.
[INFO] PicklebotExecutionV1. Step: 1114112. Time Elapsed: 66.551 s. Mean Reward: 0.781. Std of Reward: 1.202. Training.
[INFO] PicklebotExecutionV1. Step: 1116160. Time Elapsed: 69.061 s. Mean Reward: 1.092. Std of Reward: 1.266. Training.
[INFO] PicklebotExecutionV1. Step: 1118208. Time Elapsed: 70.623 s. Mean Reward: 1.026. Std of Reward: 1.226. Training.
[INFO] PicklebotExecutionV1. Step: 1120256. Time Elapsed: 72.105 s. Mean Reward: 1.096. Std of Reward: 1.120. Training.
[INFO] PicklebotExecutionV1. Step: 1122304. Time Elapsed: 73.462 s. Mean Reward: 1.301. Std of Reward: 0.970. Training.
[INFO] PicklebotExecutionV1. Step: 1124352. Time Elapsed: 76.049 s. Mean Reward: 0.962. Std of Reward: 1.354. Training.
[INFO] PicklebotExecutionV1. Step: 1126400. Time Elapsed: 77.797 s. Mean Reward: 1.053. Std of Reward: 0.944. Training.
[INFO] PicklebotExecutionV1. Step: 1128448. Time Elapsed: 79.301 s. Mean Reward: 1.247. Std of Reward: 0.928. Training.
[INFO] PicklebotExecutionV1. Step: 1130496. Time Elapsed: 81.029 s. Mean Reward: 0.947. Std of Reward: 1.221. Training.
[INFO] PicklebotExecutionV1. Step: 1132544. Time Elapsed: 83.529 s. Mean Reward: 1.028. Std of Reward: 1.167. Training.
[INFO] PicklebotExecutionV1. Step: 1134592. Time Elapsed: 85.116 s. Mean Reward: 1.254. Std of Reward: 1.313. Training.
[INFO] PicklebotExecutionV1. Step: 1136640. Time Elapsed: 86.792 s. Mean Reward: 0.992. Std of Reward: 1.206. Training.
[INFO] PicklebotExecutionV1. Step: 1138688. Time Elapsed: 88.479 s. Mean Reward: 0.851. Std of Reward: 1.179. Training.
[INFO] PicklebotExecutionV1. Step: 1140736. Time Elapsed: 91.110 s. Mean Reward: 1.036. Std of Reward: 1.254. Training.
[INFO] PicklebotExecutionV1. Step: 1142784. Time Elapsed: 92.665 s. Mean Reward: 1.127. Std of Reward: 1.093. Training.
[INFO] PicklebotExecutionV1. Step: 1144832. Time Elapsed: 94.437 s. Mean Reward: 1.101. Std of Reward: 1.267. Training.
[INFO] PicklebotExecutionV1. Step: 1146880. Time Elapsed: 95.964 s. Mean Reward: 1.333. Std of Reward: 1.197. Training.
[INFO] PicklebotExecutionV1. Step: 1148928. Time Elapsed: 98.621 s. Mean Reward: 1.102. Std of Reward: 1.268. Training.
[INFO] PicklebotExecutionV1. Step: 1150976. Time Elapsed: 100.288 s. Mean Reward: 1.205. Std of Reward: 1.084. Training.
[INFO] PicklebotExecutionV1. Step: 1153024. Time Elapsed: 101.904 s. Mean Reward: 0.909. Std of Reward: 1.277. Training.
[INFO] PicklebotExecutionV1. Step: 1155072. Time Elapsed: 103.333 s. Mean Reward: 1.246. Std of Reward: 1.078. Training.
[INFO] PicklebotExecutionV1. Step: 1157120. Time Elapsed: 105.677 s. Mean Reward: 0.943. Std of Reward: 1.049. Training.
[INFO] PicklebotExecutionV1. Step: 1159168. Time Elapsed: 107.189 s. Mean Reward: 0.928. Std of Reward: 0.976. Training.
[INFO] PicklebotExecutionV1. Step: 1161216. Time Elapsed: 108.865 s. Mean Reward: 0.962. Std of Reward: 1.255. Training.
[INFO] PicklebotExecutionV1. Step: 1163264. Time Elapsed: 110.433 s. Mean Reward: 1.146. Std of Reward: 1.005. Training.
[INFO] PicklebotExecutionV1. Step: 1165312. Time Elapsed: 113.009 s. Mean Reward: 1.069. Std of Reward: 1.178. Training.
[INFO] PicklebotExecutionV1. Step: 1167360. Time Elapsed: 114.495 s. Mean Reward: 1.300. Std of Reward: 1.161. Training.
[INFO] PicklebotExecutionV1. Step: 1169408. Time Elapsed: 115.899 s. Mean Reward: 1.152. Std of Reward: 0.892. Training.
[INFO] PicklebotExecutionV1. Step: 1171456. Time Elapsed: 117.603 s. Mean Reward: 0.956. Std of Reward: 1.078. Training.
[INFO] PicklebotExecutionV1. Step: 1173504. Time Elapsed: 119.878 s. Mean Reward: 1.102. Std of Reward: 1.123. Training.
[INFO] PicklebotExecutionV1. Step: 1175552. Time Elapsed: 121.414 s. Mean Reward: 0.983. Std of Reward: 1.194. Training.
[INFO] PicklebotExecutionV1. Step: 1177600. Time Elapsed: 122.979 s. Mean Reward: 1.119. Std of Reward: 1.178. Training.
[INFO] PicklebotExecutionV1. Step: 1179648. Time Elapsed: 124.461 s. Mean Reward: 1.197. Std of Reward: 1.145. Training.
[INFO] PicklebotExecutionV1. Step: 1181696. Time Elapsed: 126.855 s. Mean Reward: 1.387. Std of Reward: 1.155. Training.
[INFO] PicklebotExecutionV1. Step: 1183744. Time Elapsed: 128.246 s. Mean Reward: 1.307. Std of Reward: 1.053. Training.
[INFO] PicklebotExecutionV1. Step: 1185792. Time Elapsed: 129.795 s. Mean Reward: 1.251. Std of Reward: 1.207. Training.
[INFO] PicklebotExecutionV1. Step: 1187840. Time Elapsed: 131.159 s. Mean Reward: 1.103. Std of Reward: 1.196. Training.
[INFO] PicklebotExecutionV1. Step: 1189888. Time Elapsed: 133.651 s. Mean Reward: 0.904. Std of Reward: 1.137. Training.
[INFO] PicklebotExecutionV1. Step: 1191936. Time Elapsed: 135.238 s. Mean Reward: 0.870. Std of Reward: 0.999. Training.
[INFO] PicklebotExecutionV1. Step: 1193984. Time Elapsed: 136.747 s. Mean Reward: 1.266. Std of Reward: 1.010. Training.
[INFO] PicklebotExecutionV1. Step: 1196032. Time Elapsed: 138.232 s. Mean Reward: 1.161. Std of Reward: 1.060. Training.
[INFO] PicklebotExecutionV1. Step: 1198080. Time Elapsed: 140.700 s. Mean Reward: 0.994. Std of Reward: 1.074. Training.
[INFO] PicklebotExecutionV1. Step: 1200128. Time Elapsed: 142.329 s. Mean Reward: 1.290. Std of Reward: 1.149. Training.
[INFO] PicklebotExecutionV1. Step: 1202176. Time Elapsed: 143.434 s. Mean Reward: 1.128. Std of Reward: 1.114. Training.
[INFO] PicklebotExecutionV1. Step: 1204224. Time Elapsed: 145.171 s. Mean Reward: 0.804. Std of Reward: 1.150. Training.
[INFO] PicklebotExecutionV1. Step: 1206272. Time Elapsed: 147.546 s. Mean Reward: 0.857. Std of Reward: 1.099. Training.
[INFO] PicklebotExecutionV1. Step: 1208320. Time Elapsed: 149.199 s. Mean Reward: 0.999. Std of Reward: 1.172. Training.
[INFO] PicklebotExecutionV1. Step: 1210368. Time Elapsed: 150.553 s. Mean Reward: 1.091. Std of Reward: 1.117. Training.
[INFO] PicklebotExecutionV1. Step: 1212416. Time Elapsed: 152.217 s. Mean Reward: 1.351. Std of Reward: 1.077. Training.
[INFO] PicklebotExecutionV1. Step: 1214464. Time Elapsed: 154.677 s. Mean Reward: 1.358. Std of Reward: 1.171. Training.
[INFO] PicklebotExecutionV1. Step: 1216512. Time Elapsed: 156.100 s. Mean Reward: 1.298. Std of Reward: 1.197. Training.
[INFO] PicklebotExecutionV1. Step: 1218560. Time Elapsed: 157.715 s. Mean Reward: 1.316. Std of Reward: 1.236. Training.
[INFO] PicklebotExecutionV1. Step: 1220608. Time Elapsed: 159.032 s. Mean Reward: 1.300. Std of Reward: 1.247. Training.
[INFO] PicklebotExecutionV1. Step: 1222656. Time Elapsed: 161.549 s. Mean Reward: 0.974. Std of Reward: 1.182. Training.
[INFO] PicklebotExecutionV1. Step: 1224704. Time Elapsed: 163.043 s. Mean Reward: 0.878. Std of Reward: 1.099. Training.
[INFO] PicklebotExecutionV1. Step: 1226752. Time Elapsed: 164.553 s. Mean Reward: 0.923. Std of Reward: 1.057. Training.
[INFO] PicklebotExecutionV1. Step: 1228800. Time Elapsed: 165.984 s. Mean Reward: 1.031. Std of Reward: 1.086. Training.
[INFO] PicklebotExecutionV1. Step: 1230848. Time Elapsed: 168.694 s. Mean Reward: 0.985. Std of Reward: 1.105. Training.
[INFO] PicklebotExecutionV1. Step: 1232896. Time Elapsed: 170.116 s. Mean Reward: 1.216. Std of Reward: 1.130. Training.
[INFO] PicklebotExecutionV1. Step: 1234944. Time Elapsed: 171.673 s. Mean Reward: 1.196. Std of Reward: 1.201. Training.
[INFO] PicklebotExecutionV1. Step: 1236992. Time Elapsed: 173.162 s. Mean Reward: 1.064. Std of Reward: 1.150. Training.
[INFO] PicklebotExecutionV1. Step: 1239040. Time Elapsed: 175.673 s. Mean Reward: 0.766. Std of Reward: 1.125. Training.
[INFO] PicklebotExecutionV1. Step: 1241088. Time Elapsed: 177.222 s. Mean Reward: 1.095. Std of Reward: 1.208. Training.
[INFO] PicklebotExecutionV1. Step: 1243136. Time Elapsed: 178.773 s. Mean Reward: 0.951. Std of Reward: 1.065. Training.
[INFO] PicklebotExecutionV1. Step: 1245184. Time Elapsed: 180.430 s. Mean Reward: 0.992. Std of Reward: 1.090. Training.
[INFO] PicklebotExecutionV1. Step: 1247232. Time Elapsed: 182.783 s. Mean Reward: 1.359. Std of Reward: 1.141. Training.
[INFO] PicklebotExecutionV1. Step: 1249280. Time Elapsed: 184.026 s. Mean Reward: 1.653. Std of Reward: 1.155. Training.
[INFO] PicklebotExecutionV1. Step: 1251328. Time Elapsed: 185.770 s. Mean Reward: 1.328. Std of Reward: 1.094. Training.
[INFO] PicklebotExecutionV1. Step: 1253376. Time Elapsed: 187.231 s. Mean Reward: 1.016. Std of Reward: 1.160. Training.
[INFO] PicklebotExecutionV1. Step: 1255424. Time Elapsed: 189.927 s. Mean Reward: 0.862. Std of Reward: 1.304. Training.
[INFO] PicklebotExecutionV1. Step: 1257472. Time Elapsed: 191.553 s. Mean Reward: 0.756. Std of Reward: 1.070. Training.
[INFO] PicklebotExecutionV1. Step: 1259520. Time Elapsed: 193.140 s. Mean Reward: 0.939. Std of Reward: 1.043. Training.
[INFO] PicklebotExecutionV1. Step: 1261568. Time Elapsed: 194.883 s. Mean Reward: 1.208. Std of Reward: 0.921. Training.
[INFO] PicklebotExecutionV1. Step: 1263616. Time Elapsed: 197.424 s. Mean Reward: 1.265. Std of Reward: 1.146. Training.
[INFO] PicklebotExecutionV1. Step: 1265664. Time Elapsed: 199.072 s. Mean Reward: 1.140. Std of Reward: 1.218. Training.
[INFO] PicklebotExecutionV1. Step: 1267712. Time Elapsed: 200.777 s. Mean Reward: 1.131. Std of Reward: 1.256. Training.
[INFO] PicklebotExecutionV1. Step: 1269760. Time Elapsed: 202.177 s. Mean Reward: 1.257. Std of Reward: 1.168. Training.
[INFO] PicklebotExecutionV1. Step: 1271808. Time Elapsed: 204.693 s. Mean Reward: 1.011. Std of Reward: 1.100. Training.
[INFO] PicklebotExecutionV1. Step: 1273856. Time Elapsed: 206.185 s. Mean Reward: 1.092. Std of Reward: 1.146. Training.
[INFO] PicklebotExecutionV1. Step: 1275904. Time Elapsed: 207.539 s. Mean Reward: 1.119. Std of Reward: 1.028. Training.
[INFO] PicklebotExecutionV1. Step: 1277952. Time Elapsed: 209.023 s. Mean Reward: 1.085. Std of Reward: 1.021. Training.
[INFO] PicklebotExecutionV1. Step: 1280000. Time Elapsed: 211.450 s. Mean Reward: 1.305. Std of Reward: 1.121. Training.
[INFO] PicklebotExecutionV1. Step: 1282048. Time Elapsed: 212.874 s. Mean Reward: 1.310. Std of Reward: 1.027. Training.
[INFO] PicklebotExecutionV1. Step: 1284096. Time Elapsed: 214.456 s. Mean Reward: 1.025. Std of Reward: 1.275. Training.
[INFO] PicklebotExecutionV1. Step: 1286144. Time Elapsed: 215.883 s. Mean Reward: 0.985. Std of Reward: 1.119. Training.
[INFO] PicklebotExecutionV1. Step: 1288192. Time Elapsed: 218.387 s. Mean Reward: 1.030. Std of Reward: 1.146. Training.
[INFO] PicklebotExecutionV1. Step: 1290240. Time Elapsed: 219.840 s. Mean Reward: 0.712. Std of Reward: 1.081. Training.
[INFO] PicklebotExecutionV1. Step: 1292288. Time Elapsed: 221.431 s. Mean Reward: 1.067. Std of Reward: 0.977. Training.
[INFO] PicklebotExecutionV1. Step: 1294336. Time Elapsed: 222.861 s. Mean Reward: 1.216. Std of Reward: 1.028. Training.
[INFO] PicklebotExecutionV1. Step: 1296384. Time Elapsed: 225.271 s. Mean Reward: 1.180. Std of Reward: 1.089. Training.
[INFO] PicklebotExecutionV1. Step: 1298432. Time Elapsed: 226.851 s. Mean Reward: 1.189. Std of Reward: 1.210. Training.
[INFO] PicklebotExecutionV1. Step: 1300480. Time Elapsed: 228.333 s. Mean Reward: 1.110. Std of Reward: 1.379. Training.
[INFO] PicklebotExecutionV1. Step: 1302528. Time Elapsed: 229.970 s. Mean Reward: 1.082. Std of Reward: 1.203. Training.
[INFO] PicklebotExecutionV1. Step: 1304576. Time Elapsed: 232.540 s. Mean Reward: 1.096. Std of Reward: 1.043. Training.
[INFO] PicklebotExecutionV1. Step: 1306624. Time Elapsed: 233.949 s. Mean Reward: 1.086. Std of Reward: 1.248. Training.
[INFO] PicklebotExecutionV1. Step: 1308672. Time Elapsed: 235.419 s. Mean Reward: 1.030. Std of Reward: 1.168. Training.
[INFO] PicklebotExecutionV1. Step: 1310720. Time Elapsed: 236.940 s. Mean Reward: 0.786. Std of Reward: 1.085. Training.
[INFO] PicklebotExecutionV1. Step: 1312768. Time Elapsed: 239.481 s. Mean Reward: 1.127. Std of Reward: 1.195. Training.
[INFO] PicklebotExecutionV1. Step: 1314816. Time Elapsed: 240.928 s. Mean Reward: 1.165. Std of Reward: 1.227. Training.
[INFO] PicklebotExecutionV1. Step: 1316864. Time Elapsed: 242.389 s. Mean Reward: 1.018. Std of Reward: 1.300. Training.
[INFO] PicklebotExecutionV1. Step: 1318912. Time Elapsed: 243.968 s. Mean Reward: 0.995. Std of Reward: 1.214. Training.
[INFO] PicklebotExecutionV1. Step: 1320960. Time Elapsed: 246.500 s. Mean Reward: 1.070. Std of Reward: 1.142. Training.
[INFO] PicklebotExecutionV1. Step: 1323008. Time Elapsed: 247.926 s. Mean Reward: 0.905. Std of Reward: 1.063. Training.
[INFO] PicklebotExecutionV1. Step: 1325056. Time Elapsed: 249.370 s. Mean Reward: 0.931. Std of Reward: 1.032. Training.
[INFO] PicklebotExecutionV1. Step: 1327104. Time Elapsed: 250.842 s. Mean Reward: 0.890. Std of Reward: 1.133. Training.
[INFO] PicklebotExecutionV1. Step: 1329152. Time Elapsed: 253.321 s. Mean Reward: 1.047. Std of Reward: 1.147. Training.
[INFO] PicklebotExecutionV1. Step: 1331200. Time Elapsed: 254.827 s. Mean Reward: 1.244. Std of Reward: 1.260. Training.
[INFO] PicklebotExecutionV1. Step: 1333248. Time Elapsed: 256.177 s. Mean Reward: 1.121. Std of Reward: 1.080. Training.
[INFO] PicklebotExecutionV1. Step: 1335296. Time Elapsed: 257.901 s. Mean Reward: 1.109. Std of Reward: 1.250. Training.
[INFO] PicklebotExecutionV1. Step: 1337344. Time Elapsed: 260.135 s. Mean Reward: 1.212. Std of Reward: 1.107. Training.
[INFO] PicklebotExecutionV1. Step: 1339392. Time Elapsed: 261.769 s. Mean Reward: 0.835. Std of Reward: 1.171. Training.
[INFO] PicklebotExecutionV1. Step: 1341440. Time Elapsed: 263.079 s. Mean Reward: 1.048. Std of Reward: 1.102. Training.
[INFO] PicklebotExecutionV1. Step: 1343488. Time Elapsed: 264.674 s. Mean Reward: 0.846. Std of Reward: 1.260. Training.
[INFO] PicklebotExecutionV1. Step: 1345536. Time Elapsed: 267.056 s. Mean Reward: 0.937. Std of Reward: 1.276. Training.
[INFO] PicklebotExecutionV1. Step: 1347584. Time Elapsed: 268.590 s. Mean Reward: 1.216. Std of Reward: 1.014. Training.
[INFO] PicklebotExecutionV1. Step: 1349632. Time Elapsed: 270.156 s. Mean Reward: 1.265. Std of Reward: 1.154. Training.
[INFO] PicklebotExecutionV1. Step: 1351680. Time Elapsed: 271.467 s. Mean Reward: 1.294. Std of Reward: 1.225. Training.
[INFO] PicklebotExecutionV1. Step: 1353728. Time Elapsed: 274.001 s. Mean Reward: 1.274. Std of Reward: 1.141. Training.
[INFO] PicklebotExecutionV1. Step: 1355776. Time Elapsed: 275.299 s. Mean Reward: 1.088. Std of Reward: 1.039. Training.
[INFO] PicklebotExecutionV1. Step: 1357824. Time Elapsed: 276.957 s. Mean Reward: 0.958. Std of Reward: 1.041. Training.
[INFO] PicklebotExecutionV1. Step: 1359872. Time Elapsed: 278.315 s. Mean Reward: 1.142. Std of Reward: 1.098. Training.
[INFO] PicklebotExecutionV1. Step: 1361920. Time Elapsed: 280.823 s. Mean Reward: 0.860. Std of Reward: 1.104. Training.
[INFO] PicklebotExecutionV1. Step: 1363968. Time Elapsed: 282.187 s. Mean Reward: 1.303. Std of Reward: 1.300. Training.
[INFO] PicklebotExecutionV1. Step: 1366016. Time Elapsed: 283.650 s. Mean Reward: 0.964. Std of Reward: 0.999. Training.
[INFO] PicklebotExecutionV1. Step: 1368064. Time Elapsed: 285.273 s. Mean Reward: 1.227. Std of Reward: 1.084. Training.
[INFO] PicklebotExecutionV1. Step: 1370112. Time Elapsed: 287.760 s. Mean Reward: 1.295. Std of Reward: 1.193. Training.
[INFO] PicklebotExecutionV1. Step: 1372160. Time Elapsed: 289.372 s. Mean Reward: 1.164. Std of Reward: 1.081. Training.
[INFO] PicklebotExecutionV1. Step: 1374208. Time Elapsed: 290.757 s. Mean Reward: 1.200. Std of Reward: 0.970. Training.
[INFO] PicklebotExecutionV1. Step: 1376256. Time Elapsed: 292.443 s. Mean Reward: 0.903. Std of Reward: 1.282. Training.
[INFO] PicklebotExecutionV1. Step: 1378304. Time Elapsed: 295.007 s. Mean Reward: 1.125. Std of Reward: 1.096. Training.
[INFO] PicklebotExecutionV1. Step: 1380352. Time Elapsed: 296.439 s. Mean Reward: 1.316. Std of Reward: 1.128. Training.
[INFO] PicklebotExecutionV1. Step: 1382400. Time Elapsed: 297.840 s. Mean Reward: 1.071. Std of Reward: 1.143. Training.
[INFO] PicklebotExecutionV1. Step: 1384448. Time Elapsed: 299.320 s. Mean Reward: 1.385. Std of Reward: 1.074. Training.
[INFO] PicklebotExecutionV1. Step: 1386496. Time Elapsed: 301.755 s. Mean Reward: 1.142. Std of Reward: 1.229. Training.
[INFO] PicklebotExecutionV1. Step: 1388544. Time Elapsed: 303.282 s. Mean Reward: 1.178. Std of Reward: 1.128. Training.
[INFO] PicklebotExecutionV1. Step: 1390592. Time Elapsed: 304.833 s. Mean Reward: 1.180. Std of Reward: 0.951. Training.
[INFO] PicklebotExecutionV1. Step: 1392640. Time Elapsed: 306.118 s. Mean Reward: 1.040. Std of Reward: 1.082. Training.
[INFO] PicklebotExecutionV1. Step: 1394688. Time Elapsed: 308.474 s. Mean Reward: 1.032. Std of Reward: 0.974. Training.
[INFO] PicklebotExecutionV1. Step: 1396736. Time Elapsed: 310.152 s. Mean Reward: 0.962. Std of Reward: 1.182. Training.
[INFO] PicklebotExecutionV1. Step: 1398784. Time Elapsed: 311.730 s. Mean Reward: 1.105. Std of Reward: 1.030. Training.
[INFO] PicklebotExecutionV1. Step: 1400832. Time Elapsed: 313.086 s. Mean Reward: 1.188. Std of Reward: 1.194. Training.
[INFO] PicklebotExecutionV1. Step: 1402880. Time Elapsed: 315.758 s. Mean Reward: 1.018. Std of Reward: 1.126. Training.
[INFO] PicklebotExecutionV1. Step: 1404928. Time Elapsed: 317.070 s. Mean Reward: 1.274. Std of Reward: 1.201. Training.
[INFO] PicklebotExecutionV1. Step: 1406976. Time Elapsed: 318.836 s. Mean Reward: 1.038. Std of Reward: 1.238. Training.
[INFO] PicklebotExecutionV1. Step: 1409024. Time Elapsed: 320.229 s. Mean Reward: 1.067. Std of Reward: 1.146. Training.
[INFO] PicklebotExecutionV1. Step: 1411072. Time Elapsed: 322.517 s. Mean Reward: 0.977. Std of Reward: 1.115. Training.
[INFO] PicklebotExecutionV1. Step: 1413120. Time Elapsed: 324.057 s. Mean Reward: 0.917. Std of Reward: 1.198. Training.
[INFO] PicklebotExecutionV1. Step: 1415168. Time Elapsed: 325.493 s. Mean Reward: 1.157. Std of Reward: 1.150. Training.
[INFO] PicklebotExecutionV1. Step: 1417216. Time Elapsed: 326.975 s. Mean Reward: 1.134. Std of Reward: 1.185. Training.
[INFO] PicklebotExecutionV1. Step: 1419264. Time Elapsed: 329.489 s. Mean Reward: 1.313. Std of Reward: 1.061. Training.
[INFO] PicklebotExecutionV1. Step: 1421312. Time Elapsed: 330.929 s. Mean Reward: 1.407. Std of Reward: 1.124. Training.
[INFO] PicklebotExecutionV1. Step: 1423360. Time Elapsed: 332.320 s. Mean Reward: 1.178. Std of Reward: 1.224. Training.
[INFO] PicklebotExecutionV1. Step: 1425408. Time Elapsed: 333.864 s. Mean Reward: 1.005. Std of Reward: 0.920. Training.
[INFO] PicklebotExecutionV1. Step: 1427456. Time Elapsed: 336.319 s. Mean Reward: 0.968. Std of Reward: 1.127. Training.
[INFO] PicklebotExecutionV1. Step: 1429504. Time Elapsed: 337.801 s. Mean Reward: 0.944. Std of Reward: 1.070. Training.
[INFO] PicklebotExecutionV1. Step: 1431552. Time Elapsed: 339.292 s. Mean Reward: 0.943. Std of Reward: 1.238. Training.
[INFO] PicklebotExecutionV1. Step: 1433600. Time Elapsed: 340.725 s. Mean Reward: 1.240. Std of Reward: 1.080. Training.
[INFO] PicklebotExecutionV1. Step: 1435648. Time Elapsed: 343.146 s. Mean Reward: 1.080. Std of Reward: 1.111. Training.
[INFO] PicklebotExecutionV1. Step: 1437696. Time Elapsed: 344.560 s. Mean Reward: 1.120. Std of Reward: 1.160. Training.
[INFO] PicklebotExecutionV1. Step: 1439744. Time Elapsed: 346.293 s. Mean Reward: 1.342. Std of Reward: 1.209. Training.
[INFO] PicklebotExecutionV1. Step: 1441792. Time Elapsed: 347.598 s. Mean Reward: 1.224. Std of Reward: 1.137. Training.
[INFO] PicklebotExecutionV1. Step: 1443840. Time Elapsed: 350.197 s. Mean Reward: 1.113. Std of Reward: 1.209. Training.
[INFO] PicklebotExecutionV1. Step: 1445888. Time Elapsed: 351.631 s. Mean Reward: 1.246. Std of Reward: 0.897. Training.
[INFO] PicklebotExecutionV1. Step: 1447936. Time Elapsed: 353.401 s. Mean Reward: 1.012. Std of Reward: 1.086. Training.
[INFO] PicklebotExecutionV1. Step: 1449984. Time Elapsed: 354.745 s. Mean Reward: 1.243. Std of Reward: 1.034. Training.
[INFO] PicklebotExecutionV1. Step: 1452032. Time Elapsed: 357.158 s. Mean Reward: 1.265. Std of Reward: 1.231. Training.
[INFO] PicklebotExecutionV1. Step: 1454080. Time Elapsed: 358.550 s. Mean Reward: 1.014. Std of Reward: 1.237. Training.
[INFO] PicklebotExecutionV1. Step: 1456128. Time Elapsed: 360.194 s. Mean Reward: 1.194. Std of Reward: 1.207. Training.
[INFO] PicklebotExecutionV1. Step: 1458176. Time Elapsed: 361.486 s. Mean Reward: 1.002. Std of Reward: 1.141. Training.
[INFO] PicklebotExecutionV1. Step: 1460224. Time Elapsed: 364.183 s. Mean Reward: 1.114. Std of Reward: 1.018. Training.
[INFO] PicklebotExecutionV1. Step: 1462272. Time Elapsed: 365.787 s. Mean Reward: 0.952. Std of Reward: 1.015. Training.
[INFO] PicklebotExecutionV1. Step: 1464320. Time Elapsed: 367.229 s. Mean Reward: 1.218. Std of Reward: 1.157. Training.
[INFO] PicklebotExecutionV1. Step: 1466368. Time Elapsed: 368.723 s. Mean Reward: 1.105. Std of Reward: 1.182. Training.
[INFO] PicklebotExecutionV1. Step: 1468416. Time Elapsed: 371.347 s. Mean Reward: 1.031. Std of Reward: 1.044. Training.
[INFO] PicklebotExecutionV1. Step: 1470464. Time Elapsed: 372.810 s. Mean Reward: 1.137. Std of Reward: 1.084. Training.
[INFO] PicklebotExecutionV1. Step: 1472512. Time Elapsed: 374.132 s. Mean Reward: 1.541. Std of Reward: 1.088. Training.
[INFO] PicklebotExecutionV1. Step: 1474560. Time Elapsed: 375.841 s. Mean Reward: 1.344. Std of Reward: 1.027. Training.
[INFO] PicklebotExecutionV1. Step: 1476608. Time Elapsed: 378.156 s. Mean Reward: 1.133. Std of Reward: 1.205. Training.
[INFO] PicklebotExecutionV1. Step: 1478656. Time Elapsed: 379.868 s. Mean Reward: 0.821. Std of Reward: 1.192. Training.
[INFO] PicklebotExecutionV1. Step: 1480704. Time Elapsed: 381.073 s. Mean Reward: 1.049. Std of Reward: 1.191. Training.
[INFO] PicklebotExecutionV1. Step: 1482752. Time Elapsed: 382.648 s. Mean Reward: 0.847. Std of Reward: 0.990. Training.
[INFO] PicklebotExecutionV1. Step: 1484800. Time Elapsed: 385.144 s. Mean Reward: 1.286. Std of Reward: 1.103. Training.
[INFO] PicklebotExecutionV1. Step: 1486848. Time Elapsed: 386.516 s. Mean Reward: 1.392. Std of Reward: 1.122. Training.
[INFO] PicklebotExecutionV1. Step: 1488896. Time Elapsed: 387.973 s. Mean Reward: 1.068. Std of Reward: 1.280. Training.
[INFO] PicklebotExecutionV1. Step: 1490944. Time Elapsed: 389.362 s. Mean Reward: 1.360. Std of Reward: 1.126. Training.
[INFO] PicklebotExecutionV1. Step: 1492992. Time Elapsed: 391.932 s. Mean Reward: 1.267. Std of Reward: 0.987. Training.
[INFO] PicklebotExecutionV1. Step: 1495040. Time Elapsed: 393.200 s. Mean Reward: 0.783. Std of Reward: 1.196. Training.
[INFO] PicklebotExecutionV1. Step: 1497088. Time Elapsed: 394.891 s. Mean Reward: 0.963. Std of Reward: 1.097. Training.
[INFO] PicklebotExecutionV1. Step: 1499136. Time Elapsed: 396.136 s. Mean Reward: 1.115. Std of Reward: 1.197. Training.
[INFO] PicklebotExecutionV1. Step: 1501184. Time Elapsed: 398.801 s. Mean Reward: 0.941. Std of Reward: 1.190. Training.
[INFO] PicklebotExecutionV1. Step: 1503232. Time Elapsed: 400.108 s. Mean Reward: 1.108. Std of Reward: 1.109. Training.
[INFO] PicklebotExecutionV1. Step: 1505280. Time Elapsed: 401.608 s. Mean Reward: 1.178. Std of Reward: 1.236. Training.
[INFO] PicklebotExecutionV1. Step: 1507328. Time Elapsed: 403.254 s. Mean Reward: 1.141. Std of Reward: 1.011. Training.
[INFO] PicklebotExecutionV1. Step: 1509376. Time Elapsed: 405.605 s. Mean Reward: 1.552. Std of Reward: 1.121. Training.
[INFO] PicklebotExecutionV1. Step: 1511424. Time Elapsed: 407.323 s. Mean Reward: 1.086. Std of Reward: 1.197. Training.
[INFO] PicklebotExecutionV1. Step: 1513472. Time Elapsed: 408.659 s. Mean Reward: 0.996. Std of Reward: 1.089. Training.
[INFO] PicklebotExecutionV1. Step: 1515520. Time Elapsed: 410.260 s. Mean Reward: 1.147. Std of Reward: 1.094. Training.
[INFO] PicklebotExecutionV1. Step: 1517568. Time Elapsed: 412.536 s. Mean Reward: 1.255. Std of Reward: 0.941. Training.
[INFO] PicklebotExecutionV1. Step: 1519616. Time Elapsed: 414.166 s. Mean Reward: 1.215. Std of Reward: 0.959. Training.
[INFO] PicklebotExecutionV1. Step: 1521664. Time Elapsed: 415.688 s. Mean Reward: 1.235. Std of Reward: 1.300. Training.
[INFO] PicklebotExecutionV1. Step: 1523712. Time Elapsed: 417.154 s. Mean Reward: 1.170. Std of Reward: 1.151. Training.
[INFO] PicklebotExecutionV1. Step: 1525760. Time Elapsed: 419.631 s. Mean Reward: 1.070. Std of Reward: 1.277. Training.
[INFO] PicklebotExecutionV1. Step: 1527808. Time Elapsed: 421.139 s. Mean Reward: 1.251. Std of Reward: 1.144. Training.
[INFO] PicklebotExecutionV1. Step: 1529856. Time Elapsed: 422.654 s. Mean Reward: 1.153. Std of Reward: 0.895. Training.
[INFO] PicklebotExecutionV1. Step: 1531904. Time Elapsed: 424.006 s. Mean Reward: 1.162. Std of Reward: 1.063. Training.
[INFO] PicklebotExecutionV1. Step: 1533952. Time Elapsed: 426.441 s. Mean Reward: 0.956. Std of Reward: 1.187. Training.
[INFO] PicklebotExecutionV1. Step: 1536000. Time Elapsed: 427.871 s. Mean Reward: 1.272. Std of Reward: 1.081. Training.
[INFO] PicklebotExecutionV1. Step: 1538048. Time Elapsed: 429.372 s. Mean Reward: 1.218. Std of Reward: 1.047. Training.
[INFO] PicklebotExecutionV1. Step: 1540096. Time Elapsed: 430.805 s. Mean Reward: 1.025. Std of Reward: 1.057. Training.
[INFO] PicklebotExecutionV1. Step: 1542144. Time Elapsed: 433.235 s. Mean Reward: 1.062. Std of Reward: 1.218. Training.
[INFO] PicklebotExecutionV1. Step: 1544192. Time Elapsed: 434.777 s. Mean Reward: 1.448. Std of Reward: 1.081. Training.
[INFO] PicklebotExecutionV1. Step: 1546240. Time Elapsed: 436.080 s. Mean Reward: 1.404. Std of Reward: 0.954. Training.
[INFO] PicklebotExecutionV1. Step: 1548288. Time Elapsed: 437.481 s. Mean Reward: 0.985. Std of Reward: 1.189. Training.
[INFO] PicklebotExecutionV1. Step: 1550336. Time Elapsed: 440.088 s. Mean Reward: 0.967. Std of Reward: 1.109. Training.
[INFO] PicklebotExecutionV1. Step: 1552384. Time Elapsed: 441.484 s. Mean Reward: 0.942. Std of Reward: 1.083. Training.
[INFO] PicklebotExecutionV1. Step: 1554432. Time Elapsed: 443.040 s. Mean Reward: 1.206. Std of Reward: 1.133. Training.
[INFO] PicklebotExecutionV1. Step: 1556480. Time Elapsed: 444.454 s. Mean Reward: 1.067. Std of Reward: 1.138. Training.
[INFO] PicklebotExecutionV1. Step: 1558528. Time Elapsed: 447.122 s. Mean Reward: 1.335. Std of Reward: 1.329. Training.
[INFO] PicklebotExecutionV1. Step: 1560576. Time Elapsed: 448.651 s. Mean Reward: 1.386. Std of Reward: 0.958. Training.
[INFO] PicklebotExecutionV1. Step: 1562624. Time Elapsed: 450.076 s. Mean Reward: 1.104. Std of Reward: 1.121. Training.
[INFO] PicklebotExecutionV1. Step: 1564672. Time Elapsed: 451.480 s. Mean Reward: 1.166. Std of Reward: 1.166. Training.
[INFO] PicklebotExecutionV1. Step: 1566720. Time Elapsed: 453.866 s. Mean Reward: 1.231. Std of Reward: 1.137. Training.
[INFO] PicklebotExecutionV1. Step: 1568768. Time Elapsed: 455.426 s. Mean Reward: 1.071. Std of Reward: 1.148. Training.
[INFO] PicklebotExecutionV1. Step: 1570816. Time Elapsed: 456.858 s. Mean Reward: 0.766. Std of Reward: 1.215. Training.
[INFO] PicklebotExecutionV1. Step: 1572864. Time Elapsed: 458.319 s. Mean Reward: 1.010. Std of Reward: 1.081. Training.
[INFO] Exported F:\dev\picklebot\artifacts\mlagents\execution-precontact-alignment-01\PicklebotExecutionV1\PicklebotExecutionV1-1572847.onnx
[INFO] PicklebotExecutionV1. Step: 1574912. Time Elapsed: 460.758 s. Mean Reward: 0.977. Std of Reward: 1.139. Training.
[INFO] PicklebotExecutionV1. Step: 1576960. Time Elapsed: 462.402 s. Mean Reward: 1.196. Std of Reward: 1.127. Training.
[INFO] PicklebotExecutionV1. Step: 1579008. Time Elapsed: 463.723 s. Mean Reward: 1.335. Std of Reward: 1.032. Training.
[INFO] PicklebotExecutionV1. Step: 1581056. Time Elapsed: 465.130 s. Mean Reward: 1.084. Std of Reward: 1.265. Training.
[INFO] PicklebotExecutionV1. Step: 1583104. Time Elapsed: 467.707 s. Mean Reward: 0.944. Std of Reward: 1.135. Training.
[INFO] PicklebotExecutionV1. Step: 1585152. Time Elapsed: 469.193 s. Mean Reward: 0.943. Std of Reward: 1.139. Training.
[INFO] PicklebotExecutionV1. Step: 1587200. Time Elapsed: 470.854 s. Mean Reward: 1.174. Std of Reward: 0.987. Training.
[INFO] PicklebotExecutionV1. Step: 1589248. Time Elapsed: 472.196 s. Mean Reward: 1.195. Std of Reward: 1.200. Training.
[INFO] PicklebotExecutionV1. Step: 1591296. Time Elapsed: 474.794 s. Mean Reward: 1.193. Std of Reward: 1.138. Training.
[INFO] PicklebotExecutionV1. Step: 1593344. Time Elapsed: 476.196 s. Mean Reward: 1.433. Std of Reward: 0.964. Training.
[INFO] PicklebotExecutionV1. Step: 1595392. Time Elapsed: 477.696 s. Mean Reward: 1.203. Std of Reward: 1.255. Training.
[INFO] PicklebotExecutionV1. Step: 1597440. Time Elapsed: 479.242 s. Mean Reward: 1.254. Std of Reward: 1.166. Training.
[INFO] PicklebotExecutionV1. Step: 1599488. Time Elapsed: 481.619 s. Mean Reward: 0.990. Std of Reward: 1.176. Training.
[INFO] PicklebotExecutionV1. Step: 1601536. Time Elapsed: 483.144 s. Mean Reward: 0.995. Std of Reward: 1.101. Training.
[INFO] PicklebotExecutionV1. Step: 1603584. Time Elapsed: 484.560 s. Mean Reward: 1.036. Std of Reward: 1.011. Training.
[INFO] PicklebotExecutionV1. Step: 1605632. Time Elapsed: 486.013 s. Mean Reward: 0.828. Std of Reward: 1.183. Training.
[INFO] PicklebotExecutionV1. Step: 1607680. Time Elapsed: 488.500 s. Mean Reward: 0.945. Std of Reward: 0.947. Training.
[INFO] PicklebotExecutionV1. Step: 1609728. Time Elapsed: 489.836 s. Mean Reward: 1.229. Std of Reward: 1.044. Training.
[INFO] PicklebotExecutionV1. Step: 1611776. Time Elapsed: 491.417 s. Mean Reward: 1.469. Std of Reward: 0.899. Training.
[INFO] PicklebotExecutionV1. Step: 1613824. Time Elapsed: 492.817 s. Mean Reward: 1.109. Std of Reward: 1.135. Training.
[INFO] PicklebotExecutionV1. Step: 1615872. Time Elapsed: 495.193 s. Mean Reward: 1.143. Std of Reward: 1.287. Training.
[INFO] PicklebotExecutionV1. Step: 1617920. Time Elapsed: 496.744 s. Mean Reward: 0.847. Std of Reward: 1.228. Training.
[INFO] PicklebotExecutionV1. Step: 1619968. Time Elapsed: 498.286 s. Mean Reward: 0.903. Std of Reward: 1.113. Training.
[INFO] PicklebotExecutionV1. Step: 1622016. Time Elapsed: 499.655 s. Mean Reward: 1.279. Std of Reward: 1.090. Training.
[INFO] PicklebotExecutionV1. Step: 1624064. Time Elapsed: 501.954 s. Mean Reward: 0.846. Std of Reward: 1.259. Training.
[INFO] PicklebotExecutionV1. Step: 1626112. Time Elapsed: 503.613 s. Mean Reward: 1.121. Std of Reward: 1.203. Training.
[INFO] PicklebotExecutionV1. Step: 1628160. Time Elapsed: 505.120 s. Mean Reward: 1.409. Std of Reward: 1.023. Training.
[INFO] PicklebotExecutionV1. Step: 1630208. Time Elapsed: 506.541 s. Mean Reward: 1.283. Std of Reward: 1.286. Training.
[INFO] PicklebotExecutionV1. Step: 1632256. Time Elapsed: 508.870 s. Mean Reward: 1.238. Std of Reward: 1.118. Training.
[INFO] PicklebotExecutionV1. Step: 1634304. Time Elapsed: 510.450 s. Mean Reward: 1.340. Std of Reward: 1.214. Training.
[INFO] PicklebotExecutionV1. Step: 1636352. Time Elapsed: 511.855 s. Mean Reward: 1.026. Std of Reward: 1.078. Training.
[INFO] PicklebotExecutionV1. Step: 1638400. Time Elapsed: 513.269 s. Mean Reward: 0.882. Std of Reward: 1.164. Training.
[INFO] PicklebotExecutionV1. Step: 1640448. Time Elapsed: 515.746 s. Mean Reward: 0.984. Std of Reward: 1.038. Training.
[INFO] PicklebotExecutionV1. Step: 1642496. Time Elapsed: 517.132 s. Mean Reward: 0.827. Std of Reward: 0.995. Training.
[INFO] PicklebotExecutionV1. Step: 1644544. Time Elapsed: 518.802 s. Mean Reward: 1.158. Std of Reward: 1.143. Training.
[INFO] PicklebotExecutionV1. Step: 1646592. Time Elapsed: 520.118 s. Mean Reward: 1.464. Std of Reward: 0.980. Training.
[INFO] PicklebotExecutionV1. Step: 1648640. Time Elapsed: 522.704 s. Mean Reward: 1.217. Std of Reward: 1.194. Training.
[INFO] PicklebotExecutionV1. Step: 1650688. Time Elapsed: 524.130 s. Mean Reward: 1.313. Std of Reward: 1.137. Training.
[INFO] PicklebotExecutionV1. Step: 1652736. Time Elapsed: 525.630 s. Mean Reward: 0.910. Std of Reward: 1.287. Training.
[INFO] PicklebotExecutionV1. Step: 1654784. Time Elapsed: 527.087 s. Mean Reward: 1.054. Std of Reward: 1.069. Training.
[INFO] PicklebotExecutionV1. Step: 1656832. Time Elapsed: 529.529 s. Mean Reward: 0.963. Std of Reward: 1.199. Training.
[INFO] PicklebotExecutionV1. Step: 1658880. Time Elapsed: 531.189 s. Mean Reward: 0.998. Std of Reward: 1.204. Training.
[INFO] PicklebotExecutionV1. Step: 1660928. Time Elapsed: 532.578 s. Mean Reward: 1.109. Std of Reward: 1.181. Training.
[INFO] PicklebotExecutionV1. Step: 1662976. Time Elapsed: 534.235 s. Mean Reward: 1.157. Std of Reward: 1.308. Training.
[INFO] PicklebotExecutionV1. Step: 1665024. Time Elapsed: 536.717 s. Mean Reward: 1.258. Std of Reward: 1.077. Training.
[INFO] PicklebotExecutionV1. Step: 1667072. Time Elapsed: 538.230 s. Mean Reward: 1.301. Std of Reward: 1.188. Training.
[INFO] PicklebotExecutionV1. Step: 1669120. Time Elapsed: 539.789 s. Mean Reward: 1.100. Std of Reward: 1.324. Training.
[INFO] PicklebotExecutionV1. Step: 1671168. Time Elapsed: 541.237 s. Mean Reward: 1.029. Std of Reward: 1.156. Training.
[INFO] PicklebotExecutionV1. Step: 1673216. Time Elapsed: 543.721 s. Mean Reward: 0.889. Std of Reward: 1.010. Training.
[INFO] PicklebotExecutionV1. Step: 1675264. Time Elapsed: 545.173 s. Mean Reward: 0.794. Std of Reward: 1.003. Training.
[INFO] PicklebotExecutionV1. Step: 1677312. Time Elapsed: 546.759 s. Mean Reward: 0.776. Std of Reward: 1.049. Training.
[INFO] PicklebotExecutionV1. Step: 1679360. Time Elapsed: 548.079 s. Mean Reward: 1.286. Std of Reward: 0.994. Training.
[INFO] PicklebotExecutionV1. Step: 1681408. Time Elapsed: 550.567 s. Mean Reward: 1.109. Std of Reward: 1.250. Training.
[INFO] PicklebotExecutionV1. Step: 1683456. Time Elapsed: 551.848 s. Mean Reward: 1.056. Std of Reward: 1.053. Training.
[INFO] PicklebotExecutionV1. Step: 1685504. Time Elapsed: 553.479 s. Mean Reward: 1.209. Std of Reward: 1.327. Training.
[INFO] PicklebotExecutionV1. Step: 1687552. Time Elapsed: 555.016 s. Mean Reward: 1.244. Std of Reward: 0.890. Training.
[INFO] PicklebotExecutionV1. Step: 1689600. Time Elapsed: 557.426 s. Mean Reward: 1.112. Std of Reward: 1.137. Training.
[INFO] PicklebotExecutionV1. Step: 1691648. Time Elapsed: 558.927 s. Mean Reward: 1.156. Std of Reward: 1.110. Training.
[INFO] PicklebotExecutionV1. Step: 1693696. Time Elapsed: 560.427 s. Mean Reward: 0.986. Std of Reward: 1.283. Training.
[INFO] PicklebotExecutionV1. Step: 1695744. Time Elapsed: 561.732 s. Mean Reward: 1.113. Std of Reward: 1.098. Training.
[INFO] PicklebotExecutionV1. Step: 1697792. Time Elapsed: 564.310 s. Mean Reward: 1.294. Std of Reward: 1.078. Training.
[INFO] PicklebotExecutionV1. Step: 1699840. Time Elapsed: 565.508 s. Mean Reward: 1.358. Std of Reward: 1.237. Training.
[INFO] PicklebotExecutionV1. Step: 1701888. Time Elapsed: 567.343 s. Mean Reward: 1.185. Std of Reward: 1.094. Training.
[INFO] PicklebotExecutionV1. Step: 1703936. Time Elapsed: 568.581 s. Mean Reward: 1.239. Std of Reward: 1.265. Training.
[INFO] PicklebotExecutionV1. Step: 1705984. Time Elapsed: 571.013 s. Mean Reward: 1.173. Std of Reward: 1.085. Training.
[INFO] PicklebotExecutionV1. Step: 1708032. Time Elapsed: 572.493 s. Mean Reward: 0.910. Std of Reward: 1.042. Training.
[INFO] PicklebotExecutionV1. Step: 1710080. Time Elapsed: 573.922 s. Mean Reward: 0.891. Std of Reward: 0.974. Training.
[INFO] PicklebotExecutionV1. Step: 1712128. Time Elapsed: 575.518 s. Mean Reward: 0.871. Std of Reward: 1.186. Training.
[INFO] PicklebotExecutionV1. Step: 1714176. Time Elapsed: 577.799 s. Mean Reward: 1.285. Std of Reward: 0.911. Training.
[INFO] PicklebotExecutionV1. Step: 1716224. Time Elapsed: 579.277 s. Mean Reward: 1.276. Std of Reward: 1.306. Training.
[INFO] PicklebotExecutionV1. Step: 1718272. Time Elapsed: 580.963 s. Mean Reward: 1.171. Std of Reward: 1.118. Training.
[INFO] PicklebotExecutionV1. Step: 1720320. Time Elapsed: 582.398 s. Mean Reward: 1.150. Std of Reward: 1.239. Training.
[INFO] PicklebotExecutionV1. Step: 1722368. Time Elapsed: 585.038 s. Mean Reward: 1.201. Std of Reward: 1.129. Training.
[INFO] PicklebotExecutionV1. Step: 1724416. Time Elapsed: 586.297 s. Mean Reward: 0.937. Std of Reward: 1.075. Training.
[INFO] PicklebotExecutionV1. Step: 1726464. Time Elapsed: 588.087 s. Mean Reward: 1.246. Std of Reward: 1.128. Training.
[INFO] PicklebotExecutionV1. Step: 1728512. Time Elapsed: 589.265 s. Mean Reward: 1.086. Std of Reward: 1.145. Training.
[INFO] PicklebotExecutionV1. Step: 1730560. Time Elapsed: 592.195 s. Mean Reward: 0.942. Std of Reward: 1.292. Training.
[INFO] PicklebotExecutionV1. Step: 1732608. Time Elapsed: 593.415 s. Mean Reward: 1.343. Std of Reward: 1.102. Training.
[INFO] PicklebotExecutionV1. Step: 1734656. Time Elapsed: 595.014 s. Mean Reward: 1.192. Std of Reward: 1.279. Training.
[INFO] PicklebotExecutionV1. Step: 1736704. Time Elapsed: 596.516 s. Mean Reward: 1.217. Std of Reward: 1.227. Training.
[INFO] PicklebotExecutionV1. Step: 1738752. Time Elapsed: 598.807 s. Mean Reward: 1.310. Std of Reward: 1.223. Training.
[INFO] PicklebotExecutionV1. Step: 1740800. Time Elapsed: 600.456 s. Mean Reward: 1.094. Std of Reward: 1.130. Training.
[INFO] PicklebotExecutionV1. Step: 1742848. Time Elapsed: 601.755 s. Mean Reward: 0.774. Std of Reward: 1.121. Training.
[INFO] PicklebotExecutionV1. Step: 1744896. Time Elapsed: 603.356 s. Mean Reward: 0.740. Std of Reward: 1.051. Training.
[INFO] PicklebotExecutionV1. Step: 1746944. Time Elapsed: 605.735 s. Mean Reward: 1.025. Std of Reward: 1.092. Training.
[INFO] PicklebotExecutionV1. Step: 1748992. Time Elapsed: 607.263 s. Mean Reward: 1.353. Std of Reward: 1.079. Training.
[INFO] PicklebotExecutionV1. Step: 1751040. Time Elapsed: 608.664 s. Mean Reward: 1.269. Std of Reward: 1.247. Training.
[INFO] PicklebotExecutionV1. Step: 1753088. Time Elapsed: 610.056 s. Mean Reward: 1.233. Std of Reward: 0.968. Training.
[INFO] PicklebotExecutionV1. Step: 1755136. Time Elapsed: 612.637 s. Mean Reward: 1.075. Std of Reward: 1.085. Training.
[INFO] PicklebotExecutionV1. Step: 1757184. Time Elapsed: 613.971 s. Mean Reward: 1.075. Std of Reward: 1.228. Training.
[INFO] PicklebotExecutionV1. Step: 1759232. Time Elapsed: 615.490 s. Mean Reward: 0.951. Std of Reward: 1.121. Training.
[INFO] PicklebotExecutionV1. Step: 1761280. Time Elapsed: 617.061 s. Mean Reward: 0.918. Std of Reward: 1.139. Training.
[INFO] PicklebotExecutionV1. Step: 1763328. Time Elapsed: 619.427 s. Mean Reward: 1.030. Std of Reward: 1.249. Training.
[INFO] PicklebotExecutionV1. Step: 1765376. Time Elapsed: 620.907 s. Mean Reward: 1.136. Std of Reward: 1.157. Training.
[INFO] PicklebotExecutionV1. Step: 1767424. Time Elapsed: 622.260 s. Mean Reward: 1.081. Std of Reward: 1.020. Training.
[INFO] PicklebotExecutionV1. Step: 1769472. Time Elapsed: 623.960 s. Mean Reward: 1.269. Std of Reward: 1.136. Training.
[INFO] PicklebotExecutionV1. Step: 1771520. Time Elapsed: 626.115 s. Mean Reward: 1.239. Std of Reward: 1.228. Training.
[INFO] PicklebotExecutionV1. Step: 1773568. Time Elapsed: 627.786 s. Mean Reward: 1.118. Std of Reward: 1.316. Training.
[INFO] PicklebotExecutionV1. Step: 1775616. Time Elapsed: 629.110 s. Mean Reward: 1.005. Std of Reward: 1.099. Training.
[INFO] PicklebotExecutionV1. Step: 1777664. Time Elapsed: 630.637 s. Mean Reward: 0.765. Std of Reward: 1.138. Training.
[INFO] PicklebotExecutionV1. Step: 1779712. Time Elapsed: 633.061 s. Mean Reward: 0.878. Std of Reward: 1.071. Training.
[INFO] PicklebotExecutionV1. Step: 1781760. Time Elapsed: 634.473 s. Mean Reward: 0.903. Std of Reward: 1.060. Training.
[INFO] PicklebotExecutionV1. Step: 1783808. Time Elapsed: 636.016 s. Mean Reward: 1.403. Std of Reward: 1.092. Training.
[INFO] PicklebotExecutionV1. Step: 1785856. Time Elapsed: 637.370 s. Mean Reward: 1.320. Std of Reward: 1.119. Training.
[INFO] PicklebotExecutionV1. Step: 1787904. Time Elapsed: 639.944 s. Mean Reward: 1.059. Std of Reward: 1.276. Training.
[INFO] PicklebotExecutionV1. Step: 1789952. Time Elapsed: 641.292 s. Mean Reward: 1.387. Std of Reward: 0.991. Training.
[INFO] PicklebotExecutionV1. Step: 1792000. Time Elapsed: 642.722 s. Mean Reward: 1.115. Std of Reward: 1.184. Training.
[INFO] PicklebotExecutionV1. Step: 1794048. Time Elapsed: 644.320 s. Mean Reward: 1.018. Std of Reward: 1.012. Training.
[INFO] PicklebotExecutionV1. Step: 1796096. Time Elapsed: 645.637 s. Mean Reward: 1.024. Std of Reward: 1.316. Training.
[INFO] PicklebotExecutionV1. Step: 1798144. Time Elapsed: 648.331 s. Mean Reward: 1.106. Std of Reward: 1.137. Training.
[INFO] PicklebotExecutionV1. Step: 1800192. Time Elapsed: 649.687 s. Mean Reward: 1.388. Std of Reward: 1.061. Training.
[INFO] PicklebotExecutionV1. Step: 1802240. Time Elapsed: 651.208 s. Mean Reward: 1.314. Std of Reward: 1.106. Training.
[INFO] PicklebotExecutionV1. Step: 1804288. Time Elapsed: 652.730 s. Mean Reward: 1.193. Std of Reward: 1.207. Training.
[INFO] PicklebotExecutionV1. Step: 1806336. Time Elapsed: 655.263 s. Mean Reward: 1.343. Std of Reward: 0.791. Training.
[INFO] PicklebotExecutionV1. Step: 1808384. Time Elapsed: 656.688 s. Mean Reward: 1.208. Std of Reward: 1.045. Training.
[INFO] PicklebotExecutionV1. Step: 1810432. Time Elapsed: 658.111 s. Mean Reward: 0.986. Std of Reward: 1.044. Training.
[INFO] PicklebotExecutionV1. Step: 1812480. Time Elapsed: 659.658 s. Mean Reward: 1.045. Std of Reward: 1.082. Training.
[INFO] PicklebotExecutionV1. Step: 1814528. Time Elapsed: 662.035 s. Mean Reward: 1.043. Std of Reward: 0.981. Training.
[INFO] PicklebotExecutionV1. Step: 1816576. Time Elapsed: 663.668 s. Mean Reward: 1.294. Std of Reward: 0.865. Training.
[INFO] PicklebotExecutionV1. Step: 1818624. Time Elapsed: 664.829 s. Mean Reward: 1.267. Std of Reward: 1.157. Training.
[INFO] PicklebotExecutionV1. Step: 1820672. Time Elapsed: 666.470 s. Mean Reward: 1.299. Std of Reward: 0.971. Training.
[INFO] PicklebotExecutionV1. Step: 1822720. Time Elapsed: 668.829 s. Mean Reward: 1.194. Std of Reward: 1.219. Training.
[INFO] PicklebotExecutionV1. Step: 1824768. Time Elapsed: 670.287 s. Mean Reward: 1.113. Std of Reward: 1.179. Training.
[INFO] PicklebotExecutionV1. Step: 1826816. Time Elapsed: 671.841 s. Mean Reward: 1.102. Std of Reward: 1.280. Training.
[INFO] PicklebotExecutionV1. Step: 1828864. Time Elapsed: 673.071 s. Mean Reward: 0.850. Std of Reward: 1.107. Training.
[INFO] PicklebotExecutionV1. Step: 1830912. Time Elapsed: 675.621 s. Mean Reward: 1.175. Std of Reward: 1.012. Training.
[INFO] PicklebotExecutionV1. Step: 1832960. Time Elapsed: 677.048 s. Mean Reward: 1.222. Std of Reward: 1.133. Training.
[INFO] PicklebotExecutionV1. Step: 1835008. Time Elapsed: 678.769 s. Mean Reward: 1.264. Std of Reward: 1.091. Training.
[INFO] PicklebotExecutionV1. Step: 1837056. Time Elapsed: 680.060 s. Mean Reward: 1.246. Std of Reward: 1.116. Training.
[INFO] PicklebotExecutionV1. Step: 1839104. Time Elapsed: 682.556 s. Mean Reward: 1.348. Std of Reward: 1.171. Training.
[INFO] PicklebotExecutionV1. Step: 1841152. Time Elapsed: 683.841 s. Mean Reward: 1.236. Std of Reward: 1.054. Training.
[INFO] PicklebotExecutionV1. Step: 1843200. Time Elapsed: 685.449 s. Mean Reward: 0.964. Std of Reward: 1.129. Training.
[INFO] PicklebotExecutionV1. Step: 1845248. Time Elapsed: 686.844 s. Mean Reward: 0.857. Std of Reward: 1.082. Training.
[INFO] PicklebotExecutionV1. Step: 1847296. Time Elapsed: 689.452 s. Mean Reward: 0.945. Std of Reward: 1.117. Training.
[INFO] PicklebotExecutionV1. Step: 1849344. Time Elapsed: 690.769 s. Mean Reward: 0.843. Std of Reward: 1.093. Training.
[INFO] PicklebotExecutionV1. Step: 1851392. Time Elapsed: 692.265 s. Mean Reward: 1.248. Std of Reward: 1.092. Training.
[INFO] PicklebotExecutionV1. Step: 1853440. Time Elapsed: 693.878 s. Mean Reward: 1.054. Std of Reward: 1.062. Training.
[INFO] PicklebotExecutionV1. Step: 1855488. Time Elapsed: 696.105 s. Mean Reward: 1.159. Std of Reward: 1.305. Training.
[INFO] PicklebotExecutionV1. Step: 1857536. Time Elapsed: 697.791 s. Mean Reward: 1.075. Std of Reward: 1.123. Training.
[INFO] PicklebotExecutionV1. Step: 1859584. Time Elapsed: 699.000 s. Mean Reward: 1.370. Std of Reward: 0.985. Training.
[INFO] PicklebotExecutionV1. Step: 1861632. Time Elapsed: 700.556 s. Mean Reward: 1.030. Std of Reward: 1.233. Training.
[INFO] PicklebotExecutionV1. Step: 1863680. Time Elapsed: 702.998 s. Mean Reward: 0.969. Std of Reward: 1.064. Training.
[INFO] PicklebotExecutionV1. Step: 1865728. Time Elapsed: 704.509 s. Mean Reward: 1.134. Std of Reward: 1.256. Training.
[INFO] PicklebotExecutionV1. Step: 1867776. Time Elapsed: 705.892 s. Mean Reward: 1.203. Std of Reward: 1.238. Training.
[INFO] PicklebotExecutionV1. Step: 1869824. Time Elapsed: 707.380 s. Mean Reward: 1.091. Std of Reward: 1.206. Training.
[INFO] PicklebotExecutionV1. Step: 1871872. Time Elapsed: 709.966 s. Mean Reward: 1.064. Std of Reward: 1.193. Training.
[INFO] PicklebotExecutionV1. Step: 1873920. Time Elapsed: 711.533 s. Mean Reward: 1.248. Std of Reward: 1.187. Training.
[INFO] PicklebotExecutionV1. Step: 1875968. Time Elapsed: 712.988 s. Mean Reward: 1.070. Std of Reward: 1.064. Training.
[INFO] PicklebotExecutionV1. Step: 1878016. Time Elapsed: 714.481 s. Mean Reward: 0.814. Std of Reward: 1.093. Training.
[INFO] PicklebotExecutionV1. Step: 1880064. Time Elapsed: 716.873 s. Mean Reward: 0.935. Std of Reward: 1.133. Training.
[INFO] PicklebotExecutionV1. Step: 1882112. Time Elapsed: 718.388 s. Mean Reward: 1.002. Std of Reward: 1.087. Training.
[INFO] PicklebotExecutionV1. Step: 1884160. Time Elapsed: 719.867 s. Mean Reward: 1.182. Std of Reward: 1.032. Training.
[INFO] PicklebotExecutionV1. Step: 1886208. Time Elapsed: 721.307 s. Mean Reward: 1.115. Std of Reward: 1.111. Training.
[INFO] PicklebotExecutionV1. Step: 1888256. Time Elapsed: 723.764 s. Mean Reward: 0.965. Std of Reward: 1.177. Training.
[INFO] PicklebotExecutionV1. Step: 1890304. Time Elapsed: 725.250 s. Mean Reward: 1.272. Std of Reward: 1.173. Training.
[INFO] PicklebotExecutionV1. Step: 1892352. Time Elapsed: 726.718 s. Mean Reward: 1.041. Std of Reward: 1.097. Training.
[INFO] PicklebotExecutionV1. Step: 1894400. Time Elapsed: 728.172 s. Mean Reward: 1.016. Std of Reward: 1.182. Training.
[INFO] PicklebotExecutionV1. Step: 1896448. Time Elapsed: 730.422 s. Mean Reward: 1.160. Std of Reward: 1.222. Training.
[INFO] PicklebotExecutionV1. Step: 1898496. Time Elapsed: 732.128 s. Mean Reward: 1.157. Std of Reward: 0.985. Training.
[INFO] PicklebotExecutionV1. Step: 1900544. Time Elapsed: 733.363 s. Mean Reward: 1.329. Std of Reward: 1.111. Training.
[INFO] PicklebotExecutionV1. Step: 1902592. Time Elapsed: 735.040 s. Mean Reward: 1.220. Std of Reward: 1.140. Training.
[INFO] PicklebotExecutionV1. Step: 1904640. Time Elapsed: 737.357 s. Mean Reward: 1.396. Std of Reward: 1.156. Training.
[INFO] PicklebotExecutionV1. Step: 1906688. Time Elapsed: 738.984 s. Mean Reward: 1.235. Std of Reward: 1.091. Training.
[INFO] PicklebotExecutionV1. Step: 1908736. Time Elapsed: 740.348 s. Mean Reward: 1.084. Std of Reward: 1.226. Training.
[INFO] PicklebotExecutionV1. Step: 1910784. Time Elapsed: 741.919 s. Mean Reward: 1.019. Std of Reward: 1.168. Training.
[INFO] PicklebotExecutionV1. Step: 1912832. Time Elapsed: 744.205 s. Mean Reward: 0.992. Std of Reward: 1.112. Training.
[INFO] PicklebotExecutionV1. Step: 1914880. Time Elapsed: 745.793 s. Mean Reward: 0.960. Std of Reward: 1.040. Training.
[INFO] PicklebotExecutionV1. Step: 1916928. Time Elapsed: 747.195 s. Mean Reward: 1.202. Std of Reward: 1.064. Training.
[INFO] PicklebotExecutionV1. Step: 1918976. Time Elapsed: 748.894 s. Mean Reward: 1.093. Std of Reward: 1.130. Training.
[INFO] PicklebotExecutionV1. Step: 1921024. Time Elapsed: 751.131 s. Mean Reward: 0.974. Std of Reward: 0.995. Training.
[INFO] PicklebotExecutionV1. Step: 1923072. Time Elapsed: 752.726 s. Mean Reward: 1.119. Std of Reward: 1.075. Training.
[INFO] PicklebotExecutionV1. Step: 1925120. Time Elapsed: 754.072 s. Mean Reward: 0.882. Std of Reward: 1.174. Training.
[INFO] PicklebotExecutionV1. Step: 1927168. Time Elapsed: 755.778 s. Mean Reward: 1.099. Std of Reward: 1.223. Training.
[INFO] PicklebotExecutionV1. Step: 1929216. Time Elapsed: 757.955 s. Mean Reward: 1.091. Std of Reward: 1.137. Training.
[INFO] PicklebotExecutionV1. Step: 1931264. Time Elapsed: 759.480 s. Mean Reward: 1.218. Std of Reward: 1.199. Training.
[INFO] PicklebotExecutionV1. Step: 1933312. Time Elapsed: 760.932 s. Mean Reward: 1.023. Std of Reward: 1.214. Training.
[INFO] PicklebotExecutionV1. Step: 1935360. Time Elapsed: 762.428 s. Mean Reward: 1.430. Std of Reward: 1.043. Training.
[INFO] PicklebotExecutionV1. Step: 1937408. Time Elapsed: 764.917 s. Mean Reward: 1.282. Std of Reward: 1.017. Training.
[INFO] PicklebotExecutionV1. Step: 1939456. Time Elapsed: 766.290 s. Mean Reward: 1.161. Std of Reward: 1.226. Training.
[INFO] PicklebotExecutionV1. Step: 1941504. Time Elapsed: 767.909 s. Mean Reward: 0.990. Std of Reward: 0.938. Training.
[INFO] PicklebotExecutionV1. Step: 1943552. Time Elapsed: 769.119 s. Mean Reward: 1.198. Std of Reward: 1.041. Training.
[INFO] PicklebotExecutionV1. Step: 1945600. Time Elapsed: 771.809 s. Mean Reward: 0.932. Std of Reward: 1.057. Training.
[INFO] PicklebotExecutionV1. Step: 1947648. Time Elapsed: 773.114 s. Mean Reward: 0.877. Std of Reward: 1.050. Training.
[INFO] PicklebotExecutionV1. Step: 1949696. Time Elapsed: 774.896 s. Mean Reward: 0.951. Std of Reward: 1.073. Training.
[INFO] PicklebotExecutionV1. Step: 1951744. Time Elapsed: 776.222 s. Mean Reward: 1.150. Std of Reward: 1.004. Training.
[INFO] PicklebotExecutionV1. Step: 1953792. Time Elapsed: 778.664 s. Mean Reward: 0.982. Std of Reward: 1.263. Training.
[INFO] PicklebotExecutionV1. Step: 1955840. Time Elapsed: 780.120 s. Mean Reward: 1.206. Std of Reward: 1.041. Training.
[INFO] PicklebotExecutionV1. Step: 1957888. Time Elapsed: 781.662 s. Mean Reward: 1.008. Std of Reward: 1.262. Training.
[INFO] PicklebotExecutionV1. Step: 1959936. Time Elapsed: 783.162 s. Mean Reward: 1.309. Std of Reward: 1.064. Training.
[INFO] PicklebotExecutionV1. Step: 1961984. Time Elapsed: 785.263 s. Mean Reward: 1.217. Std of Reward: 1.115. Training.
[INFO] PicklebotExecutionV1. Step: 1964032. Time Elapsed: 787.082 s. Mean Reward: 1.035. Std of Reward: 1.307. Training.
[INFO] PicklebotExecutionV1. Step: 1966080. Time Elapsed: 788.350 s. Mean Reward: 1.147. Std of Reward: 1.094. Training.
[INFO] PicklebotExecutionV1. Step: 1968128. Time Elapsed: 789.972 s. Mean Reward: 1.283. Std of Reward: 1.216. Training.
[INFO] PicklebotExecutionV1. Step: 1970176. Time Elapsed: 792.295 s. Mean Reward: 1.241. Std of Reward: 1.027. Training.
[INFO] PicklebotExecutionV1. Step: 1972224. Time Elapsed: 793.865 s. Mean Reward: 1.367. Std of Reward: 1.140. Training.
[INFO] PicklebotExecutionV1. Step: 1974272. Time Elapsed: 795.286 s. Mean Reward: 1.254. Std of Reward: 1.121. Training.
[INFO] PicklebotExecutionV1. Step: 1976320. Time Elapsed: 796.615 s. Mean Reward: 1.165. Std of Reward: 1.080. Training.
[INFO] PicklebotExecutionV1. Step: 1978368. Time Elapsed: 799.099 s. Mean Reward: 1.096. Std of Reward: 1.129. Training.
[INFO] PicklebotExecutionV1. Step: 1980416. Time Elapsed: 800.475 s. Mean Reward: 0.934. Std of Reward: 1.061. Training.
[INFO] PicklebotExecutionV1. Step: 1982464. Time Elapsed: 801.997 s. Mean Reward: 0.871. Std of Reward: 0.941. Training.
[INFO] PicklebotExecutionV1. Step: 1984512. Time Elapsed: 803.499 s. Mean Reward: 1.183. Std of Reward: 0.877. Training.
[INFO] PicklebotExecutionV1. Step: 1986560. Time Elapsed: 806.061 s. Mean Reward: 0.911. Std of Reward: 1.208. Training.
[INFO] PicklebotExecutionV1. Step: 1988608. Time Elapsed: 807.387 s. Mean Reward: 0.949. Std of Reward: 1.260. Training.
[INFO] PicklebotExecutionV1. Step: 1990656. Time Elapsed: 808.957 s. Mean Reward: 1.029. Std of Reward: 1.207. Training.
[INFO] PicklebotExecutionV1. Step: 1992704. Time Elapsed: 810.350 s. Mean Reward: 1.257. Std of Reward: 1.011. Training.
[INFO] PicklebotExecutionV1. Step: 1994752. Time Elapsed: 812.572 s. Mean Reward: 1.025. Std of Reward: 1.117. Training.
[INFO] PicklebotExecutionV1. Step: 1996800. Time Elapsed: 814.178 s. Mean Reward: 0.990. Std of Reward: 1.252. Training.
[INFO] PicklebotExecutionV1. Step: 1998848. Time Elapsed: 815.668 s. Mean Reward: 1.199. Std of Reward: 1.140. Training.
[INFO] PicklebotExecutionV1. Step: 2000896. Time Elapsed: 817.073 s. Mean Reward: 1.328. Std of Reward: 1.265. Training.
[INFO] PicklebotExecutionV1. Step: 2002944. Time Elapsed: 819.555 s. Mean Reward: 1.407. Std of Reward: 1.105. Training.
[INFO] PicklebotExecutionV1. Step: 2004992. Time Elapsed: 820.923 s. Mean Reward: 1.212. Std of Reward: 1.147. Training.
[INFO] PicklebotExecutionV1. Step: 2007040. Time Elapsed: 822.457 s. Mean Reward: 1.228. Std of Reward: 1.172. Training.
[INFO] PicklebotExecutionV1. Step: 2009088. Time Elapsed: 823.835 s. Mean Reward: 0.959. Std of Reward: 1.260. Training.
[INFO] PicklebotExecutionV1. Step: 2011136. Time Elapsed: 826.359 s. Mean Reward: 0.999. Std of Reward: 1.111. Training.
[INFO] PicklebotExecutionV1. Step: 2013184. Time Elapsed: 827.737 s. Mean Reward: 1.160. Std of Reward: 0.912. Training.
[INFO] PicklebotExecutionV1. Step: 2015232. Time Elapsed: 829.219 s. Mean Reward: 0.828. Std of Reward: 0.986. Training.
[INFO] PicklebotExecutionV1. Step: 2017280. Time Elapsed: 830.878 s. Mean Reward: 0.876. Std of Reward: 0.966. Training.
[INFO] PicklebotExecutionV1. Step: 2019328. Time Elapsed: 833.186 s. Mean Reward: 1.175. Std of Reward: 0.858. Training.
[INFO] PicklebotExecutionV1. Step: 2021376. Time Elapsed: 834.880 s. Mean Reward: 0.945. Std of Reward: 1.110. Training.
[INFO] PicklebotExecutionV1. Step: 2023424. Time Elapsed: 836.155 s. Mean Reward: 1.010. Std of Reward: 1.112. Training.
[INFO] PicklebotExecutionV1. Step: 2025472. Time Elapsed: 837.837 s. Mean Reward: 1.022. Std of Reward: 1.368. Training.
[INFO] PicklebotExecutionV1. Step: 2027520. Time Elapsed: 840.201 s. Mean Reward: 1.107. Std of Reward: 1.196. Training.
[INFO] PicklebotExecutionV1. Step: 2029568. Time Elapsed: 841.605 s. Mean Reward: 1.263. Std of Reward: 0.859. Training.
[INFO] PicklebotExecutionV1. Step: 2031616. Time Elapsed: 843.020 s. Mean Reward: 1.071. Std of Reward: 1.151. Training.
[INFO] PicklebotExecutionV1. Step: 2033664. Time Elapsed: 844.433 s. Mean Reward: 1.247. Std of Reward: 1.336. Training.
[INFO] PicklebotExecutionV1. Step: 2035712. Time Elapsed: 846.978 s. Mean Reward: 1.192. Std of Reward: 1.107. Training.
[INFO] PicklebotExecutionV1. Step: 2037760. Time Elapsed: 848.382 s. Mean Reward: 1.357. Std of Reward: 1.190. Training.
[INFO] PicklebotExecutionV1. Step: 2039808. Time Elapsed: 849.777 s. Mean Reward: 1.125. Std of Reward: 1.193. Training.
[INFO] PicklebotExecutionV1. Step: 2041856. Time Elapsed: 851.288 s. Mean Reward: 1.281. Std of Reward: 1.014. Training.
[INFO] PicklebotExecutionV1. Step: 2043904. Time Elapsed: 853.787 s. Mean Reward: 1.280. Std of Reward: 0.989. Training.
[INFO] PicklebotExecutionV1. Step: 2045952. Time Elapsed: 855.158 s. Mean Reward: 0.833. Std of Reward: 1.287. Training.
[INFO] PicklebotExecutionV1. Step: 2048000. Time Elapsed: 856.493 s. Mean Reward: 1.094. Std of Reward: 0.956. Training.
[INFO] PicklebotExecutionV1. Step: 2050048. Time Elapsed: 858.140 s. Mean Reward: 0.934. Std of Reward: 0.935. Training.
[INFO] PicklebotExecutionV1. Step: 2052096. Time Elapsed: 860.536 s. Mean Reward: 0.950. Std of Reward: 0.977. Training.
[INFO] PicklebotExecutionV1. Step: 2054144. Time Elapsed: 862.042 s. Mean Reward: 1.035. Std of Reward: 1.223. Training.
[INFO] PicklebotExecutionV1. Step: 2056192. Time Elapsed: 863.321 s. Mean Reward: 0.998. Std of Reward: 1.085. Training.
[INFO] PicklebotExecutionV1. Step: 2058240. Time Elapsed: 864.943 s. Mean Reward: 0.779. Std of Reward: 1.185. Training.
[INFO] PicklebotExecutionV1. Step: 2060288. Time Elapsed: 867.293 s. Mean Reward: 1.217. Std of Reward: 1.175. Training.
[INFO] PicklebotExecutionV1. Step: 2062336. Time Elapsed: 868.752 s. Mean Reward: 1.042. Std of Reward: 1.235. Training.
[INFO] PicklebotExecutionV1. Step: 2064384. Time Elapsed: 870.226 s. Mean Reward: 1.260. Std of Reward: 1.083. Training.
[INFO] PicklebotExecutionV1. Step: 2066432. Time Elapsed: 871.590 s. Mean Reward: 1.090. Std of Reward: 1.359. Training.
[INFO] PicklebotExecutionV1. Step: 2068480. Time Elapsed: 874.180 s. Mean Reward: 1.433. Std of Reward: 1.344. Training.
[INFO] PicklebotExecutionV1. Step: 2070528. Time Elapsed: 875.471 s. Mean Reward: 1.197. Std of Reward: 1.220. Training.
[INFO] PicklebotExecutionV1. Step: 2072576. Time Elapsed: 877.026 s. Mean Reward: 1.355. Std of Reward: 1.124. Training.
[INFO] PicklebotExecutionV1. Step: 2074624. Time Elapsed: 878.411 s. Mean Reward: 1.310. Std of Reward: 1.072. Training.
[INFO] PicklebotExecutionV1. Step: 2076672. Time Elapsed: 880.881 s. Mean Reward: 1.096. Std of Reward: 0.974. Training.
[INFO] PicklebotExecutionV1. Step: 2078720. Time Elapsed: 882.198 s. Mean Reward: 1.177. Std of Reward: 1.166. Training.
[INFO] PicklebotExecutionV1. Step: 2080768. Time Elapsed: 883.770 s. Mean Reward: 0.995. Std of Reward: 1.161. Training.
[INFO] PicklebotExecutionV1. Step: 2082816. Time Elapsed: 885.168 s. Mean Reward: 1.091. Std of Reward: 0.846. Training.
[INFO] PicklebotExecutionV1. Step: 2084864. Time Elapsed: 887.656 s. Mean Reward: 0.862. Std of Reward: 1.004. Training.
[INFO] PicklebotExecutionV1. Step: 2086912. Time Elapsed: 889.213 s. Mean Reward: 1.038. Std of Reward: 0.877. Training.
[INFO] PicklebotExecutionV1. Step: 2088960. Time Elapsed: 890.596 s. Mean Reward: 1.076. Std of Reward: 1.114. Training.
[INFO] PicklebotExecutionV1. Step: 2091008. Time Elapsed: 892.221 s. Mean Reward: 1.099. Std of Reward: 1.191. Training.
[INFO] PicklebotExecutionV1. Step: 2093056. Time Elapsed: 894.616 s. Mean Reward: 0.894. Std of Reward: 1.217. Training.
[INFO] PicklebotExecutionV1. Step: 2095104. Time Elapsed: 896.232 s. Mean Reward: 0.900. Std of Reward: 1.204. Training.
[INFO] PicklebotExecutionV1. Step: 2097152. Time Elapsed: 897.622 s. Mean Reward: 1.176. Std of Reward: 1.080. Training.
[INFO] Exported F:\dev\picklebot\artifacts\mlagents\execution-precontact-alignment-01\PicklebotExecutionV1\PicklebotExecutionV1-2097150.onnx
[INFO] Exported F:\dev\picklebot\artifacts\mlagents\execution-precontact-alignment-01\PicklebotExecutionV1\PicklebotExecutionV1-2097186.onnx
[INFO] Copied F:\dev\picklebot\artifacts\mlagents\execution-precontact-alignment-01\PicklebotExecutionV1\PicklebotExecutionV1-2097186.onnx to F:\dev\picklebot\artifacts\mlagents\execution-precontact-alignment-01\PicklebotExecutionV1.onnx.
